Command line invocation:
    /Applications/Xcode.app/Contents/Developer/usr/bin/xcodebuild test -project ChordLab.xcodeproj -scheme ChordLab -destination "platform=iOS Simulator,id=5873E7F2-A4C2-4F45-B64C-DB21221764E7" "-only-testing:ChordLabTests" -resultBundlePath test_results.xcresult

User defaults from command line:
    IDEBuildOperationResultBundlePath = /Users/stevenrichter/Documents/repos/ChordLab/test_results.xcresult
    IDEPackageSupportUseBuiltinSCM = YES

Resolve Package Graph


Resolved source packages:
  Tonic: https://github.com/AudioKit/Tonic @ 2.1.0

Writing result bundle at path:
	/Users/stevenrichter/Documents/repos/ChordLab/test_results.xcresult

--- xcodebuild: WARNING: Using the first of multiple matching destinations:
{ platform:iOS Simulator, id:5873E7F2-A4C2-4F45-B64C-DB21221764E7, OS:17.4, name:iPhone 15 }
{ platform:iOS Simulator, id:5873E7F2-A4C2-4F45-B64C-DB21221764E7, OS:17.4, name:iPhone 15 }
Prepare packages

ComputeTargetDependencyGraph
note: Building targets in dependency order
note: Target dependency graph (6 targets)
    Target 'ChordLabUITests' in project 'ChordLab'
        ➜ Explicit dependency on target 'ChordLab' in project 'ChordLab'
    Target 'ChordLabTests' in project 'ChordLab'
        ➜ Explicit dependency on target 'ChordLab' in project 'ChordLab'
    Target 'ChordLab' in project 'ChordLab'
        ➜ Explicit dependency on target 'Tonic' in project 'Tonic'
    Target 'Tonic' in project 'Tonic'
        ➜ Explicit dependency on target 'Tonic' in project 'Tonic'
        ➜ Explicit dependency on target 'Tonic_Tonic' in project 'Tonic'
    Target 'Tonic' in project 'Tonic'
        ➜ Explicit dependency on target 'Tonic_Tonic' in project 'Tonic'
    Target 'Tonic_Tonic' in project 'Tonic' (no dependencies)

GatherProvisioningInputs

CreateBuildDescription

ExecuteExternalTool /Applications/Xcode.app/Contents/Developer/Toolchains/XcodeDefault.xctoolchain/usr/bin/swiftc --version

ExecuteExternalTool /Applications/Xcode.app/Contents/Developer/usr/bin/actool --print-asset-tag-combinations --output-format xml1 /Users/stevenrichter/Documents/repos/ChordLab/ChordLab/Preview Content/Preview Assets.xcassets /Users/stevenrichter/Documents/repos/ChordLab/ChordLab/Assets.xcassets

ExecuteExternalTool /Applications/Xcode.app/Contents/Developer/Toolchains/XcodeDefault.xctoolchain/usr/bin/clang -v -E -dM -isysroot /Applications/Xcode.app/Contents/Developer/Platforms/iPhoneSimulator.platform/Developer/SDKs/iPhoneSimulator18.2.sdk -x c -c /dev/null

ExecuteExternalTool /Applications/Xcode.app/Contents/Developer/usr/bin/actool --version --output-format xml1

ExecuteExternalTool /Applications/Xcode.app/Contents/Developer/Toolchains/XcodeDefault.xctoolchain/usr/bin/ld -version_details

Build description signature: 89de2267cbcd47838744b14a056ded90
Build description path: /Users/stevenrichter/Library/Developer/Xcode/DerivedData/ChordLab-bxqicilqszggkqebhxvoucpemkpk/Build/Intermediates.noindex/XCBuildData/89de2267cbcd47838744b14a056ded90.xcbuilddata
ClangStatCache /Applications/Xcode.app/Contents/Developer/Toolchains/XcodeDefault.xctoolchain/usr/bin/clang-stat-cache /Applications/Xcode.app/Contents/Developer/Platforms/iPhoneSimulator.platform/Developer/SDKs/iPhoneSimulator18.2.sdk /Users/stevenrichter/Library/Developer/Xcode/DerivedData/SDKStatCaches.noindex/iphonesimulator18.2-22C146-07b28473f605e47e75261259d3ef3b5a.sdkstatcache
    cd /Users/stevenrichter/Documents/repos/ChordLab/ChordLab.xcodeproj
    /Applications/Xcode.app/Contents/Developer/Toolchains/XcodeDefault.xctoolchain/usr/bin/clang-stat-cache /Applications/Xcode.app/Contents/Developer/Platforms/iPhoneSimulator.platform/Developer/SDKs/iPhoneSimulator18.2.sdk -o /Users/stevenrichter/Library/Developer/Xcode/DerivedData/SDKStatCaches.noindex/iphonesimulator18.2-22C146-07b28473f605e47e75261259d3ef3b5a.sdkstatcache

ProcessInfoPlistFile /Users/stevenrichter/Library/Developer/Xcode/DerivedData/ChordLab-bxqicilqszggkqebhxvoucpemkpk/Build/Products/Debug-iphonesimulator/Tonic_Tonic.bundle/Info.plist /Users/stevenrichter/Library/Developer/Xcode/DerivedData/ChordLab-bxqicilqszggkqebhxvoucpemkpk/Build/Intermediates.noindex/Tonic.build/Debug-iphonesimulator/Tonic_Tonic.build/empty-Tonic_Tonic.plist (in target 'Tonic_Tonic' from project 'Tonic')
    cd /Users/stevenrichter/Library/Developer/Xcode/DerivedData/ChordLab-bxqicilqszggkqebhxvoucpemkpk/SourcePackages/checkouts/Tonic
    builtin-infoPlistUtility /Users/stevenrichter/Library/Developer/Xcode/DerivedData/ChordLab-bxqicilqszggkqebhxvoucpemkpk/Build/Intermediates.noindex/Tonic.build/Debug-iphonesimulator/Tonic_Tonic.build/empty-Tonic_Tonic.plist -producttype com.apple.product-type.bundle -expandbuildsettings -format binary -platform iphonesimulator -o /Users/stevenrichter/Library/Developer/Xcode/DerivedData/ChordLab-bxqicilqszggkqebhxvoucpemkpk/Build/Products/Debug-iphonesimulator/Tonic_Tonic.bundle/Info.plist

SwiftDriver ChordLab normal arm64 com.apple.xcode.tools.swift.compiler (in target 'ChordLab' from project 'ChordLab')
    cd /Users/stevenrichter/Documents/repos/ChordLab
    builtin-SwiftDriver -- /Applications/Xcode.app/Contents/Developer/Toolchains/XcodeDefault.xctoolchain/usr/bin/swiftc -module-name ChordLab -Onone -enforce-exclusivity\=checked @/Users/stevenrichter/Library/Developer/Xcode/DerivedData/ChordLab-bxqicilqszggkqebhxvoucpemkpk/Build/Intermediates.noindex/ChordLab.build/Debug-iphonesimulator/ChordLab.build/Objects-normal/arm64/ChordLab.SwiftFileList -DDEBUG -enable-bare-slash-regex -enable-experimental-feature DebugDescriptionMacro -sdk /Applications/Xcode.app/Contents/Developer/Platforms/iPhoneSimulator.platform/Developer/SDKs/iPhoneSimulator18.2.sdk -target arm64-apple-ios17.4-simulator -g -module-cache-path /Users/stevenrichter/Library/Developer/Xcode/DerivedData/ModuleCache.noindex -Xfrontend -serialize-debugging-options -profile-coverage-mapping -profile-generate -enable-testing -index-store-path /Users/stevenrichter/Library/Developer/Xcode/DerivedData/ChordLab-bxqicilqszggkqebhxvoucpemkpk/Index.noindex/DataStore -enable-experimental-feature OpaqueTypeErasure -Xcc -D_LIBCPP_HARDENING_MODE\=_LIBCPP_HARDENING_MODE_DEBUG -swift-version 5 -I /Users/stevenrichter/Library/Developer/Xcode/DerivedData/ChordLab-bxqicilqszggkqebhxvoucpemkpk/Build/Products/Debug-iphonesimulator -F /Users/stevenrichter/Library/Developer/Xcode/DerivedData/ChordLab-bxqicilqszggkqebhxvoucpemkpk/Build/Products/Debug-iphonesimulator/PackageFrameworks -F /Users/stevenrichter/Library/Developer/Xcode/DerivedData/ChordLab-bxqicilqszggkqebhxvoucpemkpk/Build/Products/Debug-iphonesimulator -emit-localized-strings -emit-localized-strings-path /Users/stevenrichter/Library/Developer/Xcode/DerivedData/ChordLab-bxqicilqszggkqebhxvoucpemkpk/Build/Intermediates.noindex/ChordLab.build/Debug-iphonesimulator/ChordLab.build/Objects-normal/arm64 -c -j8 -enable-batch-mode -incremental -Xcc -ivfsstatcache -Xcc /Users/stevenrichter/Library/Developer/Xcode/DerivedData/SDKStatCaches.noindex/iphonesimulator18.2-22C146-07b28473f605e47e75261259d3ef3b5a.sdkstatcache -output-file-map /Users/stevenrichter/Library/Developer/Xcode/DerivedData/ChordLab-bxqicilqszggkqebhxvoucpemkpk/Build/Intermediates.noindex/ChordLab.build/Debug-iphonesimulator/ChordLab.build/Objects-normal/arm64/ChordLab-OutputFileMap.json -use-frontend-parseable-output -save-temps -no-color-diagnostics -serialize-diagnostics -emit-dependencies -emit-module -emit-module-path /Users/stevenrichter/Library/Developer/Xcode/DerivedData/ChordLab-bxqicilqszggkqebhxvoucpemkpk/Build/Intermediates.noindex/ChordLab.build/Debug-iphonesimulator/ChordLab.build/Objects-normal/arm64/ChordLab.swiftmodule -validate-clang-modules-once -clang-build-session-file /Users/stevenrichter/Library/Developer/Xcode/DerivedData/ModuleCache.noindex/Session.modulevalidation -Xcc -I/Users/stevenrichter/Library/Developer/Xcode/DerivedData/ChordLab-bxqicilqszggkqebhxvoucpemkpk/Build/Intermediates.noindex/ChordLab.build/Debug-iphonesimulator/ChordLab.build/swift-overrides.hmap -emit-const-values -Xfrontend -const-gather-protocols-file -Xfrontend /Users/stevenrichter/Library/Developer/Xcode/DerivedData/ChordLab-bxqicilqszggkqebhxvoucpemkpk/Build/Intermediates.noindex/ChordLab.build/Debug-iphonesimulator/ChordLab.build/Objects-normal/arm64/ChordLab_const_extract_protocols.json -Xcc -iquote -Xcc /Users/stevenrichter/Library/Developer/Xcode/DerivedData/ChordLab-bxqicilqszggkqebhxvoucpemkpk/Build/Intermediates.noindex/ChordLab.build/Debug-iphonesimulator/ChordLab.build/ChordLab-generated-files.hmap -Xcc -I/Users/stevenrichter/Library/Developer/Xcode/DerivedData/ChordLab-bxqicilqszggkqebhxvoucpemkpk/Build/Intermediates.noindex/ChordLab.build/Debug-iphonesimulator/ChordLab.build/ChordLab-own-target-headers.hmap -Xcc -I/Users/stevenrichter/Library/Developer/Xcode/DerivedData/ChordLab-bxqicilqszggkqebhxvoucpemkpk/Build/Intermediates.noindex/ChordLab.build/Debug-iphonesimulator/ChordLab.build/ChordLab-all-non-framework-target-headers.hmap -Xcc -ivfsoverlay -Xcc /Users/stevenrichter/Library/Developer/Xcode/DerivedData/ChordLab-bxqicilqszggkqebhxvoucpemkpk/Build/Intermediates.noindex/ChordLab.build/Debug-iphonesimulator/ChordLab-cfb814553d2595e15c77a0954298487f-VFS-iphonesimulator/all-product-headers.yaml -Xcc -iquote -Xcc /Users/stevenrichter/Library/Developer/Xcode/DerivedData/ChordLab-bxqicilqszggkqebhxvoucpemkpk/Build/Intermediates.noindex/ChordLab.build/Debug-iphonesimulator/ChordLab.build/ChordLab-project-headers.hmap -Xcc -I/Users/stevenrichter/Library/Developer/Xcode/DerivedData/ChordLab-bxqicilqszggkqebhxvoucpemkpk/Build/Products/Debug-iphonesimulator/include -Xcc -I/Users/stevenrichter/Library/Developer/Xcode/DerivedData/ChordLab-bxqicilqszggkqebhxvoucpemkpk/Build/Intermediates.noindex/ChordLab.build/Debug-iphonesimulator/ChordLab.build/DerivedSources-normal/arm64 -Xcc -I/Users/stevenrichter/Library/Developer/Xcode/DerivedData/ChordLab-bxqicilqszggkqebhxvoucpemkpk/Build/Intermediates.noindex/ChordLab.build/Debug-iphonesimulator/ChordLab.build/DerivedSources/arm64 -Xcc -I/Users/stevenrichter/Library/Developer/Xcode/DerivedData/ChordLab-bxqicilqszggkqebhxvoucpemkpk/Build/Intermediates.noindex/ChordLab.build/Debug-iphonesimulator/ChordLab.build/DerivedSources -Xcc -DDEBUG\=1 -emit-objc-header -emit-objc-header-path /Users/stevenrichter/Library/Developer/Xcode/DerivedData/ChordLab-bxqicilqszggkqebhxvoucpemkpk/Build/Intermediates.noindex/ChordLab.build/Debug-iphonesimulator/ChordLab.build/Objects-normal/arm64/ChordLab-Swift.h -working-directory /Users/stevenrichter/Documents/repos/ChordLab -experimental-emit-module-separately -disable-cmo

ProcessInfoPlistFile /Users/stevenrichter/Library/Developer/Xcode/DerivedData/ChordLab-bxqicilqszggkqebhxvoucpemkpk/Build/Products/Debug-iphonesimulator/ChordLab.app/Info.plist /Users/stevenrichter/Library/Developer/Xcode/DerivedData/ChordLab-bxqicilqszggkqebhxvoucpemkpk/Build/Intermediates.noindex/ChordLab.build/Debug-iphonesimulator/ChordLab.build/empty-ChordLab.plist (in target 'ChordLab' from project 'ChordLab')
    cd /Users/stevenrichter/Documents/repos/ChordLab
    builtin-infoPlistUtility /Users/stevenrichter/Library/Developer/Xcode/DerivedData/ChordLab-bxqicilqszggkqebhxvoucpemkpk/Build/Intermediates.noindex/ChordLab.build/Debug-iphonesimulator/ChordLab.build/empty-ChordLab.plist -producttype com.apple.product-type.application -genpkginfo /Users/stevenrichter/Library/Developer/Xcode/DerivedData/ChordLab-bxqicilqszggkqebhxvoucpemkpk/Build/Products/Debug-iphonesimulator/ChordLab.app/PkgInfo -expandbuildsettings -format binary -platform iphonesimulator -additionalcontentfile /Users/stevenrichter/Library/Developer/Xcode/DerivedData/ChordLab-bxqicilqszggkqebhxvoucpemkpk/Build/Intermediates.noindex/ChordLab.build/Debug-iphonesimulator/ChordLab.build/assetcatalog_generated_info.plist -scanforprivacyfile /Users/stevenrichter/Library/Developer/Xcode/DerivedData/ChordLab-bxqicilqszggkqebhxvoucpemkpk/Build/Products/Debug-iphonesimulator/ChordLab.app/Tonic_Tonic.bundle -o /Users/stevenrichter/Library/Developer/Xcode/DerivedData/ChordLab-bxqicilqszggkqebhxvoucpemkpk/Build/Products/Debug-iphonesimulator/ChordLab.app/Info.plist

SwiftCompile normal arm64 Compiling\ AudioEngine.swift /Users/stevenrichter/Documents/repos/ChordLab/ChordLab/Core/Services/AudioEngine.swift (in target 'ChordLab' from project 'ChordLab')
    cd /Users/stevenrichter/Documents/repos/ChordLab
    builtin-swiftTaskExecution -- /Applications/Xcode.app/Contents/Developer/Toolchains/XcodeDefault.xctoolchain/usr/bin/swift-frontend -frontend -c /Users/stevenrichter/Documents/repos/ChordLab/ChordLab/Core/Extensions/Color+Theme.swift /Users/stevenrichter/Documents/repos/ChordLab/ChordLab/Core/Extensions/Tonic+Extensions.swift /Users/stevenrichter/Documents/repos/ChordLab/ChordLab/Core/Extensions/View+Modifiers.swift /Users/stevenrichter/Documents/repos/ChordLab/ChordLab/Core/Models/Persistence/Achievement.swift /Users/stevenrichter/Documents/repos/ChordLab/ChordLab/Core/Models/Persistence/ChordHistory.swift /Users/stevenrichter/Documents/repos/ChordLab/ChordLab/Core/Models/Persistence/PracticeSession.swift /Users/stevenrichter/Documents/repos/ChordLab/ChordLab/Core/Models/Persistence/SavedProgression.swift /Users/stevenrichter/Documents/repos/ChordLab/ChordLab/Core/Models/Persistence/UserData.swift /Users/stevenrichter/Documents/repos/ChordLab/ChordLab/Core/Models/Theory/ChordAnalysis.swift /Users/stevenrichter/Documents/repos/ChordLab/ChordLab/Core/Models/Theory/ChordFunction.swift /Users/stevenrichter/Documents/repos/ChordLab/ChordLab/Core/Models/Theory/ProgressionAnalysis.swift /Users/stevenrichter/Documents/repos/ChordLab/ChordLab/Core/Models/Theory/VoiceLeading.swift -primary-file /Users/stevenrichter/Documents/repos/ChordLab/ChordLab/Core/Services/AudioEngine.swift /Users/stevenrichter/Documents/repos/ChordLab/ChordLab/Core/Services/DataManager.swift /Users/stevenrichter/Documents/repos/ChordLab/ChordLab/Core/Services/TheoryEngine.swift /Users/stevenrichter/Documents/repos/ChordLab/ChordLab/ChordLabApp.swift /Users/stevenrichter/Documents/repos/ChordLab/ChordLab/ContentView.swift /Users/stevenrichter/Library/Developer/Xcode/DerivedData/ChordLab-bxqicilqszggkqebhxvoucpemkpk/Build/Intermediates.noindex/ChordLab.build/Debug-iphonesimulator/ChordLab.build/DerivedSources/GeneratedAssetSymbols.swift -emit-dependencies-path /Users/stevenrichter/Library/Developer/Xcode/DerivedData/ChordLab-bxqicilqszggkqebhxvoucpemkpk/Build/Intermediates.noindex/ChordLab.build/Debug-iphonesimulator/ChordLab.build/Objects-normal/arm64/AudioEngine.d -emit-const-values-path /Users/stevenrichter/Library/Developer/Xcode/DerivedData/ChordLab-bxqicilqszggkqebhxvoucpemkpk/Build/Intermediates.noindex/ChordLab.build/Debug-iphonesimulator/ChordLab.build/Objects-normal/arm64/AudioEngine.swiftconstvalues -emit-reference-dependencies-path /Users/stevenrichter/Library/Developer/Xcode/DerivedData/ChordLab-bxqicilqszggkqebhxvoucpemkpk/Build/Intermediates.noindex/ChordLab.build/Debug-iphonesimulator/ChordLab.build/Objects-normal/arm64/AudioEngine.swiftdeps -serialize-diagnostics-path /Users/stevenrichter/Library/Developer/Xcode/DerivedData/ChordLab-bxqicilqszggkqebhxvoucpemkpk/Build/Intermediates.noindex/ChordLab.build/Debug-iphonesimulator/ChordLab.build/Objects-normal/arm64/AudioEngine.dia -emit-localized-strings -emit-localized-strings-path /Users/stevenrichter/Library/Developer/Xcode/DerivedData/ChordLab-bxqicilqszggkqebhxvoucpemkpk/Build/Intermediates.noindex/ChordLab.build/Debug-iphonesimulator/ChordLab.build/Objects-normal/arm64 -target arm64-apple-ios17.4-simulator -Xllvm -aarch64-use-tbi -enable-objc-interop -sdk /Applications/Xcode.app/Contents/Developer/Platforms/iPhoneSimulator.platform/Developer/SDKs/iPhoneSimulator18.2.sdk -I /Users/stevenrichter/Library/Developer/Xcode/DerivedData/ChordLab-bxqicilqszggkqebhxvoucpemkpk/Build/Products/Debug-iphonesimulator -F /Users/stevenrichter/Library/Developer/Xcode/DerivedData/ChordLab-bxqicilqszggkqebhxvoucpemkpk/Build/Products/Debug-iphonesimulator/PackageFrameworks -F /Users/stevenrichter/Library/Developer/Xcode/DerivedData/ChordLab-bxqicilqszggkqebhxvoucpemkpk/Build/Products/Debug-iphonesimulator -no-color-diagnostics -enable-testing -g -debug-info-format\=dwarf -dwarf-version\=4 -module-cache-path /Users/stevenrichter/Library/Developer/Xcode/DerivedData/ModuleCache.noindex -profile-generate -profile-coverage-mapping -swift-version 5 -enforce-exclusivity\=checked -Onone -D DEBUG -serialize-debugging-options -const-gather-protocols-file /Users/stevenrichter/Library/Developer/Xcode/DerivedData/ChordLab-bxqicilqszggkqebhxvoucpemkpk/Build/Intermediates.noindex/ChordLab.build/Debug-iphonesimulator/ChordLab.build/Objects-normal/arm64/ChordLab_const_extract_protocols.json -enable-experimental-feature DebugDescriptionMacro -enable-experimental-feature OpaqueTypeErasure -enable-bare-slash-regex -empty-abi-descriptor -validate-clang-modules-once -clang-build-session-file /Users/stevenrichter/Library/Developer/Xcode/DerivedData/ModuleCache.noindex/Session.modulevalidation -Xcc -working-directory -Xcc /Users/stevenrichter/Documents/repos/ChordLab -resource-dir /Applications/Xcode.app/Contents/Developer/Toolchains/XcodeDefault.xctoolchain/usr/lib/swift -enable-anonymous-context-mangled-names -file-compilation-dir /Users/stevenrichter/Documents/repos/ChordLab -Xcc -D_LIBCPP_HARDENING_MODE\=_LIBCPP_HARDENING_MODE_DEBUG -Xcc -ivfsstatcache -Xcc /Users/stevenrichter/Library/Developer/Xcode/DerivedData/SDKStatCaches.noindex/iphonesimulator18.2-22C146-07b28473f605e47e75261259d3ef3b5a.sdkstatcache -Xcc -I/Users/stevenrichter/Library/Developer/Xcode/DerivedData/ChordLab-bxqicilqszggkqebhxvoucpemkpk/Build/Intermediates.noindex/ChordLab.build/Debug-iphonesimulator/ChordLab.build/swift-overrides.hmap -Xcc -iquote -Xcc /Users/stevenrichter/Library/Developer/Xcode/DerivedData/ChordLab-bxqicilqszggkqebhxvoucpemkpk/Build/Intermediates.noindex/ChordLab.build/Debug-iphonesimulator/ChordLab.build/ChordLab-generated-files.hmap -Xcc -I/Users/stevenrichter/Library/Developer/Xcode/DerivedData/ChordLab-bxqicilqszggkqebhxvoucpemkpk/Build/Intermediates.noindex/ChordLab.build/Debug-iphonesimulator/ChordLab.build/ChordLab-own-target-headers.hmap -Xcc -I/Users/stevenrichter/Library/Developer/Xcode/DerivedData/ChordLab-bxqicilqszggkqebhxvoucpemkpk/Build/Intermediates.noindex/ChordLab.build/Debug-iphonesimulator/ChordLab.build/ChordLab-all-non-framework-target-headers.hmap -Xcc -ivfsoverlay -Xcc /Users/stevenrichter/Library/Developer/Xcode/DerivedData/ChordLab-bxqicilqszggkqebhxvoucpemkpk/Build/Intermediates.noindex/ChordLab.build/Debug-iphonesimulator/ChordLab-cfb814553d2595e15c77a0954298487f-VFS-iphonesimulator/all-product-headers.yaml -Xcc -iquote -Xcc /Users/stevenrichter/Library/Developer/Xcode/DerivedData/ChordLab-bxqicilqszggkqebhxvoucpemkpk/Build/Intermediates.noindex/ChordLab.build/Debug-iphonesimulator/ChordLab.build/ChordLab-project-headers.hmap -Xcc -I/Users/stevenrichter/Library/Developer/Xcode/DerivedData/ChordLab-bxqicilqszggkqebhxvoucpemkpk/Build/Products/Debug-iphonesimulator/include -Xcc -I/Users/stevenrichter/Library/Developer/Xcode/DerivedData/ChordLab-bxqicilqszggkqebhxvoucpemkpk/Build/Intermediates.noindex/ChordLab.build/Debug-iphonesimulator/ChordLab.build/DerivedSources-normal/arm64 -Xcc -I/Users/stevenrichter/Library/Developer/Xcode/DerivedData/ChordLab-bxqicilqszggkqebhxvoucpemkpk/Build/Intermediates.noindex/ChordLab.build/Debug-iphonesimulator/ChordLab.build/DerivedSources/arm64 -Xcc -I/Users/stevenrichter/Library/Developer/Xcode/DerivedData/ChordLab-bxqicilqszggkqebhxvoucpemkpk/Build/Intermediates.noindex/ChordLab.build/Debug-iphonesimulator/ChordLab.build/DerivedSources -Xcc -DDEBUG\=1 -module-name ChordLab -frontend-parseable-output -disable-clang-spi -target-sdk-version 18.2 -target-sdk-name iphonesimulator18.2 -external-plugin-path /Applications/Xcode.app/Contents/Developer/Platforms/iPhoneOS.platform/Developer/usr/lib/swift/host/plugins\#/Applications/Xcode.app/Contents/Developer/Platforms/iPhoneOS.platform/Developer/usr/bin/swift-plugin-server -external-plugin-path /Applications/Xcode.app/Contents/Developer/Platforms/iPhoneOS.platform/Developer/usr/local/lib/swift/host/plugins\#/Applications/Xcode.app/Contents/Developer/Platforms/iPhoneOS.platform/Developer/usr/bin/swift-plugin-server -plugin-path /Applications/Xcode.app/Contents/Developer/Toolchains/XcodeDefault.xctoolchain/usr/lib/swift/host/plugins -plugin-path /Applications/Xcode.app/Contents/Developer/Toolchains/XcodeDefault.xctoolchain/usr/local/lib/swift/host/plugins -o /Users/stevenrichter/Library/Developer/Xcode/DerivedData/ChordLab-bxqicilqszggkqebhxvoucpemkpk/Build/Intermediates.noindex/ChordLab.build/Debug-iphonesimulator/ChordLab.build/Objects-normal/arm64/AudioEngine.o -index-unit-output-path /ChordLab.build/Debug-iphonesimulator/ChordLab.build/Objects-normal/arm64/AudioEngine.o -index-store-path /Users/stevenrichter/Library/Developer/Xcode/DerivedData/ChordLab-bxqicilqszggkqebhxvoucpemkpk/Index.noindex/DataStore -index-system-modules

SwiftCompile normal arm64 /Users/stevenrichter/Documents/repos/ChordLab/ChordLab/Core/Services/AudioEngine.swift (in target 'ChordLab' from project 'ChordLab')
    cd /Users/stevenrichter/Documents/repos/ChordLab
    /Applications/Xcode.app/Contents/Developer/Toolchains/XcodeDefault.xctoolchain/usr/bin/swift-frontend -c /Users/stevenrichter/Documents/repos/ChordLab/ChordLab/Core/Extensions/Color+Theme.swift /Users/stevenrichter/Documents/repos/ChordLab/ChordLab/Core/Extensions/Tonic+Extensions.swift /Users/stevenrichter/Documents/repos/ChordLab/ChordLab/Core/Extensions/View+Modifiers.swift /Users/stevenrichter/Documents/repos/ChordLab/ChordLab/Core/Models/Persistence/Achievement.swift /Users/stevenrichter/Documents/repos/ChordLab/ChordLab/Core/Models/Persistence/ChordHistory.swift /Users/stevenrichter/Documents/repos/ChordLab/ChordLab/Core/Models/Persistence/PracticeSession.swift /Users/stevenrichter/Documents/repos/ChordLab/ChordLab/Core/Models/Persistence/SavedProgression.swift /Users/stevenrichter/Documents/repos/ChordLab/ChordLab/Core/Models/Persistence/UserData.swift /Users/stevenrichter/Documents/repos/ChordLab/ChordLab/Core/Models/Theory/ChordAnalysis.swift /Users/stevenrichter/Documents/repos/ChordLab/ChordLab/Core/Models/Theory/ChordFunction.swift /Users/stevenrichter/Documents/repos/ChordLab/ChordLab/Core/Models/Theory/ProgressionAnalysis.swift /Users/stevenrichter/Documents/repos/ChordLab/ChordLab/Core/Models/Theory/VoiceLeading.swift -primary-file /Users/stevenrichter/Documents/repos/ChordLab/ChordLab/Core/Services/AudioEngine.swift /Users/stevenrichter/Documents/repos/ChordLab/ChordLab/Core/Services/DataManager.swift /Users/stevenrichter/Documents/repos/ChordLab/ChordLab/Core/Services/TheoryEngine.swift /Users/stevenrichter/Documents/repos/ChordLab/ChordLab/ChordLabApp.swift /Users/stevenrichter/Documents/repos/ChordLab/ChordLab/ContentView.swift /Users/stevenrichter/Library/Developer/Xcode/DerivedData/ChordLab-bxqicilqszggkqebhxvoucpemkpk/Build/Intermediates.noindex/ChordLab.build/Debug-iphonesimulator/ChordLab.build/DerivedSources/GeneratedAssetSymbols.swift -emit-dependencies-path /Users/stevenrichter/Library/Developer/Xcode/DerivedData/ChordLab-bxqicilqszggkqebhxvoucpemkpk/Build/Intermediates.noindex/ChordLab.build/Debug-iphonesimulator/ChordLab.build/Objects-normal/arm64/AudioEngine.d -emit-const-values-path /Users/stevenrichter/Library/Developer/Xcode/DerivedData/ChordLab-bxqicilqszggkqebhxvoucpemkpk/Build/Intermediates.noindex/ChordLab.build/Debug-iphonesimulator/ChordLab.build/Objects-normal/arm64/AudioEngine.swiftconstvalues -emit-reference-dependencies-path /Users/stevenrichter/Library/Developer/Xcode/DerivedData/ChordLab-bxqicilqszggkqebhxvoucpemkpk/Build/Intermediates.noindex/ChordLab.build/Debug-iphonesimulator/ChordLab.build/Objects-normal/arm64/AudioEngine.swiftdeps -serialize-diagnostics-path /Users/stevenrichter/Library/Developer/Xcode/DerivedData/ChordLab-bxqicilqszggkqebhxvoucpemkpk/Build/Intermediates.noindex/ChordLab.build/Debug-iphonesimulator/ChordLab.build/Objects-normal/arm64/AudioEngine.dia -emit-localized-strings -emit-localized-strings-path /Users/stevenrichter/Library/Developer/Xcode/DerivedData/ChordLab-bxqicilqszggkqebhxvoucpemkpk/Build/Intermediates.noindex/ChordLab.build/Debug-iphonesimulator/ChordLab.build/Objects-normal/arm64 -target arm64-apple-ios17.4-simulator -Xllvm -aarch64-use-tbi -enable-objc-interop -sdk /Applications/Xcode.app/Contents/Developer/Platforms/iPhoneSimulator.platform/Developer/SDKs/iPhoneSimulator18.2.sdk -I /Users/stevenrichter/Library/Developer/Xcode/DerivedData/ChordLab-bxqicilqszggkqebhxvoucpemkpk/Build/Products/Debug-iphonesimulator -F /Users/stevenrichter/Library/Developer/Xcode/DerivedData/ChordLab-bxqicilqszggkqebhxvoucpemkpk/Build/Products/Debug-iphonesimulator/PackageFrameworks -F /Users/stevenrichter/Library/Developer/Xcode/DerivedData/ChordLab-bxqicilqszggkqebhxvoucpemkpk/Build/Products/Debug-iphonesimulator -no-color-diagnostics -enable-testing -g -debug-info-format\=dwarf -dwarf-version\=4 -module-cache-path /Users/stevenrichter/Library/Developer/Xcode/DerivedData/ModuleCache.noindex -profile-generate -profile-coverage-mapping -swift-version 5 -enforce-exclusivity\=checked -Onone -D DEBUG -serialize-debugging-options -const-gather-protocols-file /Users/stevenrichter/Library/Developer/Xcode/DerivedData/ChordLab-bxqicilqszggkqebhxvoucpemkpk/Build/Intermediates.noindex/ChordLab.build/Debug-iphonesimulator/ChordLab.build/Objects-normal/arm64/ChordLab_const_extract_protocols.json -enable-experimental-feature DebugDescriptionMacro -enable-experimental-feature OpaqueTypeErasure -enable-bare-slash-regex -empty-abi-descriptor -validate-clang-modules-once -clang-build-session-file /Users/stevenrichter/Library/Developer/Xcode/DerivedData/ModuleCache.noindex/Session.modulevalidation -Xcc -working-directory -Xcc /Users/stevenrichter/Documents/repos/ChordLab -resource-dir /Applications/Xcode.app/Contents/Developer/Toolchains/XcodeDefault.xctoolchain/usr/lib/swift -enable-anonymous-context-mangled-names -file-compilation-dir /Users/stevenrichter/Documents/repos/ChordLab -Xcc -D_LIBCPP_HARDENING_MODE\=_LIBCPP_HARDENING_MODE_DEBUG -Xcc -ivfsstatcache -Xcc /Users/stevenrichter/Library/Developer/Xcode/DerivedData/SDKStatCaches.noindex/iphonesimulator18.2-22C146-07b28473f605e47e75261259d3ef3b5a.sdkstatcache -Xcc -I/Users/stevenrichter/Library/Developer/Xcode/DerivedData/ChordLab-bxqicilqszggkqebhxvoucpemkpk/Build/Intermediates.noindex/ChordLab.build/Debug-iphonesimulator/ChordLab.build/swift-overrides.hmap -Xcc -iquote -Xcc /Users/stevenrichter/Library/Developer/Xcode/DerivedData/ChordLab-bxqicilqszggkqebhxvoucpemkpk/Build/Intermediates.noindex/ChordLab.build/Debug-iphonesimulator/ChordLab.build/ChordLab-generated-files.hmap -Xcc -I/Users/stevenrichter/Library/Developer/Xcode/DerivedData/ChordLab-bxqicilqszggkqebhxvoucpemkpk/Build/Intermediates.noindex/ChordLab.build/Debug-iphonesimulator/ChordLab.build/ChordLab-own-target-headers.hmap -Xcc -I/Users/stevenrichter/Library/Developer/Xcode/DerivedData/ChordLab-bxqicilqszggkqebhxvoucpemkpk/Build/Intermediates.noindex/ChordLab.build/Debug-iphonesimulator/ChordLab.build/ChordLab-all-non-framework-target-headers.hmap -Xcc -ivfsoverlay -Xcc /Users/stevenrichter/Library/Developer/Xcode/DerivedData/ChordLab-bxqicilqszggkqebhxvoucpemkpk/Build/Intermediates.noindex/ChordLab.build/Debug-iphonesimulator/ChordLab-cfb814553d2595e15c77a0954298487f-VFS-iphonesimulator/all-product-headers.yaml -Xcc -iquote -Xcc /Users/stevenrichter/Library/Developer/Xcode/DerivedData/ChordLab-bxqicilqszggkqebhxvoucpemkpk/Build/Intermediates.noindex/ChordLab.build/Debug-iphonesimulator/ChordLab.build/ChordLab-project-headers.hmap -Xcc -I/Users/stevenrichter/Library/Developer/Xcode/DerivedData/ChordLab-bxqicilqszggkqebhxvoucpemkpk/Build/Products/Debug-iphonesimulator/include -Xcc -I/Users/stevenrichter/Library/Developer/Xcode/DerivedData/ChordLab-bxqicilqszggkqebhxvoucpemkpk/Build/Intermediates.noindex/ChordLab.build/Debug-iphonesimulator/ChordLab.build/DerivedSources-normal/arm64 -Xcc -I/Users/stevenrichter/Library/Developer/Xcode/DerivedData/ChordLab-bxqicilqszggkqebhxvoucpemkpk/Build/Intermediates.noindex/ChordLab.build/Debug-iphonesimulator/ChordLab.build/DerivedSources/arm64 -Xcc -I/Users/stevenrichter/Library/Developer/Xcode/DerivedData/ChordLab-bxqicilqszggkqebhxvoucpemkpk/Build/Intermediates.noindex/ChordLab.build/Debug-iphonesimulator/ChordLab.build/DerivedSources -Xcc -DDEBUG\=1 -module-name ChordLab -frontend-parseable-output -disable-clang-spi -target-sdk-version 18.2 -target-sdk-name iphonesimulator18.2 -external-plugin-path /Applications/Xcode.app/Contents/Developer/Platforms/iPhoneOS.platform/Developer/usr/lib/swift/host/plugins\#/Applications/Xcode.app/Contents/Developer/Platforms/iPhoneOS.platform/Developer/usr/bin/swift-plugin-server -external-plugin-path /Applications/Xcode.app/Contents/Developer/Platforms/iPhoneOS.platform/Developer/usr/local/lib/swift/host/plugins\#/Applications/Xcode.app/Contents/Developer/Platforms/iPhoneOS.platform/Developer/usr/bin/swift-plugin-server -plugin-path /Applications/Xcode.app/Contents/Developer/Toolchains/XcodeDefault.xctoolchain/usr/lib/swift/host/plugins -plugin-path /Applications/Xcode.app/Contents/Developer/Toolchains/XcodeDefault.xctoolchain/usr/local/lib/swift/host/plugins -o /Users/stevenrichter/Library/Developer/Xcode/DerivedData/ChordLab-bxqicilqszggkqebhxvoucpemkpk/Build/Intermediates.noindex/ChordLab.build/Debug-iphonesimulator/ChordLab.build/Objects-normal/arm64/AudioEngine.o -index-unit-output-path /ChordLab.build/Debug-iphonesimulator/ChordLab.build/Objects-normal/arm64/AudioEngine.o -index-store-path /Users/stevenrichter/Library/Developer/Xcode/DerivedData/ChordLab-bxqicilqszggkqebhxvoucpemkpk/Index.noindex/DataStore -index-system-modules

SwiftEmitModule normal arm64 Emitting\ module\ for\ ChordLab (in target 'ChordLab' from project 'ChordLab')
    cd /Users/stevenrichter/Documents/repos/ChordLab
    builtin-swiftTaskExecution -- /Applications/Xcode.app/Contents/Developer/Toolchains/XcodeDefault.xctoolchain/usr/bin/swift-frontend -frontend -emit-module -experimental-skip-non-inlinable-function-bodies-without-types /Users/stevenrichter/Documents/repos/ChordLab/ChordLab/Core/Extensions/Color+Theme.swift /Users/stevenrichter/Documents/repos/ChordLab/ChordLab/Core/Extensions/Tonic+Extensions.swift /Users/stevenrichter/Documents/repos/ChordLab/ChordLab/Core/Extensions/View+Modifiers.swift /Users/stevenrichter/Documents/repos/ChordLab/ChordLab/Core/Models/Persistence/Achievement.swift /Users/stevenrichter/Documents/repos/ChordLab/ChordLab/Core/Models/Persistence/ChordHistory.swift /Users/stevenrichter/Documents/repos/ChordLab/ChordLab/Core/Models/Persistence/PracticeSession.swift /Users/stevenrichter/Documents/repos/ChordLab/ChordLab/Core/Models/Persistence/SavedProgression.swift /Users/stevenrichter/Documents/repos/ChordLab/ChordLab/Core/Models/Persistence/UserData.swift /Users/stevenrichter/Documents/repos/ChordLab/ChordLab/Core/Models/Theory/ChordAnalysis.swift /Users/stevenrichter/Documents/repos/ChordLab/ChordLab/Core/Models/Theory/ChordFunction.swift /Users/stevenrichter/Documents/repos/ChordLab/ChordLab/Core/Models/Theory/ProgressionAnalysis.swift /Users/stevenrichter/Documents/repos/ChordLab/ChordLab/Core/Models/Theory/VoiceLeading.swift /Users/stevenrichter/Documents/repos/ChordLab/ChordLab/Core/Services/AudioEngine.swift /Users/stevenrichter/Documents/repos/ChordLab/ChordLab/Core/Services/DataManager.swift /Users/stevenrichter/Documents/repos/ChordLab/ChordLab/Core/Services/TheoryEngine.swift /Users/stevenrichter/Documents/repos/ChordLab/ChordLab/ChordLabApp.swift /Users/stevenrichter/Documents/repos/ChordLab/ChordLab/ContentView.swift /Users/stevenrichter/Library/Developer/Xcode/DerivedData/ChordLab-bxqicilqszggkqebhxvoucpemkpk/Build/Intermediates.noindex/ChordLab.build/Debug-iphonesimulator/ChordLab.build/DerivedSources/GeneratedAssetSymbols.swift -target arm64-apple-ios17.4-simulator -Xllvm -aarch64-use-tbi -enable-objc-interop -sdk /Applications/Xcode.app/Contents/Developer/Platforms/iPhoneSimulator.platform/Developer/SDKs/iPhoneSimulator18.2.sdk -I /Users/stevenrichter/Library/Developer/Xcode/DerivedData/ChordLab-bxqicilqszggkqebhxvoucpemkpk/Build/Products/Debug-iphonesimulator -F /Users/stevenrichter/Library/Developer/Xcode/DerivedData/ChordLab-bxqicilqszggkqebhxvoucpemkpk/Build/Products/Debug-iphonesimulator/PackageFrameworks -F /Users/stevenrichter/Library/Developer/Xcode/DerivedData/ChordLab-bxqicilqszggkqebhxvoucpemkpk/Build/Products/Debug-iphonesimulator -no-color-diagnostics -enable-testing -g -debug-info-format\=dwarf -dwarf-version\=4 -module-cache-path /Users/stevenrichter/Library/Developer/Xcode/DerivedData/ModuleCache.noindex -profile-generate -profile-coverage-mapping -swift-version 5 -enforce-exclusivity\=checked -Onone -D DEBUG -serialize-debugging-options -const-gather-protocols-file /Users/stevenrichter/Library/Developer/Xcode/DerivedData/ChordLab-bxqicilqszggkqebhxvoucpemkpk/Build/Intermediates.noindex/ChordLab.build/Debug-iphonesimulator/ChordLab.build/Objects-normal/arm64/ChordLab_const_extract_protocols.json -enable-experimental-feature DebugDescriptionMacro -enable-experimental-feature OpaqueTypeErasure -enable-bare-slash-regex -empty-abi-descriptor -validate-clang-modules-once -clang-build-session-file /Users/stevenrichter/Library/Developer/Xcode/DerivedData/ModuleCache.noindex/Session.modulevalidation -Xcc -working-directory -Xcc /Users/stevenrichter/Documents/repos/ChordLab -resource-dir /Applications/Xcode.app/Contents/Developer/Toolchains/XcodeDefault.xctoolchain/usr/lib/swift -enable-anonymous-context-mangled-names -file-compilation-dir /Users/stevenrichter/Documents/repos/ChordLab -Xcc -D_LIBCPP_HARDENING_MODE\=_LIBCPP_HARDENING_MODE_DEBUG -Xcc -ivfsstatcache -Xcc /Users/stevenrichter/Library/Developer/Xcode/DerivedData/SDKStatCaches.noindex/iphonesimulator18.2-22C146-07b28473f605e47e75261259d3ef3b5a.sdkstatcache -Xcc -I/Users/stevenrichter/Library/Developer/Xcode/DerivedData/ChordLab-bxqicilqszggkqebhxvoucpemkpk/Build/Intermediates.noindex/ChordLab.build/Debug-iphonesimulator/ChordLab.build/swift-overrides.hmap -Xcc -iquote -Xcc /Users/stevenrichter/Library/Developer/Xcode/DerivedData/ChordLab-bxqicilqszggkqebhxvoucpemkpk/Build/Intermediates.noindex/ChordLab.build/Debug-iphonesimulator/ChordLab.build/ChordLab-generated-files.hmap -Xcc -I/Users/stevenrichter/Library/Developer/Xcode/DerivedData/ChordLab-bxqicilqszggkqebhxvoucpemkpk/Build/Intermediates.noindex/ChordLab.build/Debug-iphonesimulator/ChordLab.build/ChordLab-own-target-headers.hmap -Xcc -I/Users/stevenrichter/Library/Developer/Xcode/DerivedData/ChordLab-bxqicilqszggkqebhxvoucpemkpk/Build/Intermediates.noindex/ChordLab.build/Debug-iphonesimulator/ChordLab.build/ChordLab-all-non-framework-target-headers.hmap -Xcc -ivfsoverlay -Xcc /Users/stevenrichter/Library/Developer/Xcode/DerivedData/ChordLab-bxqicilqszggkqebhxvoucpemkpk/Build/Intermediates.noindex/ChordLab.build/Debug-iphonesimulator/ChordLab-cfb814553d2595e15c77a0954298487f-VFS-iphonesimulator/all-product-headers.yaml -Xcc -iquote -Xcc /Users/stevenrichter/Library/Developer/Xcode/DerivedData/ChordLab-bxqicilqszggkqebhxvoucpemkpk/Build/Intermediates.noindex/ChordLab.build/Debug-iphonesimulator/ChordLab.build/ChordLab-project-headers.hmap -Xcc -I/Users/stevenrichter/Library/Developer/Xcode/DerivedData/ChordLab-bxqicilqszggkqebhxvoucpemkpk/Build/Products/Debug-iphonesimulator/include -Xcc -I/Users/stevenrichter/Library/Developer/Xcode/DerivedData/ChordLab-bxqicilqszggkqebhxvoucpemkpk/Build/Intermediates.noindex/ChordLab.build/Debug-iphonesimulator/ChordLab.build/DerivedSources-normal/arm64 -Xcc -I/Users/stevenrichter/Library/Developer/Xcode/DerivedData/ChordLab-bxqicilqszggkqebhxvoucpemkpk/Build/Intermediates.noindex/ChordLab.build/Debug-iphonesimulator/ChordLab.build/DerivedSources/arm64 -Xcc -I/Users/stevenrichter/Library/Developer/Xcode/DerivedData/ChordLab-bxqicilqszggkqebhxvoucpemkpk/Build/Intermediates.noindex/ChordLab.build/Debug-iphonesimulator/ChordLab.build/DerivedSources -Xcc -DDEBUG\=1 -module-name ChordLab -frontend-parseable-output -disable-clang-spi -target-sdk-version 18.2 -target-sdk-name iphonesimulator18.2 -external-plugin-path /Applications/Xcode.app/Contents/Developer/Platforms/iPhoneOS.platform/Developer/usr/lib/swift/host/plugins\#/Applications/Xcode.app/Contents/Developer/Platforms/iPhoneOS.platform/Developer/usr/bin/swift-plugin-server -external-plugin-path /Applications/Xcode.app/Contents/Developer/Platforms/iPhoneOS.platform/Developer/usr/local/lib/swift/host/plugins\#/Applications/Xcode.app/Contents/Developer/Platforms/iPhoneOS.platform/Developer/usr/bin/swift-plugin-server -plugin-path /Applications/Xcode.app/Contents/Developer/Toolchains/XcodeDefault.xctoolchain/usr/lib/swift/host/plugins -plugin-path /Applications/Xcode.app/Contents/Developer/Toolchains/XcodeDefault.xctoolchain/usr/local/lib/swift/host/plugins -emit-module-doc-path /Users/stevenrichter/Library/Developer/Xcode/DerivedData/ChordLab-bxqicilqszggkqebhxvoucpemkpk/Build/Intermediates.noindex/ChordLab.build/Debug-iphonesimulator/ChordLab.build/Objects-normal/arm64/ChordLab.swiftdoc -emit-module-source-info-path /Users/stevenrichter/Library/Developer/Xcode/DerivedData/ChordLab-bxqicilqszggkqebhxvoucpemkpk/Build/Intermediates.noindex/ChordLab.build/Debug-iphonesimulator/ChordLab.build/Objects-normal/arm64/ChordLab.swiftsourceinfo -emit-objc-header-path /Users/stevenrichter/Library/Developer/Xcode/DerivedData/ChordLab-bxqicilqszggkqebhxvoucpemkpk/Build/Intermediates.noindex/ChordLab.build/Debug-iphonesimulator/ChordLab.build/Objects-normal/arm64/ChordLab-Swift.h -serialize-diagnostics-path /Users/stevenrichter/Library/Developer/Xcode/DerivedData/ChordLab-bxqicilqszggkqebhxvoucpemkpk/Build/Intermediates.noindex/ChordLab.build/Debug-iphonesimulator/ChordLab.build/Objects-normal/arm64/ChordLab-master-emit-module.dia -emit-dependencies-path /Users/stevenrichter/Library/Developer/Xcode/DerivedData/ChordLab-bxqicilqszggkqebhxvoucpemkpk/Build/Intermediates.noindex/ChordLab.build/Debug-iphonesimulator/ChordLab.build/Objects-normal/arm64/ChordLab-master-emit-module.d -o /Users/stevenrichter/Library/Developer/Xcode/DerivedData/ChordLab-bxqicilqszggkqebhxvoucpemkpk/Build/Intermediates.noindex/ChordLab.build/Debug-iphonesimulator/ChordLab.build/Objects-normal/arm64/ChordLab.swiftmodule -emit-abi-descriptor-path /Users/stevenrichter/Library/Developer/Xcode/DerivedData/ChordLab-bxqicilqszggkqebhxvoucpemkpk/Build/Intermediates.noindex/ChordLab.build/Debug-iphonesimulator/ChordLab.build/Objects-normal/arm64/ChordLab.abi.json

EmitSwiftModule normal arm64 (in target 'ChordLab' from project 'ChordLab')
    cd /Users/stevenrichter/Documents/repos/ChordLab
    /Applications/Xcode.app/Contents/Developer/Toolchains/XcodeDefault.xctoolchain/usr/bin/swift-frontend -emit-module -experimental-skip-non-inlinable-function-bodies-without-types /Users/stevenrichter/Documents/repos/ChordLab/ChordLab/Core/Extensions/Color+Theme.swift /Users/stevenrichter/Documents/repos/ChordLab/ChordLab/Core/Extensions/Tonic+Extensions.swift /Users/stevenrichter/Documents/repos/ChordLab/ChordLab/Core/Extensions/View+Modifiers.swift /Users/stevenrichter/Documents/repos/ChordLab/ChordLab/Core/Models/Persistence/Achievement.swift /Users/stevenrichter/Documents/repos/ChordLab/ChordLab/Core/Models/Persistence/ChordHistory.swift /Users/stevenrichter/Documents/repos/ChordLab/ChordLab/Core/Models/Persistence/PracticeSession.swift /Users/stevenrichter/Documents/repos/ChordLab/ChordLab/Core/Models/Persistence/SavedProgression.swift /Users/stevenrichter/Documents/repos/ChordLab/ChordLab/Core/Models/Persistence/UserData.swift /Users/stevenrichter/Documents/repos/ChordLab/ChordLab/Core/Models/Theory/ChordAnalysis.swift /Users/stevenrichter/Documents/repos/ChordLab/ChordLab/Core/Models/Theory/ChordFunction.swift /Users/stevenrichter/Documents/repos/ChordLab/ChordLab/Core/Models/Theory/ProgressionAnalysis.swift /Users/stevenrichter/Documents/repos/ChordLab/ChordLab/Core/Models/Theory/VoiceLeading.swift /Users/stevenrichter/Documents/repos/ChordLab/ChordLab/Core/Services/AudioEngine.swift /Users/stevenrichter/Documents/repos/ChordLab/ChordLab/Core/Services/DataManager.swift /Users/stevenrichter/Documents/repos/ChordLab/ChordLab/Core/Services/TheoryEngine.swift /Users/stevenrichter/Documents/repos/ChordLab/ChordLab/ChordLabApp.swift /Users/stevenrichter/Documents/repos/ChordLab/ChordLab/ContentView.swift /Users/stevenrichter/Library/Developer/Xcode/DerivedData/ChordLab-bxqicilqszggkqebhxvoucpemkpk/Build/Intermediates.noindex/ChordLab.build/Debug-iphonesimulator/ChordLab.build/DerivedSources/GeneratedAssetSymbols.swift -target arm64-apple-ios17.4-simulator -Xllvm -aarch64-use-tbi -enable-objc-interop -sdk /Applications/Xcode.app/Contents/Developer/Platforms/iPhoneSimulator.platform/Developer/SDKs/iPhoneSimulator18.2.sdk -I /Users/stevenrichter/Library/Developer/Xcode/DerivedData/ChordLab-bxqicilqszggkqebhxvoucpemkpk/Build/Products/Debug-iphonesimulator -F /Users/stevenrichter/Library/Developer/Xcode/DerivedData/ChordLab-bxqicilqszggkqebhxvoucpemkpk/Build/Products/Debug-iphonesimulator/PackageFrameworks -F /Users/stevenrichter/Library/Developer/Xcode/DerivedData/ChordLab-bxqicilqszggkqebhxvoucpemkpk/Build/Products/Debug-iphonesimulator -no-color-diagnostics -enable-testing -g -debug-info-format\=dwarf -dwarf-version\=4 -module-cache-path /Users/stevenrichter/Library/Developer/Xcode/DerivedData/ModuleCache.noindex -profile-generate -profile-coverage-mapping -swift-version 5 -enforce-exclusivity\=checked -Onone -D DEBUG -serialize-debugging-options -const-gather-protocols-file /Users/stevenrichter/Library/Developer/Xcode/DerivedData/ChordLab-bxqicilqszggkqebhxvoucpemkpk/Build/Intermediates.noindex/ChordLab.build/Debug-iphonesimulator/ChordLab.build/Objects-normal/arm64/ChordLab_const_extract_protocols.json -enable-experimental-feature DebugDescriptionMacro -enable-experimental-feature OpaqueTypeErasure -enable-bare-slash-regex -empty-abi-descriptor -validate-clang-modules-once -clang-build-session-file /Users/stevenrichter/Library/Developer/Xcode/DerivedData/ModuleCache.noindex/Session.modulevalidation -Xcc -working-directory -Xcc /Users/stevenrichter/Documents/repos/ChordLab -resource-dir /Applications/Xcode.app/Contents/Developer/Toolchains/XcodeDefault.xctoolchain/usr/lib/swift -enable-anonymous-context-mangled-names -file-compilation-dir /Users/stevenrichter/Documents/repos/ChordLab -Xcc -D_LIBCPP_HARDENING_MODE\=_LIBCPP_HARDENING_MODE_DEBUG -Xcc -ivfsstatcache -Xcc /Users/stevenrichter/Library/Developer/Xcode/DerivedData/SDKStatCaches.noindex/iphonesimulator18.2-22C146-07b28473f605e47e75261259d3ef3b5a.sdkstatcache -Xcc -I/Users/stevenrichter/Library/Developer/Xcode/DerivedData/ChordLab-bxqicilqszggkqebhxvoucpemkpk/Build/Intermediates.noindex/ChordLab.build/Debug-iphonesimulator/ChordLab.build/swift-overrides.hmap -Xcc -iquote -Xcc /Users/stevenrichter/Library/Developer/Xcode/DerivedData/ChordLab-bxqicilqszggkqebhxvoucpemkpk/Build/Intermediates.noindex/ChordLab.build/Debug-iphonesimulator/ChordLab.build/ChordLab-generated-files.hmap -Xcc -I/Users/stevenrichter/Library/Developer/Xcode/DerivedData/ChordLab-bxqicilqszggkqebhxvoucpemkpk/Build/Intermediates.noindex/ChordLab.build/Debug-iphonesimulator/ChordLab.build/ChordLab-own-target-headers.hmap -Xcc -I/Users/stevenrichter/Library/Developer/Xcode/DerivedData/ChordLab-bxqicilqszggkqebhxvoucpemkpk/Build/Intermediates.noindex/ChordLab.build/Debug-iphonesimulator/ChordLab.build/ChordLab-all-non-framework-target-headers.hmap -Xcc -ivfsoverlay -Xcc /Users/stevenrichter/Library/Developer/Xcode/DerivedData/ChordLab-bxqicilqszggkqebhxvoucpemkpk/Build/Intermediates.noindex/ChordLab.build/Debug-iphonesimulator/ChordLab-cfb814553d2595e15c77a0954298487f-VFS-iphonesimulator/all-product-headers.yaml -Xcc -iquote -Xcc /Users/stevenrichter/Library/Developer/Xcode/DerivedData/ChordLab-bxqicilqszggkqebhxvoucpemkpk/Build/Intermediates.noindex/ChordLab.build/Debug-iphonesimulator/ChordLab.build/ChordLab-project-headers.hmap -Xcc -I/Users/stevenrichter/Library/Developer/Xcode/DerivedData/ChordLab-bxqicilqszggkqebhxvoucpemkpk/Build/Products/Debug-iphonesimulator/include -Xcc -I/Users/stevenrichter/Library/Developer/Xcode/DerivedData/ChordLab-bxqicilqszggkqebhxvoucpemkpk/Build/Intermediates.noindex/ChordLab.build/Debug-iphonesimulator/ChordLab.build/DerivedSources-normal/arm64 -Xcc -I/Users/stevenrichter/Library/Developer/Xcode/DerivedData/ChordLab-bxqicilqszggkqebhxvoucpemkpk/Build/Intermediates.noindex/ChordLab.build/Debug-iphonesimulator/ChordLab.build/DerivedSources/arm64 -Xcc -I/Users/stevenrichter/Library/Developer/Xcode/DerivedData/ChordLab-bxqicilqszggkqebhxvoucpemkpk/Build/Intermediates.noindex/ChordLab.build/Debug-iphonesimulator/ChordLab.build/DerivedSources -Xcc -DDEBUG\=1 -module-name ChordLab -frontend-parseable-output -disable-clang-spi -target-sdk-version 18.2 -target-sdk-name iphonesimulator18.2 -external-plugin-path /Applications/Xcode.app/Contents/Developer/Platforms/iPhoneOS.platform/Developer/usr/lib/swift/host/plugins\#/Applications/Xcode.app/Contents/Developer/Platforms/iPhoneOS.platform/Developer/usr/bin/swift-plugin-server -external-plugin-path /Applications/Xcode.app/Contents/Developer/Platforms/iPhoneOS.platform/Developer/usr/local/lib/swift/host/plugins\#/Applications/Xcode.app/Contents/Developer/Platforms/iPhoneOS.platform/Developer/usr/bin/swift-plugin-server -plugin-path /Applications/Xcode.app/Contents/Developer/Toolchains/XcodeDefault.xctoolchain/usr/lib/swift/host/plugins -plugin-path /Applications/Xcode.app/Contents/Developer/Toolchains/XcodeDefault.xctoolchain/usr/local/lib/swift/host/plugins -emit-module-doc-path /Users/stevenrichter/Library/Developer/Xcode/DerivedData/ChordLab-bxqicilqszggkqebhxvoucpemkpk/Build/Intermediates.noindex/ChordLab.build/Debug-iphonesimulator/ChordLab.build/Objects-normal/arm64/ChordLab.swiftdoc -emit-module-source-info-path /Users/stevenrichter/Library/Developer/Xcode/DerivedData/ChordLab-bxqicilqszggkqebhxvoucpemkpk/Build/Intermediates.noindex/ChordLab.build/Debug-iphonesimulator/ChordLab.build/Objects-normal/arm64/ChordLab.swiftsourceinfo -emit-objc-header-path /Users/stevenrichter/Library/Developer/Xcode/DerivedData/ChordLab-bxqicilqszggkqebhxvoucpemkpk/Build/Intermediates.noindex/ChordLab.build/Debug-iphonesimulator/ChordLab.build/Objects-normal/arm64/ChordLab-Swift.h -serialize-diagnostics-path /Users/stevenrichter/Library/Developer/Xcode/DerivedData/ChordLab-bxqicilqszggkqebhxvoucpemkpk/Build/Intermediates.noindex/ChordLab.build/Debug-iphonesimulator/ChordLab.build/Objects-normal/arm64/ChordLab-master-emit-module.dia -emit-dependencies-path /Users/stevenrichter/Library/Developer/Xcode/DerivedData/ChordLab-bxqicilqszggkqebhxvoucpemkpk/Build/Intermediates.noindex/ChordLab.build/Debug-iphonesimulator/ChordLab.build/Objects-normal/arm64/ChordLab-master-emit-module.d -o /Users/stevenrichter/Library/Developer/Xcode/DerivedData/ChordLab-bxqicilqszggkqebhxvoucpemkpk/Build/Intermediates.noindex/ChordLab.build/Debug-iphonesimulator/ChordLab.build/Objects-normal/arm64/ChordLab.swiftmodule -emit-abi-descriptor-path /Users/stevenrichter/Library/Developer/Xcode/DerivedData/ChordLab-bxqicilqszggkqebhxvoucpemkpk/Build/Intermediates.noindex/ChordLab.build/Debug-iphonesimulator/ChordLab.build/Objects-normal/arm64/ChordLab.abi.json

SwiftCompile normal arm64 Compiling\ ContentView.swift /Users/stevenrichter/Documents/repos/ChordLab/ChordLab/ContentView.swift (in target 'ChordLab' from project 'ChordLab')
    cd /Users/stevenrichter/Documents/repos/ChordLab
    builtin-swiftTaskExecution -- /Applications/Xcode.app/Contents/Developer/Toolchains/XcodeDefault.xctoolchain/usr/bin/swift-frontend -frontend -c /Users/stevenrichter/Documents/repos/ChordLab/ChordLab/Core/Extensions/Color+Theme.swift /Users/stevenrichter/Documents/repos/ChordLab/ChordLab/Core/Extensions/Tonic+Extensions.swift /Users/stevenrichter/Documents/repos/ChordLab/ChordLab/Core/Extensions/View+Modifiers.swift /Users/stevenrichter/Documents/repos/ChordLab/ChordLab/Core/Models/Persistence/Achievement.swift /Users/stevenrichter/Documents/repos/ChordLab/ChordLab/Core/Models/Persistence/ChordHistory.swift /Users/stevenrichter/Documents/repos/ChordLab/ChordLab/Core/Models/Persistence/PracticeSession.swift /Users/stevenrichter/Documents/repos/ChordLab/ChordLab/Core/Models/Persistence/SavedProgression.swift /Users/stevenrichter/Documents/repos/ChordLab/ChordLab/Core/Models/Persistence/UserData.swift /Users/stevenrichter/Documents/repos/ChordLab/ChordLab/Core/Models/Theory/ChordAnalysis.swift /Users/stevenrichter/Documents/repos/ChordLab/ChordLab/Core/Models/Theory/ChordFunction.swift /Users/stevenrichter/Documents/repos/ChordLab/ChordLab/Core/Models/Theory/ProgressionAnalysis.swift /Users/stevenrichter/Documents/repos/ChordLab/ChordLab/Core/Models/Theory/VoiceLeading.swift /Users/stevenrichter/Documents/repos/ChordLab/ChordLab/Core/Services/AudioEngine.swift /Users/stevenrichter/Documents/repos/ChordLab/ChordLab/Core/Services/DataManager.swift /Users/stevenrichter/Documents/repos/ChordLab/ChordLab/Core/Services/TheoryEngine.swift /Users/stevenrichter/Documents/repos/ChordLab/ChordLab/ChordLabApp.swift -primary-file /Users/stevenrichter/Documents/repos/ChordLab/ChordLab/ContentView.swift /Users/stevenrichter/Library/Developer/Xcode/DerivedData/ChordLab-bxqicilqszggkqebhxvoucpemkpk/Build/Intermediates.noindex/ChordLab.build/Debug-iphonesimulator/ChordLab.build/DerivedSources/GeneratedAssetSymbols.swift -emit-dependencies-path /Users/stevenrichter/Library/Developer/Xcode/DerivedData/ChordLab-bxqicilqszggkqebhxvoucpemkpk/Build/Intermediates.noindex/ChordLab.build/Debug-iphonesimulator/ChordLab.build/Objects-normal/arm64/ContentView.d -emit-const-values-path /Users/stevenrichter/Library/Developer/Xcode/DerivedData/ChordLab-bxqicilqszggkqebhxvoucpemkpk/Build/Intermediates.noindex/ChordLab.build/Debug-iphonesimulator/ChordLab.build/Objects-normal/arm64/ContentView.swiftconstvalues -emit-reference-dependencies-path /Users/stevenrichter/Library/Developer/Xcode/DerivedData/ChordLab-bxqicilqszggkqebhxvoucpemkpk/Build/Intermediates.noindex/ChordLab.build/Debug-iphonesimulator/ChordLab.build/Objects-normal/arm64/ContentView.swiftdeps -serialize-diagnostics-path /Users/stevenrichter/Library/Developer/Xcode/DerivedData/ChordLab-bxqicilqszggkqebhxvoucpemkpk/Build/Intermediates.noindex/ChordLab.build/Debug-iphonesimulator/ChordLab.build/Objects-normal/arm64/ContentView.dia -emit-localized-strings -emit-localized-strings-path /Users/stevenrichter/Library/Developer/Xcode/DerivedData/ChordLab-bxqicilqszggkqebhxvoucpemkpk/Build/Intermediates.noindex/ChordLab.build/Debug-iphonesimulator/ChordLab.build/Objects-normal/arm64 -target arm64-apple-ios17.4-simulator -Xllvm -aarch64-use-tbi -enable-objc-interop -sdk /Applications/Xcode.app/Contents/Developer/Platforms/iPhoneSimulator.platform/Developer/SDKs/iPhoneSimulator18.2.sdk -I /Users/stevenrichter/Library/Developer/Xcode/DerivedData/ChordLab-bxqicilqszggkqebhxvoucpemkpk/Build/Products/Debug-iphonesimulator -F /Users/stevenrichter/Library/Developer/Xcode/DerivedData/ChordLab-bxqicilqszggkqebhxvoucpemkpk/Build/Products/Debug-iphonesimulator/PackageFrameworks -F /Users/stevenrichter/Library/Developer/Xcode/DerivedData/ChordLab-bxqicilqszggkqebhxvoucpemkpk/Build/Products/Debug-iphonesimulator -no-color-diagnostics -enable-testing -g -debug-info-format\=dwarf -dwarf-version\=4 -module-cache-path /Users/stevenrichter/Library/Developer/Xcode/DerivedData/ModuleCache.noindex -profile-generate -profile-coverage-mapping -swift-version 5 -enforce-exclusivity\=checked -Onone -D DEBUG -serialize-debugging-options -const-gather-protocols-file /Users/stevenrichter/Library/Developer/Xcode/DerivedData/ChordLab-bxqicilqszggkqebhxvoucpemkpk/Build/Intermediates.noindex/ChordLab.build/Debug-iphonesimulator/ChordLab.build/Objects-normal/arm64/ChordLab_const_extract_protocols.json -enable-experimental-feature DebugDescriptionMacro -enable-experimental-feature OpaqueTypeErasure -enable-bare-slash-regex -empty-abi-descriptor -validate-clang-modules-once -clang-build-session-file /Users/stevenrichter/Library/Developer/Xcode/DerivedData/ModuleCache.noindex/Session.modulevalidation -Xcc -working-directory -Xcc /Users/stevenrichter/Documents/repos/ChordLab -resource-dir /Applications/Xcode.app/Contents/Developer/Toolchains/XcodeDefault.xctoolchain/usr/lib/swift -enable-anonymous-context-mangled-names -file-compilation-dir /Users/stevenrichter/Documents/repos/ChordLab -Xcc -D_LIBCPP_HARDENING_MODE\=_LIBCPP_HARDENING_MODE_DEBUG -Xcc -ivfsstatcache -Xcc /Users/stevenrichter/Library/Developer/Xcode/DerivedData/SDKStatCaches.noindex/iphonesimulator18.2-22C146-07b28473f605e47e75261259d3ef3b5a.sdkstatcache -Xcc -I/Users/stevenrichter/Library/Developer/Xcode/DerivedData/ChordLab-bxqicilqszggkqebhxvoucpemkpk/Build/Intermediates.noindex/ChordLab.build/Debug-iphonesimulator/ChordLab.build/swift-overrides.hmap -Xcc -iquote -Xcc /Users/stevenrichter/Library/Developer/Xcode/DerivedData/ChordLab-bxqicilqszggkqebhxvoucpemkpk/Build/Intermediates.noindex/ChordLab.build/Debug-iphonesimulator/ChordLab.build/ChordLab-generated-files.hmap -Xcc -I/Users/stevenrichter/Library/Developer/Xcode/DerivedData/ChordLab-bxqicilqszggkqebhxvoucpemkpk/Build/Intermediates.noindex/ChordLab.build/Debug-iphonesimulator/ChordLab.build/ChordLab-own-target-headers.hmap -Xcc -I/Users/stevenrichter/Library/Developer/Xcode/DerivedData/ChordLab-bxqicilqszggkqebhxvoucpemkpk/Build/Intermediates.noindex/ChordLab.build/Debug-iphonesimulator/ChordLab.build/ChordLab-all-non-framework-target-headers.hmap -Xcc -ivfsoverlay -Xcc /Users/stevenrichter/Library/Developer/Xcode/DerivedData/ChordLab-bxqicilqszggkqebhxvoucpemkpk/Build/Intermediates.noindex/ChordLab.build/Debug-iphonesimulator/ChordLab-cfb814553d2595e15c77a0954298487f-VFS-iphonesimulator/all-product-headers.yaml -Xcc -iquote -Xcc /Users/stevenrichter/Library/Developer/Xcode/DerivedData/ChordLab-bxqicilqszggkqebhxvoucpemkpk/Build/Intermediates.noindex/ChordLab.build/Debug-iphonesimulator/ChordLab.build/ChordLab-project-headers.hmap -Xcc -I/Users/stevenrichter/Library/Developer/Xcode/DerivedData/ChordLab-bxqicilqszggkqebhxvoucpemkpk/Build/Products/Debug-iphonesimulator/include -Xcc -I/Users/stevenrichter/Library/Developer/Xcode/DerivedData/ChordLab-bxqicilqszggkqebhxvoucpemkpk/Build/Intermediates.noindex/ChordLab.build/Debug-iphonesimulator/ChordLab.build/DerivedSources-normal/arm64 -Xcc -I/Users/stevenrichter/Library/Developer/Xcode/DerivedData/ChordLab-bxqicilqszggkqebhxvoucpemkpk/Build/Intermediates.noindex/ChordLab.build/Debug-iphonesimulator/ChordLab.build/DerivedSources/arm64 -Xcc -I/Users/stevenrichter/Library/Developer/Xcode/DerivedData/ChordLab-bxqicilqszggkqebhxvoucpemkpk/Build/Intermediates.noindex/ChordLab.build/Debug-iphonesimulator/ChordLab.build/DerivedSources -Xcc -DDEBUG\=1 -module-name ChordLab -frontend-parseable-output -disable-clang-spi -target-sdk-version 18.2 -target-sdk-name iphonesimulator18.2 -external-plugin-path /Applications/Xcode.app/Contents/Developer/Platforms/iPhoneOS.platform/Developer/usr/lib/swift/host/plugins\#/Applications/Xcode.app/Contents/Developer/Platforms/iPhoneOS.platform/Developer/usr/bin/swift-plugin-server -external-plugin-path /Applications/Xcode.app/Contents/Developer/Platforms/iPhoneOS.platform/Developer/usr/local/lib/swift/host/plugins\#/Applications/Xcode.app/Contents/Developer/Platforms/iPhoneOS.platform/Developer/usr/bin/swift-plugin-server -plugin-path /Applications/Xcode.app/Contents/Developer/Toolchains/XcodeDefault.xctoolchain/usr/lib/swift/host/plugins -plugin-path /Applications/Xcode.app/Contents/Developer/Toolchains/XcodeDefault.xctoolchain/usr/local/lib/swift/host/plugins -o /Users/stevenrichter/Library/Developer/Xcode/DerivedData/ChordLab-bxqicilqszggkqebhxvoucpemkpk/Build/Intermediates.noindex/ChordLab.build/Debug-iphonesimulator/ChordLab.build/Objects-normal/arm64/ContentView.o -index-unit-output-path /ChordLab.build/Debug-iphonesimulator/ChordLab.build/Objects-normal/arm64/ContentView.o -index-store-path /Users/stevenrichter/Library/Developer/Xcode/DerivedData/ChordLab-bxqicilqszggkqebhxvoucpemkpk/Index.noindex/DataStore -index-system-modules

SwiftCompile normal arm64 /Users/stevenrichter/Documents/repos/ChordLab/ChordLab/ContentView.swift (in target 'ChordLab' from project 'ChordLab')
    cd /Users/stevenrichter/Documents/repos/ChordLab
    /Applications/Xcode.app/Contents/Developer/Toolchains/XcodeDefault.xctoolchain/usr/bin/swift-frontend -c /Users/stevenrichter/Documents/repos/ChordLab/ChordLab/Core/Extensions/Color+Theme.swift /Users/stevenrichter/Documents/repos/ChordLab/ChordLab/Core/Extensions/Tonic+Extensions.swift /Users/stevenrichter/Documents/repos/ChordLab/ChordLab/Core/Extensions/View+Modifiers.swift /Users/stevenrichter/Documents/repos/ChordLab/ChordLab/Core/Models/Persistence/Achievement.swift /Users/stevenrichter/Documents/repos/ChordLab/ChordLab/Core/Models/Persistence/ChordHistory.swift /Users/stevenrichter/Documents/repos/ChordLab/ChordLab/Core/Models/Persistence/PracticeSession.swift /Users/stevenrichter/Documents/repos/ChordLab/ChordLab/Core/Models/Persistence/SavedProgression.swift /Users/stevenrichter/Documents/repos/ChordLab/ChordLab/Core/Models/Persistence/UserData.swift /Users/stevenrichter/Documents/repos/ChordLab/ChordLab/Core/Models/Theory/ChordAnalysis.swift /Users/stevenrichter/Documents/repos/ChordLab/ChordLab/Core/Models/Theory/ChordFunction.swift /Users/stevenrichter/Documents/repos/ChordLab/ChordLab/Core/Models/Theory/ProgressionAnalysis.swift /Users/stevenrichter/Documents/repos/ChordLab/ChordLab/Core/Models/Theory/VoiceLeading.swift /Users/stevenrichter/Documents/repos/ChordLab/ChordLab/Core/Services/AudioEngine.swift /Users/stevenrichter/Documents/repos/ChordLab/ChordLab/Core/Services/DataManager.swift /Users/stevenrichter/Documents/repos/ChordLab/ChordLab/Core/Services/TheoryEngine.swift /Users/stevenrichter/Documents/repos/ChordLab/ChordLab/ChordLabApp.swift -primary-file /Users/stevenrichter/Documents/repos/ChordLab/ChordLab/ContentView.swift /Users/stevenrichter/Library/Developer/Xcode/DerivedData/ChordLab-bxqicilqszggkqebhxvoucpemkpk/Build/Intermediates.noindex/ChordLab.build/Debug-iphonesimulator/ChordLab.build/DerivedSources/GeneratedAssetSymbols.swift -emit-dependencies-path /Users/stevenrichter/Library/Developer/Xcode/DerivedData/ChordLab-bxqicilqszggkqebhxvoucpemkpk/Build/Intermediates.noindex/ChordLab.build/Debug-iphonesimulator/ChordLab.build/Objects-normal/arm64/ContentView.d -emit-const-values-path /Users/stevenrichter/Library/Developer/Xcode/DerivedData/ChordLab-bxqicilqszggkqebhxvoucpemkpk/Build/Intermediates.noindex/ChordLab.build/Debug-iphonesimulator/ChordLab.build/Objects-normal/arm64/ContentView.swiftconstvalues -emit-reference-dependencies-path /Users/stevenrichter/Library/Developer/Xcode/DerivedData/ChordLab-bxqicilqszggkqebhxvoucpemkpk/Build/Intermediates.noindex/ChordLab.build/Debug-iphonesimulator/ChordLab.build/Objects-normal/arm64/ContentView.swiftdeps -serialize-diagnostics-path /Users/stevenrichter/Library/Developer/Xcode/DerivedData/ChordLab-bxqicilqszggkqebhxvoucpemkpk/Build/Intermediates.noindex/ChordLab.build/Debug-iphonesimulator/ChordLab.build/Objects-normal/arm64/ContentView.dia -emit-localized-strings -emit-localized-strings-path /Users/stevenrichter/Library/Developer/Xcode/DerivedData/ChordLab-bxqicilqszggkqebhxvoucpemkpk/Build/Intermediates.noindex/ChordLab.build/Debug-iphonesimulator/ChordLab.build/Objects-normal/arm64 -target arm64-apple-ios17.4-simulator -Xllvm -aarch64-use-tbi -enable-objc-interop -sdk /Applications/Xcode.app/Contents/Developer/Platforms/iPhoneSimulator.platform/Developer/SDKs/iPhoneSimulator18.2.sdk -I /Users/stevenrichter/Library/Developer/Xcode/DerivedData/ChordLab-bxqicilqszggkqebhxvoucpemkpk/Build/Products/Debug-iphonesimulator -F /Users/stevenrichter/Library/Developer/Xcode/DerivedData/ChordLab-bxqicilqszggkqebhxvoucpemkpk/Build/Products/Debug-iphonesimulator/PackageFrameworks -F /Users/stevenrichter/Library/Developer/Xcode/DerivedData/ChordLab-bxqicilqszggkqebhxvoucpemkpk/Build/Products/Debug-iphonesimulator -no-color-diagnostics -enable-testing -g -debug-info-format\=dwarf -dwarf-version\=4 -module-cache-path /Users/stevenrichter/Library/Developer/Xcode/DerivedData/ModuleCache.noindex -profile-generate -profile-coverage-mapping -swift-version 5 -enforce-exclusivity\=checked -Onone -D DEBUG -serialize-debugging-options -const-gather-protocols-file /Users/stevenrichter/Library/Developer/Xcode/DerivedData/ChordLab-bxqicilqszggkqebhxvoucpemkpk/Build/Intermediates.noindex/ChordLab.build/Debug-iphonesimulator/ChordLab.build/Objects-normal/arm64/ChordLab_const_extract_protocols.json -enable-experimental-feature DebugDescriptionMacro -enable-experimental-feature OpaqueTypeErasure -enable-bare-slash-regex -empty-abi-descriptor -validate-clang-modules-once -clang-build-session-file /Users/stevenrichter/Library/Developer/Xcode/DerivedData/ModuleCache.noindex/Session.modulevalidation -Xcc -working-directory -Xcc /Users/stevenrichter/Documents/repos/ChordLab -resource-dir /Applications/Xcode.app/Contents/Developer/Toolchains/XcodeDefault.xctoolchain/usr/lib/swift -enable-anonymous-context-mangled-names -file-compilation-dir /Users/stevenrichter/Documents/repos/ChordLab -Xcc -D_LIBCPP_HARDENING_MODE\=_LIBCPP_HARDENING_MODE_DEBUG -Xcc -ivfsstatcache -Xcc /Users/stevenrichter/Library/Developer/Xcode/DerivedData/SDKStatCaches.noindex/iphonesimulator18.2-22C146-07b28473f605e47e75261259d3ef3b5a.sdkstatcache -Xcc -I/Users/stevenrichter/Library/Developer/Xcode/DerivedData/ChordLab-bxqicilqszggkqebhxvoucpemkpk/Build/Intermediates.noindex/ChordLab.build/Debug-iphonesimulator/ChordLab.build/swift-overrides.hmap -Xcc -iquote -Xcc /Users/stevenrichter/Library/Developer/Xcode/DerivedData/ChordLab-bxqicilqszggkqebhxvoucpemkpk/Build/Intermediates.noindex/ChordLab.build/Debug-iphonesimulator/ChordLab.build/ChordLab-generated-files.hmap -Xcc -I/Users/stevenrichter/Library/Developer/Xcode/DerivedData/ChordLab-bxqicilqszggkqebhxvoucpemkpk/Build/Intermediates.noindex/ChordLab.build/Debug-iphonesimulator/ChordLab.build/ChordLab-own-target-headers.hmap -Xcc -I/Users/stevenrichter/Library/Developer/Xcode/DerivedData/ChordLab-bxqicilqszggkqebhxvoucpemkpk/Build/Intermediates.noindex/ChordLab.build/Debug-iphonesimulator/ChordLab.build/ChordLab-all-non-framework-target-headers.hmap -Xcc -ivfsoverlay -Xcc /Users/stevenrichter/Library/Developer/Xcode/DerivedData/ChordLab-bxqicilqszggkqebhxvoucpemkpk/Build/Intermediates.noindex/ChordLab.build/Debug-iphonesimulator/ChordLab-cfb814553d2595e15c77a0954298487f-VFS-iphonesimulator/all-product-headers.yaml -Xcc -iquote -Xcc /Users/stevenrichter/Library/Developer/Xcode/DerivedData/ChordLab-bxqicilqszggkqebhxvoucpemkpk/Build/Intermediates.noindex/ChordLab.build/Debug-iphonesimulator/ChordLab.build/ChordLab-project-headers.hmap -Xcc -I/Users/stevenrichter/Library/Developer/Xcode/DerivedData/ChordLab-bxqicilqszggkqebhxvoucpemkpk/Build/Products/Debug-iphonesimulator/include -Xcc -I/Users/stevenrichter/Library/Developer/Xcode/DerivedData/ChordLab-bxqicilqszggkqebhxvoucpemkpk/Build/Intermediates.noindex/ChordLab.build/Debug-iphonesimulator/ChordLab.build/DerivedSources-normal/arm64 -Xcc -I/Users/stevenrichter/Library/Developer/Xcode/DerivedData/ChordLab-bxqicilqszggkqebhxvoucpemkpk/Build/Intermediates.noindex/ChordLab.build/Debug-iphonesimulator/ChordLab.build/DerivedSources/arm64 -Xcc -I/Users/stevenrichter/Library/Developer/Xcode/DerivedData/ChordLab-bxqicilqszggkqebhxvoucpemkpk/Build/Intermediates.noindex/ChordLab.build/Debug-iphonesimulator/ChordLab.build/DerivedSources -Xcc -DDEBUG\=1 -module-name ChordLab -frontend-parseable-output -disable-clang-spi -target-sdk-version 18.2 -target-sdk-name iphonesimulator18.2 -external-plugin-path /Applications/Xcode.app/Contents/Developer/Platforms/iPhoneOS.platform/Developer/usr/lib/swift/host/plugins\#/Applications/Xcode.app/Contents/Developer/Platforms/iPhoneOS.platform/Developer/usr/bin/swift-plugin-server -external-plugin-path /Applications/Xcode.app/Contents/Developer/Platforms/iPhoneOS.platform/Developer/usr/local/lib/swift/host/plugins\#/Applications/Xcode.app/Contents/Developer/Platforms/iPhoneOS.platform/Developer/usr/bin/swift-plugin-server -plugin-path /Applications/Xcode.app/Contents/Developer/Toolchains/XcodeDefault.xctoolchain/usr/lib/swift/host/plugins -plugin-path /Applications/Xcode.app/Contents/Developer/Toolchains/XcodeDefault.xctoolchain/usr/local/lib/swift/host/plugins -o /Users/stevenrichter/Library/Developer/Xcode/DerivedData/ChordLab-bxqicilqszggkqebhxvoucpemkpk/Build/Intermediates.noindex/ChordLab.build/Debug-iphonesimulator/ChordLab.build/Objects-normal/arm64/ContentView.o -index-unit-output-path /ChordLab.build/Debug-iphonesimulator/ChordLab.build/Objects-normal/arm64/ContentView.o -index-store-path /Users/stevenrichter/Library/Developer/Xcode/DerivedData/ChordLab-bxqicilqszggkqebhxvoucpemkpk/Index.noindex/DataStore -index-system-modules

SwiftDriverJobDiscovery normal arm64 Emitting module for ChordLab (in target 'ChordLab' from project 'ChordLab')

SwiftDriver\ Compilation\ Requirements ChordLab normal arm64 com.apple.xcode.tools.swift.compiler (in target 'ChordLab' from project 'ChordLab')
    cd /Users/stevenrichter/Documents/repos/ChordLab
    builtin-Swift-Compilation-Requirements -- /Applications/Xcode.app/Contents/Developer/Toolchains/XcodeDefault.xctoolchain/usr/bin/swiftc -module-name ChordLab -Onone -enforce-exclusivity\=checked @/Users/stevenrichter/Library/Developer/Xcode/DerivedData/ChordLab-bxqicilqszggkqebhxvoucpemkpk/Build/Intermediates.noindex/ChordLab.build/Debug-iphonesimulator/ChordLab.build/Objects-normal/arm64/ChordLab.SwiftFileList -DDEBUG -enable-bare-slash-regex -enable-experimental-feature DebugDescriptionMacro -sdk /Applications/Xcode.app/Contents/Developer/Platforms/iPhoneSimulator.platform/Developer/SDKs/iPhoneSimulator18.2.sdk -target arm64-apple-ios17.4-simulator -g -module-cache-path /Users/stevenrichter/Library/Developer/Xcode/DerivedData/ModuleCache.noindex -Xfrontend -serialize-debugging-options -profile-coverage-mapping -profile-generate -enable-testing -index-store-path /Users/stevenrichter/Library/Developer/Xcode/DerivedData/ChordLab-bxqicilqszggkqebhxvoucpemkpk/Index.noindex/DataStore -enable-experimental-feature OpaqueTypeErasure -Xcc -D_LIBCPP_HARDENING_MODE\=_LIBCPP_HARDENING_MODE_DEBUG -swift-version 5 -I /Users/stevenrichter/Library/Developer/Xcode/DerivedData/ChordLab-bxqicilqszggkqebhxvoucpemkpk/Build/Products/Debug-iphonesimulator -F /Users/stevenrichter/Library/Developer/Xcode/DerivedData/ChordLab-bxqicilqszggkqebhxvoucpemkpk/Build/Products/Debug-iphonesimulator/PackageFrameworks -F /Users/stevenrichter/Library/Developer/Xcode/DerivedData/ChordLab-bxqicilqszggkqebhxvoucpemkpk/Build/Products/Debug-iphonesimulator -emit-localized-strings -emit-localized-strings-path /Users/stevenrichter/Library/Developer/Xcode/DerivedData/ChordLab-bxqicilqszggkqebhxvoucpemkpk/Build/Intermediates.noindex/ChordLab.build/Debug-iphonesimulator/ChordLab.build/Objects-normal/arm64 -c -j8 -enable-batch-mode -incremental -Xcc -ivfsstatcache -Xcc /Users/stevenrichter/Library/Developer/Xcode/DerivedData/SDKStatCaches.noindex/iphonesimulator18.2-22C146-07b28473f605e47e75261259d3ef3b5a.sdkstatcache -output-file-map /Users/stevenrichter/Library/Developer/Xcode/DerivedData/ChordLab-bxqicilqszggkqebhxvoucpemkpk/Build/Intermediates.noindex/ChordLab.build/Debug-iphonesimulator/ChordLab.build/Objects-normal/arm64/ChordLab-OutputFileMap.json -use-frontend-parseable-output -save-temps -no-color-diagnostics -serialize-diagnostics -emit-dependencies -emit-module -emit-module-path /Users/stevenrichter/Library/Developer/Xcode/DerivedData/ChordLab-bxqicilqszggkqebhxvoucpemkpk/Build/Intermediates.noindex/ChordLab.build/Debug-iphonesimulator/ChordLab.build/Objects-normal/arm64/ChordLab.swiftmodule -validate-clang-modules-once -clang-build-session-file /Users/stevenrichter/Library/Developer/Xcode/DerivedData/ModuleCache.noindex/Session.modulevalidation -Xcc -I/Users/stevenrichter/Library/Developer/Xcode/DerivedData/ChordLab-bxqicilqszggkqebhxvoucpemkpk/Build/Intermediates.noindex/ChordLab.build/Debug-iphonesimulator/ChordLab.build/swift-overrides.hmap -emit-const-values -Xfrontend -const-gather-protocols-file -Xfrontend /Users/stevenrichter/Library/Developer/Xcode/DerivedData/ChordLab-bxqicilqszggkqebhxvoucpemkpk/Build/Intermediates.noindex/ChordLab.build/Debug-iphonesimulator/ChordLab.build/Objects-normal/arm64/ChordLab_const_extract_protocols.json -Xcc -iquote -Xcc /Users/stevenrichter/Library/Developer/Xcode/DerivedData/ChordLab-bxqicilqszggkqebhxvoucpemkpk/Build/Intermediates.noindex/ChordLab.build/Debug-iphonesimulator/ChordLab.build/ChordLab-generated-files.hmap -Xcc -I/Users/stevenrichter/Library/Developer/Xcode/DerivedData/ChordLab-bxqicilqszggkqebhxvoucpemkpk/Build/Intermediates.noindex/ChordLab.build/Debug-iphonesimulator/ChordLab.build/ChordLab-own-target-headers.hmap -Xcc -I/Users/stevenrichter/Library/Developer/Xcode/DerivedData/ChordLab-bxqicilqszggkqebhxvoucpemkpk/Build/Intermediates.noindex/ChordLab.build/Debug-iphonesimulator/ChordLab.build/ChordLab-all-non-framework-target-headers.hmap -Xcc -ivfsoverlay -Xcc /Users/stevenrichter/Library/Developer/Xcode/DerivedData/ChordLab-bxqicilqszggkqebhxvoucpemkpk/Build/Intermediates.noindex/ChordLab.build/Debug-iphonesimulator/ChordLab-cfb814553d2595e15c77a0954298487f-VFS-iphonesimulator/all-product-headers.yaml -Xcc -iquote -Xcc /Users/stevenrichter/Library/Developer/Xcode/DerivedData/ChordLab-bxqicilqszggkqebhxvoucpemkpk/Build/Intermediates.noindex/ChordLab.build/Debug-iphonesimulator/ChordLab.build/ChordLab-project-headers.hmap -Xcc -I/Users/stevenrichter/Library/Developer/Xcode/DerivedData/ChordLab-bxqicilqszggkqebhxvoucpemkpk/Build/Products/Debug-iphonesimulator/include -Xcc -I/Users/stevenrichter/Library/Developer/Xcode/DerivedData/ChordLab-bxqicilqszggkqebhxvoucpemkpk/Build/Intermediates.noindex/ChordLab.build/Debug-iphonesimulator/ChordLab.build/DerivedSources-normal/arm64 -Xcc -I/Users/stevenrichter/Library/Developer/Xcode/DerivedData/ChordLab-bxqicilqszggkqebhxvoucpemkpk/Build/Intermediates.noindex/ChordLab.build/Debug-iphonesimulator/ChordLab.build/DerivedSources/arm64 -Xcc -I/Users/stevenrichter/Library/Developer/Xcode/DerivedData/ChordLab-bxqicilqszggkqebhxvoucpemkpk/Build/Intermediates.noindex/ChordLab.build/Debug-iphonesimulator/ChordLab.build/DerivedSources -Xcc -DDEBUG\=1 -emit-objc-header -emit-objc-header-path /Users/stevenrichter/Library/Developer/Xcode/DerivedData/ChordLab-bxqicilqszggkqebhxvoucpemkpk/Build/Intermediates.noindex/ChordLab.build/Debug-iphonesimulator/ChordLab.build/Objects-normal/arm64/ChordLab-Swift.h -working-directory /Users/stevenrichter/Documents/repos/ChordLab -experimental-emit-module-separately -disable-cmo

Copy /Users/stevenrichter/Library/Developer/Xcode/DerivedData/ChordLab-bxqicilqszggkqebhxvoucpemkpk/Build/Products/Debug-iphonesimulator/ChordLab.swiftmodule/Project/arm64-apple-ios-simulator.swiftsourceinfo /Users/stevenrichter/Library/Developer/Xcode/DerivedData/ChordLab-bxqicilqszggkqebhxvoucpemkpk/Build/Intermediates.noindex/ChordLab.build/Debug-iphonesimulator/ChordLab.build/Objects-normal/arm64/ChordLab.swiftsourceinfo (in target 'ChordLab' from project 'ChordLab')
    cd /Users/stevenrichter/Documents/repos/ChordLab
    builtin-copy -exclude .DS_Store -exclude CVS -exclude .svn -exclude .git -exclude .hg -resolve-src-symlinks -rename /Users/stevenrichter/Library/Developer/Xcode/DerivedData/ChordLab-bxqicilqszggkqebhxvoucpemkpk/Build/Intermediates.noindex/ChordLab.build/Debug-iphonesimulator/ChordLab.build/Objects-normal/arm64/ChordLab.swiftsourceinfo /Users/stevenrichter/Library/Developer/Xcode/DerivedData/ChordLab-bxqicilqszggkqebhxvoucpemkpk/Build/Products/Debug-iphonesimulator/ChordLab.swiftmodule/Project/arm64-apple-ios-simulator.swiftsourceinfo

Copy /Users/stevenrichter/Library/Developer/Xcode/DerivedData/ChordLab-bxqicilqszggkqebhxvoucpemkpk/Build/Products/Debug-iphonesimulator/ChordLab.swiftmodule/arm64-apple-ios-simulator.abi.json /Users/stevenrichter/Library/Developer/Xcode/DerivedData/ChordLab-bxqicilqszggkqebhxvoucpemkpk/Build/Intermediates.noindex/ChordLab.build/Debug-iphonesimulator/ChordLab.build/Objects-normal/arm64/ChordLab.abi.json (in target 'ChordLab' from project 'ChordLab')
    cd /Users/stevenrichter/Documents/repos/ChordLab
    builtin-copy -exclude .DS_Store -exclude CVS -exclude .svn -exclude .git -exclude .hg -resolve-src-symlinks -rename /Users/stevenrichter/Library/Developer/Xcode/DerivedData/ChordLab-bxqicilqszggkqebhxvoucpemkpk/Build/Intermediates.noindex/ChordLab.build/Debug-iphonesimulator/ChordLab.build/Objects-normal/arm64/ChordLab.abi.json /Users/stevenrichter/Library/Developer/Xcode/DerivedData/ChordLab-bxqicilqszggkqebhxvoucpemkpk/Build/Products/Debug-iphonesimulator/ChordLab.swiftmodule/arm64-apple-ios-simulator.abi.json

SwiftDriver ChordLabTests normal arm64 com.apple.xcode.tools.swift.compiler (in target 'ChordLabTests' from project 'ChordLab')
    cd /Users/stevenrichter/Documents/repos/ChordLab
    builtin-SwiftDriver -- /Applications/Xcode.app/Contents/Developer/Toolchains/XcodeDefault.xctoolchain/usr/bin/swiftc -module-name ChordLabTests -Onone -enforce-exclusivity\=checked @/Users/stevenrichter/Library/Developer/Xcode/DerivedData/ChordLab-bxqicilqszggkqebhxvoucpemkpk/Build/Intermediates.noindex/ChordLab.build/Debug-iphonesimulator/ChordLabTests.build/Objects-normal/arm64/ChordLabTests.SwiftFileList -DDEBUG -plugin-path /Applications/Xcode.app/Contents/Developer/Toolchains/XcodeDefault.xctoolchain/usr/lib/swift/host/plugins/testing -enable-bare-slash-regex -enable-experimental-feature DebugDescriptionMacro -sdk /Applications/Xcode.app/Contents/Developer/Platforms/iPhoneSimulator.platform/Developer/SDKs/iPhoneSimulator18.2.sdk -target arm64-apple-ios17.4-simulator -g -module-cache-path /Users/stevenrichter/Library/Developer/Xcode/DerivedData/ModuleCache.noindex -Xfrontend -serialize-debugging-options -profile-coverage-mapping -profile-generate -enable-testing -index-store-path /Users/stevenrichter/Library/Developer/Xcode/DerivedData/ChordLab-bxqicilqszggkqebhxvoucpemkpk/Index.noindex/DataStore -enable-experimental-feature OpaqueTypeErasure -Xcc -D_LIBCPP_HARDENING_MODE\=_LIBCPP_HARDENING_MODE_DEBUG -swift-version 5 -I /Users/stevenrichter/Library/Developer/Xcode/DerivedData/ChordLab-bxqicilqszggkqebhxvoucpemkpk/Build/Products/Debug-iphonesimulator -I /Applications/Xcode.app/Contents/Developer/Platforms/iPhoneSimulator.platform/Developer/usr/lib -F /Users/stevenrichter/Library/Developer/Xcode/DerivedData/ChordLab-bxqicilqszggkqebhxvoucpemkpk/Build/Products/Debug-iphonesimulator/PackageFrameworks -F /Users/stevenrichter/Library/Developer/Xcode/DerivedData/ChordLab-bxqicilqszggkqebhxvoucpemkpk/Build/Products/Debug-iphonesimulator -F /Applications/Xcode.app/Contents/Developer/Platforms/iPhoneSimulator.platform/Developer/Library/Frameworks -F /Applications/Xcode.app/Contents/Developer/Platforms/iPhoneSimulator.platform/Developer/SDKs/iPhoneSimulator18.2.sdk/Developer/Library/Frameworks -c -j8 -enable-batch-mode -incremental -Xcc -ivfsstatcache -Xcc /Users/stevenrichter/Library/Developer/Xcode/DerivedData/SDKStatCaches.noindex/iphonesimulator18.2-22C146-07b28473f605e47e75261259d3ef3b5a.sdkstatcache -output-file-map /Users/stevenrichter/Library/Developer/Xcode/DerivedData/ChordLab-bxqicilqszggkqebhxvoucpemkpk/Build/Intermediates.noindex/ChordLab.build/Debug-iphonesimulator/ChordLabTests.build/Objects-normal/arm64/ChordLabTests-OutputFileMap.json -use-frontend-parseable-output -save-temps -no-color-diagnostics -serialize-diagnostics -emit-dependencies -emit-module -emit-module-path /Users/stevenrichter/Library/Developer/Xcode/DerivedData/ChordLab-bxqicilqszggkqebhxvoucpemkpk/Build/Intermediates.noindex/ChordLab.build/Debug-iphonesimulator/ChordLabTests.build/Objects-normal/arm64/ChordLabTests.swiftmodule -validate-clang-modules-once -clang-build-session-file /Users/stevenrichter/Library/Developer/Xcode/DerivedData/ModuleCache.noindex/Session.modulevalidation -Xcc -I/Users/stevenrichter/Library/Developer/Xcode/DerivedData/ChordLab-bxqicilqszggkqebhxvoucpemkpk/Build/Intermediates.noindex/ChordLab.build/Debug-iphonesimulator/ChordLabTests.build/swift-overrides.hmap -emit-const-values -Xfrontend -const-gather-protocols-file -Xfrontend /Users/stevenrichter/Library/Developer/Xcode/DerivedData/ChordLab-bxqicilqszggkqebhxvoucpemkpk/Build/Intermediates.noindex/ChordLab.build/Debug-iphonesimulator/ChordLabTests.build/Objects-normal/arm64/ChordLabTests_const_extract_protocols.json -Xcc -iquote -Xcc /Users/stevenrichter/Library/Developer/Xcode/DerivedData/ChordLab-bxqicilqszggkqebhxvoucpemkpk/Build/Intermediates.noindex/ChordLab.build/Debug-iphonesimulator/ChordLabTests.build/ChordLabTests-generated-files.hmap -Xcc -I/Users/stevenrichter/Library/Developer/Xcode/DerivedData/ChordLab-bxqicilqszggkqebhxvoucpemkpk/Build/Intermediates.noindex/ChordLab.build/Debug-iphonesimulator/ChordLabTests.build/ChordLabTests-own-target-headers.hmap -Xcc -I/Users/stevenrichter/Library/Developer/Xcode/DerivedData/ChordLab-bxqicilqszggkqebhxvoucpemkpk/Build/Intermediates.noindex/ChordLab.build/Debug-iphonesimulator/ChordLabTests.build/ChordLabTests-all-non-framework-target-headers.hmap -Xcc -ivfsoverlay -Xcc /Users/stevenrichter/Library/Developer/Xcode/DerivedData/ChordLab-bxqicilqszggkqebhxvoucpemkpk/Build/Intermediates.noindex/ChordLab.build/Debug-iphonesimulator/ChordLab-cfb814553d2595e15c77a0954298487f-VFS-iphonesimulator/all-product-headers.yaml -Xcc -iquote -Xcc /Users/stevenrichter/Library/Developer/Xcode/DerivedData/ChordLab-bxqicilqszggkqebhxvoucpemkpk/Build/Intermediates.noindex/ChordLab.build/Debug-iphonesimulator/ChordLabTests.build/ChordLabTests-project-headers.hmap -Xcc -I/Users/stevenrichter/Library/Developer/Xcode/DerivedData/ChordLab-bxqicilqszggkqebhxvoucpemkpk/Build/Products/Debug-iphonesimulator/include -Xcc -I/Users/stevenrichter/Library/Developer/Xcode/DerivedData/ChordLab-bxqicilqszggkqebhxvoucpemkpk/Build/Intermediates.noindex/ChordLab.build/Debug-iphonesimulator/ChordLabTests.build/DerivedSources-normal/arm64 -Xcc -I/Users/stevenrichter/Library/Developer/Xcode/DerivedData/ChordLab-bxqicilqszggkqebhxvoucpemkpk/Build/Intermediates.noindex/ChordLab.build/Debug-iphonesimulator/ChordLabTests.build/DerivedSources/arm64 -Xcc -I/Users/stevenrichter/Library/Developer/Xcode/DerivedData/ChordLab-bxqicilqszggkqebhxvoucpemkpk/Build/Intermediates.noindex/ChordLab.build/Debug-iphonesimulator/ChordLabTests.build/DerivedSources -Xcc -DDEBUG\=1 -emit-objc-header -emit-objc-header-path /Users/stevenrichter/Library/Developer/Xcode/DerivedData/ChordLab-bxqicilqszggkqebhxvoucpemkpk/Build/Intermediates.noindex/ChordLab.build/Debug-iphonesimulator/ChordLabTests.build/Objects-normal/arm64/ChordLabTests-Swift.h -working-directory /Users/stevenrichter/Documents/repos/ChordLab -experimental-emit-module-separately -disable-cmo

SwiftEmitModule normal arm64 Emitting\ module\ for\ ChordLabTests (in target 'ChordLabTests' from project 'ChordLab')
    cd /Users/stevenrichter/Documents/repos/ChordLab
    builtin-swiftTaskExecution -- /Applications/Xcode.app/Contents/Developer/Toolchains/XcodeDefault.xctoolchain/usr/bin/swift-frontend -frontend -emit-module -experimental-skip-non-inlinable-function-bodies-without-types /Users/stevenrichter/Documents/repos/ChordLab/ChordLabTests/Models/AchievementTests.swift /Users/stevenrichter/Documents/repos/ChordLab/ChordLabTests/Models/PracticeSessionTests.swift /Users/stevenrichter/Documents/repos/ChordLab/ChordLabTests/Models/SwiftDataIntegrationTests.swift /Users/stevenrichter/Documents/repos/ChordLab/ChordLabTests/Services/AudioEngineTests.swift /Users/stevenrichter/Documents/repos/ChordLab/ChordLabTests/Services/DataManagerTests.swift /Users/stevenrichter/Documents/repos/ChordLab/ChordLabTests/Services/TheoryEngineTests.swift /Users/stevenrichter/Documents/repos/ChordLab/ChordLabTests/ChordLabTests.swift -target arm64-apple-ios17.4-simulator -Xllvm -aarch64-use-tbi -enable-objc-interop -sdk /Applications/Xcode.app/Contents/Developer/Platforms/iPhoneSimulator.platform/Developer/SDKs/iPhoneSimulator18.2.sdk -I /Users/stevenrichter/Library/Developer/Xcode/DerivedData/ChordLab-bxqicilqszggkqebhxvoucpemkpk/Build/Products/Debug-iphonesimulator -I /Applications/Xcode.app/Contents/Developer/Platforms/iPhoneSimulator.platform/Developer/usr/lib -F /Users/stevenrichter/Library/Developer/Xcode/DerivedData/ChordLab-bxqicilqszggkqebhxvoucpemkpk/Build/Products/Debug-iphonesimulator/PackageFrameworks -F /Users/stevenrichter/Library/Developer/Xcode/DerivedData/ChordLab-bxqicilqszggkqebhxvoucpemkpk/Build/Products/Debug-iphonesimulator -F /Applications/Xcode.app/Contents/Developer/Platforms/iPhoneSimulator.platform/Developer/Library/Frameworks -F /Applications/Xcode.app/Contents/Developer/Platforms/iPhoneSimulator.platform/Developer/SDKs/iPhoneSimulator18.2.sdk/Developer/Library/Frameworks -no-color-diagnostics -enable-testing -g -debug-info-format\=dwarf -dwarf-version\=4 -module-cache-path /Users/stevenrichter/Library/Developer/Xcode/DerivedData/ModuleCache.noindex -profile-generate -profile-coverage-mapping -swift-version 5 -enforce-exclusivity\=checked -Onone -D DEBUG -serialize-debugging-options -const-gather-protocols-file /Users/stevenrichter/Library/Developer/Xcode/DerivedData/ChordLab-bxqicilqszggkqebhxvoucpemkpk/Build/Intermediates.noindex/ChordLab.build/Debug-iphonesimulator/ChordLabTests.build/Objects-normal/arm64/ChordLabTests_const_extract_protocols.json -enable-experimental-feature DebugDescriptionMacro -enable-experimental-feature OpaqueTypeErasure -enable-bare-slash-regex -empty-abi-descriptor -plugin-path /Applications/Xcode.app/Contents/Developer/Toolchains/XcodeDefault.xctoolchain/usr/lib/swift/host/plugins/testing -validate-clang-modules-once -clang-build-session-file /Users/stevenrichter/Library/Developer/Xcode/DerivedData/ModuleCache.noindex/Session.modulevalidation -Xcc -working-directory -Xcc /Users/stevenrichter/Documents/repos/ChordLab -resource-dir /Applications/Xcode.app/Contents/Developer/Toolchains/XcodeDefault.xctoolchain/usr/lib/swift -enable-anonymous-context-mangled-names -file-compilation-dir /Users/stevenrichter/Documents/repos/ChordLab -Xcc -D_LIBCPP_HARDENING_MODE\=_LIBCPP_HARDENING_MODE_DEBUG -Xcc -ivfsstatcache -Xcc /Users/stevenrichter/Library/Developer/Xcode/DerivedData/SDKStatCaches.noindex/iphonesimulator18.2-22C146-07b28473f605e47e75261259d3ef3b5a.sdkstatcache -Xcc -I/Users/stevenrichter/Library/Developer/Xcode/DerivedData/ChordLab-bxqicilqszggkqebhxvoucpemkpk/Build/Intermediates.noindex/ChordLab.build/Debug-iphonesimulator/ChordLabTests.build/swift-overrides.hmap -Xcc -iquote -Xcc /Users/stevenrichter/Library/Developer/Xcode/DerivedData/ChordLab-bxqicilqszggkqebhxvoucpemkpk/Build/Intermediates.noindex/ChordLab.build/Debug-iphonesimulator/ChordLabTests.build/ChordLabTests-generated-files.hmap -Xcc -I/Users/stevenrichter/Library/Developer/Xcode/DerivedData/ChordLab-bxqicilqszggkqebhxvoucpemkpk/Build/Intermediates.noindex/ChordLab.build/Debug-iphonesimulator/ChordLabTests.build/ChordLabTests-own-target-headers.hmap -Xcc -I/Users/stevenrichter/Library/Developer/Xcode/DerivedData/ChordLab-bxqicilqszggkqebhxvoucpemkpk/Build/Intermediates.noindex/ChordLab.build/Debug-iphonesimulator/ChordLabTests.build/ChordLabTests-all-non-framework-target-headers.hmap -Xcc -ivfsoverlay -Xcc /Users/stevenrichter/Library/Developer/Xcode/DerivedData/ChordLab-bxqicilqszggkqebhxvoucpemkpk/Build/Intermediates.noindex/ChordLab.build/Debug-iphonesimulator/ChordLab-cfb814553d2595e15c77a0954298487f-VFS-iphonesimulator/all-product-headers.yaml -Xcc -iquote -Xcc /Users/stevenrichter/Library/Developer/Xcode/DerivedData/ChordLab-bxqicilqszggkqebhxvoucpemkpk/Build/Intermediates.noindex/ChordLab.build/Debug-iphonesimulator/ChordLabTests.build/ChordLabTests-project-headers.hmap -Xcc -I/Users/stevenrichter/Library/Developer/Xcode/DerivedData/ChordLab-bxqicilqszggkqebhxvoucpemkpk/Build/Products/Debug-iphonesimulator/include -Xcc -I/Users/stevenrichter/Library/Developer/Xcode/DerivedData/ChordLab-bxqicilqszggkqebhxvoucpemkpk/Build/Intermediates.noindex/ChordLab.build/Debug-iphonesimulator/ChordLabTests.build/DerivedSources-normal/arm64 -Xcc -I/Users/stevenrichter/Library/Developer/Xcode/DerivedData/ChordLab-bxqicilqszggkqebhxvoucpemkpk/Build/Intermediates.noindex/ChordLab.build/Debug-iphonesimulator/ChordLabTests.build/DerivedSources/arm64 -Xcc -I/Users/stevenrichter/Library/Developer/Xcode/DerivedData/ChordLab-bxqicilqszggkqebhxvoucpemkpk/Build/Intermediates.noindex/ChordLab.build/Debug-iphonesimulator/ChordLabTests.build/DerivedSources -Xcc -DDEBUG\=1 -module-name ChordLabTests -frontend-parseable-output -disable-clang-spi -target-sdk-version 18.2 -target-sdk-name iphonesimulator18.2 -external-plugin-path /Applications/Xcode.app/Contents/Developer/Platforms/iPhoneOS.platform/Developer/usr/lib/swift/host/plugins\#/Applications/Xcode.app/Contents/Developer/Platforms/iPhoneOS.platform/Developer/usr/bin/swift-plugin-server -external-plugin-path /Applications/Xcode.app/Contents/Developer/Platforms/iPhoneOS.platform/Developer/usr/local/lib/swift/host/plugins\#/Applications/Xcode.app/Contents/Developer/Platforms/iPhoneOS.platform/Developer/usr/bin/swift-plugin-server -plugin-path /Applications/Xcode.app/Contents/Developer/Toolchains/XcodeDefault.xctoolchain/usr/lib/swift/host/plugins -plugin-path /Applications/Xcode.app/Contents/Developer/Toolchains/XcodeDefault.xctoolchain/usr/local/lib/swift/host/plugins -emit-module-doc-path /Users/stevenrichter/Library/Developer/Xcode/DerivedData/ChordLab-bxqicilqszggkqebhxvoucpemkpk/Build/Intermediates.noindex/ChordLab.build/Debug-iphonesimulator/ChordLabTests.build/Objects-normal/arm64/ChordLabTests.swiftdoc -emit-module-source-info-path /Users/stevenrichter/Library/Developer/Xcode/DerivedData/ChordLab-bxqicilqszggkqebhxvoucpemkpk/Build/Intermediates.noindex/ChordLab.build/Debug-iphonesimulator/ChordLabTests.build/Objects-normal/arm64/ChordLabTests.swiftsourceinfo -emit-objc-header-path /Users/stevenrichter/Library/Developer/Xcode/DerivedData/ChordLab-bxqicilqszggkqebhxvoucpemkpk/Build/Intermediates.noindex/ChordLab.build/Debug-iphonesimulator/ChordLabTests.build/Objects-normal/arm64/ChordLabTests-Swift.h -serialize-diagnostics-path /Users/stevenrichter/Library/Developer/Xcode/DerivedData/ChordLab-bxqicilqszggkqebhxvoucpemkpk/Build/Intermediates.noindex/ChordLab.build/Debug-iphonesimulator/ChordLabTests.build/Objects-normal/arm64/ChordLabTests-master-emit-module.dia -emit-dependencies-path /Users/stevenrichter/Library/Developer/Xcode/DerivedData/ChordLab-bxqicilqszggkqebhxvoucpemkpk/Build/Intermediates.noindex/ChordLab.build/Debug-iphonesimulator/ChordLabTests.build/Objects-normal/arm64/ChordLabTests-master-emit-module.d -o /Users/stevenrichter/Library/Developer/Xcode/DerivedData/ChordLab-bxqicilqszggkqebhxvoucpemkpk/Build/Intermediates.noindex/ChordLab.build/Debug-iphonesimulator/ChordLabTests.build/Objects-normal/arm64/ChordLabTests.swiftmodule -emit-abi-descriptor-path /Users/stevenrichter/Library/Developer/Xcode/DerivedData/ChordLab-bxqicilqszggkqebhxvoucpemkpk/Build/Intermediates.noindex/ChordLab.build/Debug-iphonesimulator/ChordLabTests.build/Objects-normal/arm64/ChordLabTests.abi.json
EmitSwiftModule normal arm64 (in target 'ChordLabTests' from project 'ChordLab')
    cd /Users/stevenrichter/Documents/repos/ChordLab
    /Applications/Xcode.app/Contents/Developer/Toolchains/XcodeDefault.xctoolchain/usr/bin/swift-frontend -emit-module -experimental-skip-non-inlinable-function-bodies-without-types /Users/stevenrichter/Documents/repos/ChordLab/ChordLabTests/Models/AchievementTests.swift /Users/stevenrichter/Documents/repos/ChordLab/ChordLabTests/Models/PracticeSessionTests.swift /Users/stevenrichter/Documents/repos/ChordLab/ChordLabTests/Models/SwiftDataIntegrationTests.swift /Users/stevenrichter/Documents/repos/ChordLab/ChordLabTests/Services/AudioEngineTests.swift /Users/stevenrichter/Documents/repos/ChordLab/ChordLabTests/Services/DataManagerTests.swift /Users/stevenrichter/Documents/repos/ChordLab/ChordLabTests/Services/TheoryEngineTests.swift /Users/stevenrichter/Documents/repos/ChordLab/ChordLabTests/ChordLabTests.swift -target arm64-apple-ios17.4-simulator -Xllvm -aarch64-use-tbi -enable-objc-interop -sdk /Applications/Xcode.app/Contents/Developer/Platforms/iPhoneSimulator.platform/Developer/SDKs/iPhoneSimulator18.2.sdk -I /Users/stevenrichter/Library/Developer/Xcode/DerivedData/ChordLab-bxqicilqszggkqebhxvoucpemkpk/Build/Products/Debug-iphonesimulator -I /Applications/Xcode.app/Contents/Developer/Platforms/iPhoneSimulator.platform/Developer/usr/lib -F /Users/stevenrichter/Library/Developer/Xcode/DerivedData/ChordLab-bxqicilqszggkqebhxvoucpemkpk/Build/Products/Debug-iphonesimulator/PackageFrameworks -F /Users/stevenrichter/Library/Developer/Xcode/DerivedData/ChordLab-bxqicilqszggkqebhxvoucpemkpk/Build/Products/Debug-iphonesimulator -F /Applications/Xcode.app/Contents/Developer/Platforms/iPhoneSimulator.platform/Developer/Library/Frameworks -F /Applications/Xcode.app/Contents/Developer/Platforms/iPhoneSimulator.platform/Developer/SDKs/iPhoneSimulator18.2.sdk/Developer/Library/Frameworks -no-color-diagnostics -enable-testing -g -debug-info-format\=dwarf -dwarf-version\=4 -module-cache-path /Users/stevenrichter/Library/Developer/Xcode/DerivedData/ModuleCache.noindex -profile-generate -profile-coverage-mapping -swift-version 5 -enforce-exclusivity\=checked -Onone -D DEBUG -serialize-debugging-options -const-gather-protocols-file /Users/stevenrichter/Library/Developer/Xcode/DerivedData/ChordLab-bxqicilqszggkqebhxvoucpemkpk/Build/Intermediates.noindex/ChordLab.build/Debug-iphonesimulator/ChordLabTests.build/Objects-normal/arm64/ChordLabTests_const_extract_protocols.json -enable-experimental-feature DebugDescriptionMacro -enable-experimental-feature OpaqueTypeErasure -enable-bare-slash-regex -empty-abi-descriptor -plugin-path /Applications/Xcode.app/Contents/Developer/Toolchains/XcodeDefault.xctoolchain/usr/lib/swift/host/plugins/testing -validate-clang-modules-once -clang-build-session-file /Users/stevenrichter/Library/Developer/Xcode/DerivedData/ModuleCache.noindex/Session.modulevalidation -Xcc -working-directory -Xcc /Users/stevenrichter/Documents/repos/ChordLab -resource-dir /Applications/Xcode.app/Contents/Developer/Toolchains/XcodeDefault.xctoolchain/usr/lib/swift -enable-anonymous-context-mangled-names -file-compilation-dir /Users/stevenrichter/Documents/repos/ChordLab -Xcc -D_LIBCPP_HARDENING_MODE\=_LIBCPP_HARDENING_MODE_DEBUG -Xcc -ivfsstatcache -Xcc /Users/stevenrichter/Library/Developer/Xcode/DerivedData/SDKStatCaches.noindex/iphonesimulator18.2-22C146-07b28473f605e47e75261259d3ef3b5a.sdkstatcache -Xcc -I/Users/stevenrichter/Library/Developer/Xcode/DerivedData/ChordLab-bxqicilqszggkqebhxvoucpemkpk/Build/Intermediates.noindex/ChordLab.build/Debug-iphonesimulator/ChordLabTests.build/swift-overrides.hmap -Xcc -iquote -Xcc /Users/stevenrichter/Library/Developer/Xcode/DerivedData/ChordLab-bxqicilqszggkqebhxvoucpemkpk/Build/Intermediates.noindex/ChordLab.build/Debug-iphonesimulator/ChordLabTests.build/ChordLabTests-generated-files.hmap -Xcc -I/Users/stevenrichter/Library/Developer/Xcode/DerivedData/ChordLab-bxqicilqszggkqebhxvoucpemkpk/Build/Intermediates.noindex/ChordLab.build/Debug-iphonesimulator/ChordLabTests.build/ChordLabTests-own-target-headers.hmap -Xcc -I/Users/stevenrichter/Library/Developer/Xcode/DerivedData/ChordLab-bxqicilqszggkqebhxvoucpemkpk/Build/Intermediates.noindex/ChordLab.build/Debug-iphonesimulator/ChordLabTests.build/ChordLabTests-all-non-framework-target-headers.hmap -Xcc -ivfsoverlay -Xcc /Users/stevenrichter/Library/Developer/Xcode/DerivedData/ChordLab-bxqicilqszggkqebhxvoucpemkpk/Build/Intermediates.noindex/ChordLab.build/Debug-iphonesimulator/ChordLab-cfb814553d2595e15c77a0954298487f-VFS-iphonesimulator/all-product-headers.yaml -Xcc -iquote -Xcc /Users/stevenrichter/Library/Developer/Xcode/DerivedData/ChordLab-bxqicilqszggkqebhxvoucpemkpk/Build/Intermediates.noindex/ChordLab.build/Debug-iphonesimulator/ChordLabTests.build/ChordLabTests-project-headers.hmap -Xcc -I/Users/stevenrichter/Library/Developer/Xcode/DerivedData/ChordLab-bxqicilqszggkqebhxvoucpemkpk/Build/Products/Debug-iphonesimulator/include -Xcc -I/Users/stevenrichter/Library/Developer/Xcode/DerivedData/ChordLab-bxqicilqszggkqebhxvoucpemkpk/Build/Intermediates.noindex/ChordLab.build/Debug-iphonesimulator/ChordLabTests.build/DerivedSources-normal/arm64 -Xcc -I/Users/stevenrichter/Library/Developer/Xcode/DerivedData/ChordLab-bxqicilqszggkqebhxvoucpemkpk/Build/Intermediates.noindex/ChordLab.build/Debug-iphonesimulator/ChordLabTests.build/DerivedSources/arm64 -Xcc -I/Users/stevenrichter/Library/Developer/Xcode/DerivedData/ChordLab-bxqicilqszggkqebhxvoucpemkpk/Build/Intermediates.noindex/ChordLab.build/Debug-iphonesimulator/ChordLabTests.build/DerivedSources -Xcc -DDEBUG\=1 -module-name ChordLabTests -frontend-parseable-output -disable-clang-spi -target-sdk-version 18.2 -target-sdk-name iphonesimulator18.2 -external-plugin-path /Applications/Xcode.app/Contents/Developer/Platforms/iPhoneOS.platform/Developer/usr/lib/swift/host/plugins\#/Applications/Xcode.app/Contents/Developer/Platforms/iPhoneOS.platform/Developer/usr/bin/swift-plugin-server -external-plugin-path /Applications/Xcode.app/Contents/Developer/Platforms/iPhoneOS.platform/Developer/usr/local/lib/swift/host/plugins\#/Applications/Xcode.app/Contents/Developer/Platforms/iPhoneOS.platform/Developer/usr/bin/swift-plugin-server -plugin-path /Applications/Xcode.app/Contents/Developer/Toolchains/XcodeDefault.xctoolchain/usr/lib/swift/host/plugins -plugin-path /Applications/Xcode.app/Contents/Developer/Toolchains/XcodeDefault.xctoolchain/usr/local/lib/swift/host/plugins -emit-module-doc-path /Users/stevenrichter/Library/Developer/Xcode/DerivedData/ChordLab-bxqicilqszggkqebhxvoucpemkpk/Build/Intermediates.noindex/ChordLab.build/Debug-iphonesimulator/ChordLabTests.build/Objects-normal/arm64/ChordLabTests.swiftdoc -emit-module-source-info-path /Users/stevenrichter/Library/Developer/Xcode/DerivedData/ChordLab-bxqicilqszggkqebhxvoucpemkpk/Build/Intermediates.noindex/ChordLab.build/Debug-iphonesimulator/ChordLabTests.build/Objects-normal/arm64/ChordLabTests.swiftsourceinfo -emit-objc-header-path /Users/stevenrichter/Library/Developer/Xcode/DerivedData/ChordLab-bxqicilqszggkqebhxvoucpemkpk/Build/Intermediates.noindex/ChordLab.build/Debug-iphonesimulator/ChordLabTests.build/Objects-normal/arm64/ChordLabTests-Swift.h -serialize-diagnostics-path /Users/stevenrichter/Library/Developer/Xcode/DerivedData/ChordLab-bxqicilqszggkqebhxvoucpemkpk/Build/Intermediates.noindex/ChordLab.build/Debug-iphonesimulator/ChordLabTests.build/Objects-normal/arm64/ChordLabTests-master-emit-module.dia -emit-dependencies-path /Users/stevenrichter/Library/Developer/Xcode/DerivedData/ChordLab-bxqicilqszggkqebhxvoucpemkpk/Build/Intermediates.noindex/ChordLab.build/Debug-iphonesimulator/ChordLabTests.build/Objects-normal/arm64/ChordLabTests-master-emit-module.d -o /Users/stevenrichter/Library/Developer/Xcode/DerivedData/ChordLab-bxqicilqszggkqebhxvoucpemkpk/Build/Intermediates.noindex/ChordLab.build/Debug-iphonesimulator/ChordLabTests.build/Objects-normal/arm64/ChordLabTests.swiftmodule -emit-abi-descriptor-path /Users/stevenrichter/Library/Developer/Xcode/DerivedData/ChordLab-bxqicilqszggkqebhxvoucpemkpk/Build/Intermediates.noindex/ChordLab.build/Debug-iphonesimulator/ChordLabTests.build/Objects-normal/arm64/ChordLabTests.abi.json

SwiftCompile normal arm64 Compiling\ AudioEngineTests.swift /Users/stevenrichter/Documents/repos/ChordLab/ChordLabTests/Services/AudioEngineTests.swift (in target 'ChordLabTests' from project 'ChordLab')
    cd /Users/stevenrichter/Documents/repos/ChordLab
    builtin-swiftTaskExecution -- /Applications/Xcode.app/Contents/Developer/Toolchains/XcodeDefault.xctoolchain/usr/bin/swift-frontend -frontend -c /Users/stevenrichter/Documents/repos/ChordLab/ChordLabTests/Models/AchievementTests.swift /Users/stevenrichter/Documents/repos/ChordLab/ChordLabTests/Models/PracticeSessionTests.swift /Users/stevenrichter/Documents/repos/ChordLab/ChordLabTests/Models/SwiftDataIntegrationTests.swift -primary-file /Users/stevenrichter/Documents/repos/ChordLab/ChordLabTests/Services/AudioEngineTests.swift /Users/stevenrichter/Documents/repos/ChordLab/ChordLabTests/Services/DataManagerTests.swift /Users/stevenrichter/Documents/repos/ChordLab/ChordLabTests/Services/TheoryEngineTests.swift /Users/stevenrichter/Documents/repos/ChordLab/ChordLabTests/ChordLabTests.swift -emit-dependencies-path /Users/stevenrichter/Library/Developer/Xcode/DerivedData/ChordLab-bxqicilqszggkqebhxvoucpemkpk/Build/Intermediates.noindex/ChordLab.build/Debug-iphonesimulator/ChordLabTests.build/Objects-normal/arm64/AudioEngineTests.d -emit-const-values-path /Users/stevenrichter/Library/Developer/Xcode/DerivedData/ChordLab-bxqicilqszggkqebhxvoucpemkpk/Build/Intermediates.noindex/ChordLab.build/Debug-iphonesimulator/ChordLabTests.build/Objects-normal/arm64/AudioEngineTests.swiftconstvalues -emit-reference-dependencies-path /Users/stevenrichter/Library/Developer/Xcode/DerivedData/ChordLab-bxqicilqszggkqebhxvoucpemkpk/Build/Intermediates.noindex/ChordLab.build/Debug-iphonesimulator/ChordLabTests.build/Objects-normal/arm64/AudioEngineTests.swiftdeps -serialize-diagnostics-path /Users/stevenrichter/Library/Developer/Xcode/DerivedData/ChordLab-bxqicilqszggkqebhxvoucpemkpk/Build/Intermediates.noindex/ChordLab.build/Debug-iphonesimulator/ChordLabTests.build/Objects-normal/arm64/AudioEngineTests.dia -target arm64-apple-ios17.4-simulator -Xllvm -aarch64-use-tbi -enable-objc-interop -sdk /Applications/Xcode.app/Contents/Developer/Platforms/iPhoneSimulator.platform/Developer/SDKs/iPhoneSimulator18.2.sdk -I /Users/stevenrichter/Library/Developer/Xcode/DerivedData/ChordLab-bxqicilqszggkqebhxvoucpemkpk/Build/Products/Debug-iphonesimulator -I /Applications/Xcode.app/Contents/Developer/Platforms/iPhoneSimulator.platform/Developer/usr/lib -F /Users/stevenrichter/Library/Developer/Xcode/DerivedData/ChordLab-bxqicilqszggkqebhxvoucpemkpk/Build/Products/Debug-iphonesimulator/PackageFrameworks -F /Users/stevenrichter/Library/Developer/Xcode/DerivedData/ChordLab-bxqicilqszggkqebhxvoucpemkpk/Build/Products/Debug-iphonesimulator -F /Applications/Xcode.app/Contents/Developer/Platforms/iPhoneSimulator.platform/Developer/Library/Frameworks -F /Applications/Xcode.app/Contents/Developer/Platforms/iPhoneSimulator.platform/Developer/SDKs/iPhoneSimulator18.2.sdk/Developer/Library/Frameworks -no-color-diagnostics -enable-testing -g -debug-info-format\=dwarf -dwarf-version\=4 -module-cache-path /Users/stevenrichter/Library/Developer/Xcode/DerivedData/ModuleCache.noindex -profile-generate -profile-coverage-mapping -swift-version 5 -enforce-exclusivity\=checked -Onone -D DEBUG -serialize-debugging-options -const-gather-protocols-file /Users/stevenrichter/Library/Developer/Xcode/DerivedData/ChordLab-bxqicilqszggkqebhxvoucpemkpk/Build/Intermediates.noindex/ChordLab.build/Debug-iphonesimulator/ChordLabTests.build/Objects-normal/arm64/ChordLabTests_const_extract_protocols.json -enable-experimental-feature DebugDescriptionMacro -enable-experimental-feature OpaqueTypeErasure -enable-bare-slash-regex -empty-abi-descriptor -plugin-path /Applications/Xcode.app/Contents/Developer/Toolchains/XcodeDefault.xctoolchain/usr/lib/swift/host/plugins/testing -validate-clang-modules-once -clang-build-session-file /Users/stevenrichter/Library/Developer/Xcode/DerivedData/ModuleCache.noindex/Session.modulevalidation -Xcc -working-directory -Xcc /Users/stevenrichter/Documents/repos/ChordLab -resource-dir /Applications/Xcode.app/Contents/Developer/Toolchains/XcodeDefault.xctoolchain/usr/lib/swift -enable-anonymous-context-mangled-names -file-compilation-dir /Users/stevenrichter/Documents/repos/ChordLab -Xcc -D_LIBCPP_HARDENING_MODE\=_LIBCPP_HARDENING_MODE_DEBUG -Xcc -ivfsstatcache -Xcc /Users/stevenrichter/Library/Developer/Xcode/DerivedData/SDKStatCaches.noindex/iphonesimulator18.2-22C146-07b28473f605e47e75261259d3ef3b5a.sdkstatcache -Xcc -I/Users/stevenrichter/Library/Developer/Xcode/DerivedData/ChordLab-bxqicilqszggkqebhxvoucpemkpk/Build/Intermediates.noindex/ChordLab.build/Debug-iphonesimulator/ChordLabTests.build/swift-overrides.hmap -Xcc -iquote -Xcc /Users/stevenrichter/Library/Developer/Xcode/DerivedData/ChordLab-bxqicilqszggkqebhxvoucpemkpk/Build/Intermediates.noindex/ChordLab.build/Debug-iphonesimulator/ChordLabTests.build/ChordLabTests-generated-files.hmap -Xcc -I/Users/stevenrichter/Library/Developer/Xcode/DerivedData/ChordLab-bxqicilqszggkqebhxvoucpemkpk/Build/Intermediates.noindex/ChordLab.build/Debug-iphonesimulator/ChordLabTests.build/ChordLabTests-own-target-headers.hmap -Xcc -I/Users/stevenrichter/Library/Developer/Xcode/DerivedData/ChordLab-bxqicilqszggkqebhxvoucpemkpk/Build/Intermediates.noindex/ChordLab.build/Debug-iphonesimulator/ChordLabTests.build/ChordLabTests-all-non-framework-target-headers.hmap -Xcc -ivfsoverlay -Xcc /Users/stevenrichter/Library/Developer/Xcode/DerivedData/ChordLab-bxqicilqszggkqebhxvoucpemkpk/Build/Intermediates.noindex/ChordLab.build/Debug-iphonesimulator/ChordLab-cfb814553d2595e15c77a0954298487f-VFS-iphonesimulator/all-product-headers.yaml -Xcc -iquote -Xcc /Users/stevenrichter/Library/Developer/Xcode/DerivedData/ChordLab-bxqicilqszggkqebhxvoucpemkpk/Build/Intermediates.noindex/ChordLab.build/Debug-iphonesimulator/ChordLabTests.build/ChordLabTests-project-headers.hmap -Xcc -I/Users/stevenrichter/Library/Developer/Xcode/DerivedData/ChordLab-bxqicilqszggkqebhxvoucpemkpk/Build/Products/Debug-iphonesimulator/include -Xcc -I/Users/stevenrichter/Library/Developer/Xcode/DerivedData/ChordLab-bxqicilqszggkqebhxvoucpemkpk/Build/Intermediates.noindex/ChordLab.build/Debug-iphonesimulator/ChordLabTests.build/DerivedSources-normal/arm64 -Xcc -I/Users/stevenrichter/Library/Developer/Xcode/DerivedData/ChordLab-bxqicilqszggkqebhxvoucpemkpk/Build/Intermediates.noindex/ChordLab.build/Debug-iphonesimulator/ChordLabTests.build/DerivedSources/arm64 -Xcc -I/Users/stevenrichter/Library/Developer/Xcode/DerivedData/ChordLab-bxqicilqszggkqebhxvoucpemkpk/Build/Intermediates.noindex/ChordLab.build/Debug-iphonesimulator/ChordLabTests.build/DerivedSources -Xcc -DDEBUG\=1 -module-name ChordLabTests -frontend-parseable-output -disable-clang-spi -target-sdk-version 18.2 -target-sdk-name iphonesimulator18.2 -external-plugin-path /Applications/Xcode.app/Contents/Developer/Platforms/iPhoneOS.platform/Developer/usr/lib/swift/host/plugins\#/Applications/Xcode.app/Contents/Developer/Platforms/iPhoneOS.platform/Developer/usr/bin/swift-plugin-server -external-plugin-path /Applications/Xcode.app/Contents/Developer/Platforms/iPhoneOS.platform/Developer/usr/local/lib/swift/host/plugins\#/Applications/Xcode.app/Contents/Developer/Platforms/iPhoneOS.platform/Developer/usr/bin/swift-plugin-server -plugin-path /Applications/Xcode.app/Contents/Developer/Toolchains/XcodeDefault.xctoolchain/usr/lib/swift/host/plugins -plugin-path /Applications/Xcode.app/Contents/Developer/Toolchains/XcodeDefault.xctoolchain/usr/local/lib/swift/host/plugins -o /Users/stevenrichter/Library/Developer/Xcode/DerivedData/ChordLab-bxqicilqszggkqebhxvoucpemkpk/Build/Intermediates.noindex/ChordLab.build/Debug-iphonesimulator/ChordLabTests.build/Objects-normal/arm64/AudioEngineTests.o -index-unit-output-path /ChordLab.build/Debug-iphonesimulator/ChordLabTests.build/Objects-normal/arm64/AudioEngineTests.o -index-store-path /Users/stevenrichter/Library/Developer/Xcode/DerivedData/ChordLab-bxqicilqszggkqebhxvoucpemkpk/Index.noindex/DataStore -index-system-modules
SwiftCompile normal arm64 /Users/stevenrichter/Documents/repos/ChordLab/ChordLabTests/Services/AudioEngineTests.swift (in target 'ChordLabTests' from project 'ChordLab')
    cd /Users/stevenrichter/Documents/repos/ChordLab
    /Applications/Xcode.app/Contents/Developer/Toolchains/XcodeDefault.xctoolchain/usr/bin/swift-frontend -c /Users/stevenrichter/Documents/repos/ChordLab/ChordLabTests/Models/AchievementTests.swift /Users/stevenrichter/Documents/repos/ChordLab/ChordLabTests/Models/PracticeSessionTests.swift /Users/stevenrichter/Documents/repos/ChordLab/ChordLabTests/Models/SwiftDataIntegrationTests.swift -primary-file /Users/stevenrichter/Documents/repos/ChordLab/ChordLabTests/Services/AudioEngineTests.swift /Users/stevenrichter/Documents/repos/ChordLab/ChordLabTests/Services/DataManagerTests.swift /Users/stevenrichter/Documents/repos/ChordLab/ChordLabTests/Services/TheoryEngineTests.swift /Users/stevenrichter/Documents/repos/ChordLab/ChordLabTests/ChordLabTests.swift -emit-dependencies-path /Users/stevenrichter/Library/Developer/Xcode/DerivedData/ChordLab-bxqicilqszggkqebhxvoucpemkpk/Build/Intermediates.noindex/ChordLab.build/Debug-iphonesimulator/ChordLabTests.build/Objects-normal/arm64/AudioEngineTests.d -emit-const-values-path /Users/stevenrichter/Library/Developer/Xcode/DerivedData/ChordLab-bxqicilqszggkqebhxvoucpemkpk/Build/Intermediates.noindex/ChordLab.build/Debug-iphonesimulator/ChordLabTests.build/Objects-normal/arm64/AudioEngineTests.swiftconstvalues -emit-reference-dependencies-path /Users/stevenrichter/Library/Developer/Xcode/DerivedData/ChordLab-bxqicilqszggkqebhxvoucpemkpk/Build/Intermediates.noindex/ChordLab.build/Debug-iphonesimulator/ChordLabTests.build/Objects-normal/arm64/AudioEngineTests.swiftdeps -serialize-diagnostics-path /Users/stevenrichter/Library/Developer/Xcode/DerivedData/ChordLab-bxqicilqszggkqebhxvoucpemkpk/Build/Intermediates.noindex/ChordLab.build/Debug-iphonesimulator/ChordLabTests.build/Objects-normal/arm64/AudioEngineTests.dia -target arm64-apple-ios17.4-simulator -Xllvm -aarch64-use-tbi -enable-objc-interop -sdk /Applications/Xcode.app/Contents/Developer/Platforms/iPhoneSimulator.platform/Developer/SDKs/iPhoneSimulator18.2.sdk -I /Users/stevenrichter/Library/Developer/Xcode/DerivedData/ChordLab-bxqicilqszggkqebhxvoucpemkpk/Build/Products/Debug-iphonesimulator -I /Applications/Xcode.app/Contents/Developer/Platforms/iPhoneSimulator.platform/Developer/usr/lib -F /Users/stevenrichter/Library/Developer/Xcode/DerivedData/ChordLab-bxqicilqszggkqebhxvoucpemkpk/Build/Products/Debug-iphonesimulator/PackageFrameworks -F /Users/stevenrichter/Library/Developer/Xcode/DerivedData/ChordLab-bxqicilqszggkqebhxvoucpemkpk/Build/Products/Debug-iphonesimulator -F /Applications/Xcode.app/Contents/Developer/Platforms/iPhoneSimulator.platform/Developer/Library/Frameworks -F /Applications/Xcode.app/Contents/Developer/Platforms/iPhoneSimulator.platform/Developer/SDKs/iPhoneSimulator18.2.sdk/Developer/Library/Frameworks -no-color-diagnostics -enable-testing -g -debug-info-format\=dwarf -dwarf-version\=4 -module-cache-path /Users/stevenrichter/Library/Developer/Xcode/DerivedData/ModuleCache.noindex -profile-generate -profile-coverage-mapping -swift-version 5 -enforce-exclusivity\=checked -Onone -D DEBUG -serialize-debugging-options -const-gather-protocols-file /Users/stevenrichter/Library/Developer/Xcode/DerivedData/ChordLab-bxqicilqszggkqebhxvoucpemkpk/Build/Intermediates.noindex/ChordLab.build/Debug-iphonesimulator/ChordLabTests.build/Objects-normal/arm64/ChordLabTests_const_extract_protocols.json -enable-experimental-feature DebugDescriptionMacro -enable-experimental-feature OpaqueTypeErasure -enable-bare-slash-regex -empty-abi-descriptor -plugin-path /Applications/Xcode.app/Contents/Developer/Toolchains/XcodeDefault.xctoolchain/usr/lib/swift/host/plugins/testing -validate-clang-modules-once -clang-build-session-file /Users/stevenrichter/Library/Developer/Xcode/DerivedData/ModuleCache.noindex/Session.modulevalidation -Xcc -working-directory -Xcc /Users/stevenrichter/Documents/repos/ChordLab -resource-dir /Applications/Xcode.app/Contents/Developer/Toolchains/XcodeDefault.xctoolchain/usr/lib/swift -enable-anonymous-context-mangled-names -file-compilation-dir /Users/stevenrichter/Documents/repos/ChordLab -Xcc -D_LIBCPP_HARDENING_MODE\=_LIBCPP_HARDENING_MODE_DEBUG -Xcc -ivfsstatcache -Xcc /Users/stevenrichter/Library/Developer/Xcode/DerivedData/SDKStatCaches.noindex/iphonesimulator18.2-22C146-07b28473f605e47e75261259d3ef3b5a.sdkstatcache -Xcc -I/Users/stevenrichter/Library/Developer/Xcode/DerivedData/ChordLab-bxqicilqszggkqebhxvoucpemkpk/Build/Intermediates.noindex/ChordLab.build/Debug-iphonesimulator/ChordLabTests.build/swift-overrides.hmap -Xcc -iquote -Xcc /Users/stevenrichter/Library/Developer/Xcode/DerivedData/ChordLab-bxqicilqszggkqebhxvoucpemkpk/Build/Intermediates.noindex/ChordLab.build/Debug-iphonesimulator/ChordLabTests.build/ChordLabTests-generated-files.hmap -Xcc -I/Users/stevenrichter/Library/Developer/Xcode/DerivedData/ChordLab-bxqicilqszggkqebhxvoucpemkpk/Build/Intermediates.noindex/ChordLab.build/Debug-iphonesimulator/ChordLabTests.build/ChordLabTests-own-target-headers.hmap -Xcc -I/Users/stevenrichter/Library/Developer/Xcode/DerivedData/ChordLab-bxqicilqszggkqebhxvoucpemkpk/Build/Intermediates.noindex/ChordLab.build/Debug-iphonesimulator/ChordLabTests.build/ChordLabTests-all-non-framework-target-headers.hmap -Xcc -ivfsoverlay -Xcc /Users/stevenrichter/Library/Developer/Xcode/DerivedData/ChordLab-bxqicilqszggkqebhxvoucpemkpk/Build/Intermediates.noindex/ChordLab.build/Debug-iphonesimulator/ChordLab-cfb814553d2595e15c77a0954298487f-VFS-iphonesimulator/all-product-headers.yaml -Xcc -iquote -Xcc /Users/stevenrichter/Library/Developer/Xcode/DerivedData/ChordLab-bxqicilqszggkqebhxvoucpemkpk/Build/Intermediates.noindex/ChordLab.build/Debug-iphonesimulator/ChordLabTests.build/ChordLabTests-project-headers.hmap -Xcc -I/Users/stevenrichter/Library/Developer/Xcode/DerivedData/ChordLab-bxqicilqszggkqebhxvoucpemkpk/Build/Products/Debug-iphonesimulator/include -Xcc -I/Users/stevenrichter/Library/Developer/Xcode/DerivedData/ChordLab-bxqicilqszggkqebhxvoucpemkpk/Build/Intermediates.noindex/ChordLab.build/Debug-iphonesimulator/ChordLabTests.build/DerivedSources-normal/arm64 -Xcc -I/Users/stevenrichter/Library/Developer/Xcode/DerivedData/ChordLab-bxqicilqszggkqebhxvoucpemkpk/Build/Intermediates.noindex/ChordLab.build/Debug-iphonesimulator/ChordLabTests.build/DerivedSources/arm64 -Xcc -I/Users/stevenrichter/Library/Developer/Xcode/DerivedData/ChordLab-bxqicilqszggkqebhxvoucpemkpk/Build/Intermediates.noindex/ChordLab.build/Debug-iphonesimulator/ChordLabTests.build/DerivedSources -Xcc -DDEBUG\=1 -module-name ChordLabTests -frontend-parseable-output -disable-clang-spi -target-sdk-version 18.2 -target-sdk-name iphonesimulator18.2 -external-plugin-path /Applications/Xcode.app/Contents/Developer/Platforms/iPhoneOS.platform/Developer/usr/lib/swift/host/plugins\#/Applications/Xcode.app/Contents/Developer/Platforms/iPhoneOS.platform/Developer/usr/bin/swift-plugin-server -external-plugin-path /Applications/Xcode.app/Contents/Developer/Platforms/iPhoneOS.platform/Developer/usr/local/lib/swift/host/plugins\#/Applications/Xcode.app/Contents/Developer/Platforms/iPhoneOS.platform/Developer/usr/bin/swift-plugin-server -plugin-path /Applications/Xcode.app/Contents/Developer/Toolchains/XcodeDefault.xctoolchain/usr/lib/swift/host/plugins -plugin-path /Applications/Xcode.app/Contents/Developer/Toolchains/XcodeDefault.xctoolchain/usr/local/lib/swift/host/plugins -o /Users/stevenrichter/Library/Developer/Xcode/DerivedData/ChordLab-bxqicilqszggkqebhxvoucpemkpk/Build/Intermediates.noindex/ChordLab.build/Debug-iphonesimulator/ChordLabTests.build/Objects-normal/arm64/AudioEngineTests.o -index-unit-output-path /ChordLab.build/Debug-iphonesimulator/ChordLabTests.build/Objects-normal/arm64/AudioEngineTests.o -index-store-path /Users/stevenrichter/Library/Developer/Xcode/DerivedData/ChordLab-bxqicilqszggkqebhxvoucpemkpk/Index.noindex/DataStore -index-system-modules

SwiftDriverJobDiscovery normal arm64 Compiling ContentView.swift (in target 'ChordLab' from project 'ChordLab')

SwiftDriverJobDiscovery normal arm64 Compiling AudioEngine.swift (in target 'ChordLab' from project 'ChordLab')

SwiftDriver\ Compilation ChordLab normal arm64 com.apple.xcode.tools.swift.compiler (in target 'ChordLab' from project 'ChordLab')
    cd /Users/stevenrichter/Documents/repos/ChordLab
    builtin-Swift-Compilation -- /Applications/Xcode.app/Contents/Developer/Toolchains/XcodeDefault.xctoolchain/usr/bin/swiftc -module-name ChordLab -Onone -enforce-exclusivity\=checked @/Users/stevenrichter/Library/Developer/Xcode/DerivedData/ChordLab-bxqicilqszggkqebhxvoucpemkpk/Build/Intermediates.noindex/ChordLab.build/Debug-iphonesimulator/ChordLab.build/Objects-normal/arm64/ChordLab.SwiftFileList -DDEBUG -enable-bare-slash-regex -enable-experimental-feature DebugDescriptionMacro -sdk /Applications/Xcode.app/Contents/Developer/Platforms/iPhoneSimulator.platform/Developer/SDKs/iPhoneSimulator18.2.sdk -target arm64-apple-ios17.4-simulator -g -module-cache-path /Users/stevenrichter/Library/Developer/Xcode/DerivedData/ModuleCache.noindex -Xfrontend -serialize-debugging-options -profile-coverage-mapping -profile-generate -enable-testing -index-store-path /Users/stevenrichter/Library/Developer/Xcode/DerivedData/ChordLab-bxqicilqszggkqebhxvoucpemkpk/Index.noindex/DataStore -enable-experimental-feature OpaqueTypeErasure -Xcc -D_LIBCPP_HARDENING_MODE\=_LIBCPP_HARDENING_MODE_DEBUG -swift-version 5 -I /Users/stevenrichter/Library/Developer/Xcode/DerivedData/ChordLab-bxqicilqszggkqebhxvoucpemkpk/Build/Products/Debug-iphonesimulator -F /Users/stevenrichter/Library/Developer/Xcode/DerivedData/ChordLab-bxqicilqszggkqebhxvoucpemkpk/Build/Products/Debug-iphonesimulator/PackageFrameworks -F /Users/stevenrichter/Library/Developer/Xcode/DerivedData/ChordLab-bxqicilqszggkqebhxvoucpemkpk/Build/Products/Debug-iphonesimulator -emit-localized-strings -emit-localized-strings-path /Users/stevenrichter/Library/Developer/Xcode/DerivedData/ChordLab-bxqicilqszggkqebhxvoucpemkpk/Build/Intermediates.noindex/ChordLab.build/Debug-iphonesimulator/ChordLab.build/Objects-normal/arm64 -c -j8 -enable-batch-mode -incremental -Xcc -ivfsstatcache -Xcc /Users/stevenrichter/Library/Developer/Xcode/DerivedData/SDKStatCaches.noindex/iphonesimulator18.2-22C146-07b28473f605e47e75261259d3ef3b5a.sdkstatcache -output-file-map /Users/stevenrichter/Library/Developer/Xcode/DerivedData/ChordLab-bxqicilqszggkqebhxvoucpemkpk/Build/Intermediates.noindex/ChordLab.build/Debug-iphonesimulator/ChordLab.build/Objects-normal/arm64/ChordLab-OutputFileMap.json -use-frontend-parseable-output -save-temps -no-color-diagnostics -serialize-diagnostics -emit-dependencies -emit-module -emit-module-path /Users/stevenrichter/Library/Developer/Xcode/DerivedData/ChordLab-bxqicilqszggkqebhxvoucpemkpk/Build/Intermediates.noindex/ChordLab.build/Debug-iphonesimulator/ChordLab.build/Objects-normal/arm64/ChordLab.swiftmodule -validate-clang-modules-once -clang-build-session-file /Users/stevenrichter/Library/Developer/Xcode/DerivedData/ModuleCache.noindex/Session.modulevalidation -Xcc -I/Users/stevenrichter/Library/Developer/Xcode/DerivedData/ChordLab-bxqicilqszggkqebhxvoucpemkpk/Build/Intermediates.noindex/ChordLab.build/Debug-iphonesimulator/ChordLab.build/swift-overrides.hmap -emit-const-values -Xfrontend -const-gather-protocols-file -Xfrontend /Users/stevenrichter/Library/Developer/Xcode/DerivedData/ChordLab-bxqicilqszggkqebhxvoucpemkpk/Build/Intermediates.noindex/ChordLab.build/Debug-iphonesimulator/ChordLab.build/Objects-normal/arm64/ChordLab_const_extract_protocols.json -Xcc -iquote -Xcc /Users/stevenrichter/Library/Developer/Xcode/DerivedData/ChordLab-bxqicilqszggkqebhxvoucpemkpk/Build/Intermediates.noindex/ChordLab.build/Debug-iphonesimulator/ChordLab.build/ChordLab-generated-files.hmap -Xcc -I/Users/stevenrichter/Library/Developer/Xcode/DerivedData/ChordLab-bxqicilqszggkqebhxvoucpemkpk/Build/Intermediates.noindex/ChordLab.build/Debug-iphonesimulator/ChordLab.build/ChordLab-own-target-headers.hmap -Xcc -I/Users/stevenrichter/Library/Developer/Xcode/DerivedData/ChordLab-bxqicilqszggkqebhxvoucpemkpk/Build/Intermediates.noindex/ChordLab.build/Debug-iphonesimulator/ChordLab.build/ChordLab-all-non-framework-target-headers.hmap -Xcc -ivfsoverlay -Xcc /Users/stevenrichter/Library/Developer/Xcode/DerivedData/ChordLab-bxqicilqszggkqebhxvoucpemkpk/Build/Intermediates.noindex/ChordLab.build/Debug-iphonesimulator/ChordLab-cfb814553d2595e15c77a0954298487f-VFS-iphonesimulator/all-product-headers.yaml -Xcc -iquote -Xcc /Users/stevenrichter/Library/Developer/Xcode/DerivedData/ChordLab-bxqicilqszggkqebhxvoucpemkpk/Build/Intermediates.noindex/ChordLab.build/Debug-iphonesimulator/ChordLab.build/ChordLab-project-headers.hmap -Xcc -I/Users/stevenrichter/Library/Developer/Xcode/DerivedData/ChordLab-bxqicilqszggkqebhxvoucpemkpk/Build/Products/Debug-iphonesimulator/include -Xcc -I/Users/stevenrichter/Library/Developer/Xcode/DerivedData/ChordLab-bxqicilqszggkqebhxvoucpemkpk/Build/Intermediates.noindex/ChordLab.build/Debug-iphonesimulator/ChordLab.build/DerivedSources-normal/arm64 -Xcc -I/Users/stevenrichter/Library/Developer/Xcode/DerivedData/ChordLab-bxqicilqszggkqebhxvoucpemkpk/Build/Intermediates.noindex/ChordLab.build/Debug-iphonesimulator/ChordLab.build/DerivedSources/arm64 -Xcc -I/Users/stevenrichter/Library/Developer/Xcode/DerivedData/ChordLab-bxqicilqszggkqebhxvoucpemkpk/Build/Intermediates.noindex/ChordLab.build/Debug-iphonesimulator/ChordLab.build/DerivedSources -Xcc -DDEBUG\=1 -emit-objc-header -emit-objc-header-path /Users/stevenrichter/Library/Developer/Xcode/DerivedData/ChordLab-bxqicilqszggkqebhxvoucpemkpk/Build/Intermediates.noindex/ChordLab.build/Debug-iphonesimulator/ChordLab.build/Objects-normal/arm64/ChordLab-Swift.h -working-directory /Users/stevenrichter/Documents/repos/ChordLab -experimental-emit-module-separately -disable-cmo

Ld /Users/stevenrichter/Library/Developer/Xcode/DerivedData/ChordLab-bxqicilqszggkqebhxvoucpemkpk/Build/Products/Debug-iphonesimulator/ChordLab.app/ChordLab.debug.dylib normal (in target 'ChordLab' from project 'ChordLab')
    cd /Users/stevenrichter/Documents/repos/ChordLab
    /Applications/Xcode.app/Contents/Developer/Toolchains/XcodeDefault.xctoolchain/usr/bin/clang -Xlinker -reproducible -target arm64-apple-ios17.4-simulator -dynamiclib -isysroot /Applications/Xcode.app/Contents/Developer/Platforms/iPhoneSimulator.platform/Developer/SDKs/iPhoneSimulator18.2.sdk -O0 -L/Users/stevenrichter/Library/Developer/Xcode/DerivedData/ChordLab-bxqicilqszggkqebhxvoucpemkpk/Build/Intermediates.noindex/EagerLinkingTBDs/Debug-iphonesimulator -L/Users/stevenrichter/Library/Developer/Xcode/DerivedData/ChordLab-bxqicilqszggkqebhxvoucpemkpk/Build/Products/Debug-iphonesimulator -F/Users/stevenrichter/Library/Developer/Xcode/DerivedData/ChordLab-bxqicilqszggkqebhxvoucpemkpk/Build/Intermediates.noindex/EagerLinkingTBDs/Debug-iphonesimulator -F/Users/stevenrichter/Library/Developer/Xcode/DerivedData/ChordLab-bxqicilqszggkqebhxvoucpemkpk/Build/Products/Debug-iphonesimulator/PackageFrameworks -F/Users/stevenrichter/Library/Developer/Xcode/DerivedData/ChordLab-bxqicilqszggkqebhxvoucpemkpk/Build/Products/Debug-iphonesimulator -filelist /Users/stevenrichter/Library/Developer/Xcode/DerivedData/ChordLab-bxqicilqszggkqebhxvoucpemkpk/Build/Intermediates.noindex/ChordLab.build/Debug-iphonesimulator/ChordLab.build/Objects-normal/arm64/ChordLab.LinkFileList -install_name @rpath/ChordLab.debug.dylib -Xlinker -rpath -Xlinker /Users/stevenrichter/Library/Developer/Xcode/DerivedData/ChordLab-bxqicilqszggkqebhxvoucpemkpk/Build/Products/Debug-iphonesimulator/PackageFrameworks -Xlinker -rpath -Xlinker @executable_path/Frameworks -dead_strip -Xlinker -object_path_lto -Xlinker /Users/stevenrichter/Library/Developer/Xcode/DerivedData/ChordLab-bxqicilqszggkqebhxvoucpemkpk/Build/Intermediates.noindex/ChordLab.build/Debug-iphonesimulator/ChordLab.build/Objects-normal/arm64/ChordLab_lto.o -Xlinker -export_dynamic -Xlinker -no_deduplicate -Xlinker -objc_abi_version -Xlinker 2 -Xlinker -debug_variant -fobjc-link-runtime -fprofile-instr-generate -L/Applications/Xcode.app/Contents/Developer/Toolchains/XcodeDefault.xctoolchain/usr/lib/swift/iphonesimulator -L/usr/lib/swift -Xlinker -add_ast_path -Xlinker /Users/stevenrichter/Library/Developer/Xcode/DerivedData/ChordLab-bxqicilqszggkqebhxvoucpemkpk/Build/Intermediates.noindex/ChordLab.build/Debug-iphonesimulator/ChordLab.build/Objects-normal/arm64/ChordLab.swiftmodule -Wl,-no_warn_duplicate_libraries -Xlinker -alias -Xlinker _main -Xlinker ___debug_main_executable_dylib_entry_point -Xlinker -no_adhoc_codesign -Xlinker -dependency_info -Xlinker /Users/stevenrichter/Library/Developer/Xcode/DerivedData/ChordLab-bxqicilqszggkqebhxvoucpemkpk/Build/Intermediates.noindex/ChordLab.build/Debug-iphonesimulator/ChordLab.build/Objects-normal/arm64/ChordLab_dependency_info.dat -o /Users/stevenrichter/Library/Developer/Xcode/DerivedData/ChordLab-bxqicilqszggkqebhxvoucpemkpk/Build/Products/Debug-iphonesimulator/ChordLab.app/ChordLab.debug.dylib -Xlinker -add_ast_path -Xlinker /Users/stevenrichter/Library/Developer/Xcode/DerivedData/ChordLab-bxqicilqszggkqebhxvoucpemkpk/Build/Intermediates.noindex/Tonic.build/Debug-iphonesimulator/Tonic.build/Objects-normal/arm64/Tonic.swiftmodule

ConstructStubExecutorLinkFileList /Users/stevenrichter/Library/Developer/Xcode/DerivedData/ChordLab-bxqicilqszggkqebhxvoucpemkpk/Build/Intermediates.noindex/ChordLab.build/Debug-iphonesimulator/ChordLab.build/ChordLab-ExecutorLinkFileList-normal-arm64.txt (in target 'ChordLab' from project 'ChordLab')
    cd /Users/stevenrichter/Documents/repos/ChordLab
    construct-stub-executor-link-file-list /Users/stevenrichter/Library/Developer/Xcode/DerivedData/ChordLab-bxqicilqszggkqebhxvoucpemkpk/Build/Products/Debug-iphonesimulator/ChordLab.app/ChordLab.debug.dylib /Applications/Xcode.app/Contents/Developer/Platforms/iPhoneSimulator.platform/Developer/usr/lib/libPreviewsJITStubExecutor_no_swift_entry_point.a /Applications/Xcode.app/Contents/Developer/Platforms/iPhoneSimulator.platform/Developer/usr/lib/libPreviewsJITStubExecutor.a --output /Users/stevenrichter/Library/Developer/Xcode/DerivedData/ChordLab-bxqicilqszggkqebhxvoucpemkpk/Build/Intermediates.noindex/ChordLab.build/Debug-iphonesimulator/ChordLab.build/ChordLab-ExecutorLinkFileList-normal-arm64.txt
note: Using stub executor library with Swift entry point. (in target 'ChordLab' from project 'ChordLab')

Ld /Users/stevenrichter/Library/Developer/Xcode/DerivedData/ChordLab-bxqicilqszggkqebhxvoucpemkpk/Build/Products/Debug-iphonesimulator/ChordLab.app/ChordLab normal (in target 'ChordLab' from project 'ChordLab')
    cd /Users/stevenrichter/Documents/repos/ChordLab
    /Applications/Xcode.app/Contents/Developer/Toolchains/XcodeDefault.xctoolchain/usr/bin/clang -Xlinker -reproducible -target arm64-apple-ios17.4-simulator -isysroot /Applications/Xcode.app/Contents/Developer/Platforms/iPhoneSimulator.platform/Developer/SDKs/iPhoneSimulator18.2.sdk -O0 -L/Users/stevenrichter/Library/Developer/Xcode/DerivedData/ChordLab-bxqicilqszggkqebhxvoucpemkpk/Build/Products/Debug-iphonesimulator -F/Users/stevenrichter/Library/Developer/Xcode/DerivedData/ChordLab-bxqicilqszggkqebhxvoucpemkpk/Build/Products/Debug-iphonesimulator/PackageFrameworks -F/Users/stevenrichter/Library/Developer/Xcode/DerivedData/ChordLab-bxqicilqszggkqebhxvoucpemkpk/Build/Products/Debug-iphonesimulator -Xlinker -rpath -Xlinker @executable_path -Xlinker -rpath -Xlinker /Users/stevenrichter/Library/Developer/Xcode/DerivedData/ChordLab-bxqicilqszggkqebhxvoucpemkpk/Build/Products/Debug-iphonesimulator/PackageFrameworks -Xlinker -rpath -Xlinker @executable_path/Frameworks -Xlinker -export_dynamic -Xlinker -no_deduplicate -Xlinker -objc_abi_version -Xlinker 2 -Xlinker -debug_variant -e ___debug_blank_executor_main -Xlinker -sectcreate -Xlinker __TEXT -Xlinker __debug_dylib -Xlinker /Users/stevenrichter/Library/Developer/Xcode/DerivedData/ChordLab-bxqicilqszggkqebhxvoucpemkpk/Build/Intermediates.noindex/ChordLab.build/Debug-iphonesimulator/ChordLab.build/ChordLab-DebugDylibPath-normal-arm64.txt -Xlinker -sectcreate -Xlinker __TEXT -Xlinker __debug_instlnm -Xlinker /Users/stevenrichter/Library/Developer/Xcode/DerivedData/ChordLab-bxqicilqszggkqebhxvoucpemkpk/Build/Intermediates.noindex/ChordLab.build/Debug-iphonesimulator/ChordLab.build/ChordLab-DebugDylibInstallName-normal-arm64.txt -Xlinker -filelist -Xlinker /Users/stevenrichter/Library/Developer/Xcode/DerivedData/ChordLab-bxqicilqszggkqebhxvoucpemkpk/Build/Intermediates.noindex/ChordLab.build/Debug-iphonesimulator/ChordLab.build/ChordLab-ExecutorLinkFileList-normal-arm64.txt -Xlinker -sectcreate -Xlinker __TEXT -Xlinker __entitlements -Xlinker /Users/stevenrichter/Library/Developer/Xcode/DerivedData/ChordLab-bxqicilqszggkqebhxvoucpemkpk/Build/Intermediates.noindex/ChordLab.build/Debug-iphonesimulator/ChordLab.build/ChordLab.app-Simulated.xcent -Xlinker -sectcreate -Xlinker __TEXT -Xlinker __ents_der -Xlinker /Users/stevenrichter/Library/Developer/Xcode/DerivedData/ChordLab-bxqicilqszggkqebhxvoucpemkpk/Build/Intermediates.noindex/ChordLab.build/Debug-iphonesimulator/ChordLab.build/ChordLab.app-Simulated.xcent.der /Users/stevenrichter/Library/Developer/Xcode/DerivedData/ChordLab-bxqicilqszggkqebhxvoucpemkpk/Build/Products/Debug-iphonesimulator/ChordLab.app/ChordLab.debug.dylib -o /Users/stevenrichter/Library/Developer/Xcode/DerivedData/ChordLab-bxqicilqszggkqebhxvoucpemkpk/Build/Products/Debug-iphonesimulator/ChordLab.app/ChordLab

SwiftDriverJobDiscovery normal arm64 Emitting module for ChordLabTests (in target 'ChordLabTests' from project 'ChordLab')

SwiftDriver\ Compilation\ Requirements ChordLabTests normal arm64 com.apple.xcode.tools.swift.compiler (in target 'ChordLabTests' from project 'ChordLab')
    cd /Users/stevenrichter/Documents/repos/ChordLab
    builtin-Swift-Compilation-Requirements -- /Applications/Xcode.app/Contents/Developer/Toolchains/XcodeDefault.xctoolchain/usr/bin/swiftc -module-name ChordLabTests -Onone -enforce-exclusivity\=checked @/Users/stevenrichter/Library/Developer/Xcode/DerivedData/ChordLab-bxqicilqszggkqebhxvoucpemkpk/Build/Intermediates.noindex/ChordLab.build/Debug-iphonesimulator/ChordLabTests.build/Objects-normal/arm64/ChordLabTests.SwiftFileList -DDEBUG -plugin-path /Applications/Xcode.app/Contents/Developer/Toolchains/XcodeDefault.xctoolchain/usr/lib/swift/host/plugins/testing -enable-bare-slash-regex -enable-experimental-feature DebugDescriptionMacro -sdk /Applications/Xcode.app/Contents/Developer/Platforms/iPhoneSimulator.platform/Developer/SDKs/iPhoneSimulator18.2.sdk -target arm64-apple-ios17.4-simulator -g -module-cache-path /Users/stevenrichter/Library/Developer/Xcode/DerivedData/ModuleCache.noindex -Xfrontend -serialize-debugging-options -profile-coverage-mapping -profile-generate -enable-testing -index-store-path /Users/stevenrichter/Library/Developer/Xcode/DerivedData/ChordLab-bxqicilqszggkqebhxvoucpemkpk/Index.noindex/DataStore -enable-experimental-feature OpaqueTypeErasure -Xcc -D_LIBCPP_HARDENING_MODE\=_LIBCPP_HARDENING_MODE_DEBUG -swift-version 5 -I /Users/stevenrichter/Library/Developer/Xcode/DerivedData/ChordLab-bxqicilqszggkqebhxvoucpemkpk/Build/Products/Debug-iphonesimulator -I /Applications/Xcode.app/Contents/Developer/Platforms/iPhoneSimulator.platform/Developer/usr/lib -F /Users/stevenrichter/Library/Developer/Xcode/DerivedData/ChordLab-bxqicilqszggkqebhxvoucpemkpk/Build/Products/Debug-iphonesimulator/PackageFrameworks -F /Users/stevenrichter/Library/Developer/Xcode/DerivedData/ChordLab-bxqicilqszggkqebhxvoucpemkpk/Build/Products/Debug-iphonesimulator -F /Applications/Xcode.app/Contents/Developer/Platforms/iPhoneSimulator.platform/Developer/Library/Frameworks -F /Applications/Xcode.app/Contents/Developer/Platforms/iPhoneSimulator.platform/Developer/SDKs/iPhoneSimulator18.2.sdk/Developer/Library/Frameworks -c -j8 -enable-batch-mode -incremental -Xcc -ivfsstatcache -Xcc /Users/stevenrichter/Library/Developer/Xcode/DerivedData/SDKStatCaches.noindex/iphonesimulator18.2-22C146-07b28473f605e47e75261259d3ef3b5a.sdkstatcache -output-file-map /Users/stevenrichter/Library/Developer/Xcode/DerivedData/ChordLab-bxqicilqszggkqebhxvoucpemkpk/Build/Intermediates.noindex/ChordLab.build/Debug-iphonesimulator/ChordLabTests.build/Objects-normal/arm64/ChordLabTests-OutputFileMap.json -use-frontend-parseable-output -save-temps -no-color-diagnostics -serialize-diagnostics -emit-dependencies -emit-module -emit-module-path /Users/stevenrichter/Library/Developer/Xcode/DerivedData/ChordLab-bxqicilqszggkqebhxvoucpemkpk/Build/Intermediates.noindex/ChordLab.build/Debug-iphonesimulator/ChordLabTests.build/Objects-normal/arm64/ChordLabTests.swiftmodule -validate-clang-modules-once -clang-build-session-file /Users/stevenrichter/Library/Developer/Xcode/DerivedData/ModuleCache.noindex/Session.modulevalidation -Xcc -I/Users/stevenrichter/Library/Developer/Xcode/DerivedData/ChordLab-bxqicilqszggkqebhxvoucpemkpk/Build/Intermediates.noindex/ChordLab.build/Debug-iphonesimulator/ChordLabTests.build/swift-overrides.hmap -emit-const-values -Xfrontend -const-gather-protocols-file -Xfrontend /Users/stevenrichter/Library/Developer/Xcode/DerivedData/ChordLab-bxqicilqszggkqebhxvoucpemkpk/Build/Intermediates.noindex/ChordLab.build/Debug-iphonesimulator/ChordLabTests.build/Objects-normal/arm64/ChordLabTests_const_extract_protocols.json -Xcc -iquote -Xcc /Users/stevenrichter/Library/Developer/Xcode/DerivedData/ChordLab-bxqicilqszggkqebhxvoucpemkpk/Build/Intermediates.noindex/ChordLab.build/Debug-iphonesimulator/ChordLabTests.build/ChordLabTests-generated-files.hmap -Xcc -I/Users/stevenrichter/Library/Developer/Xcode/DerivedData/ChordLab-bxqicilqszggkqebhxvoucpemkpk/Build/Intermediates.noindex/ChordLab.build/Debug-iphonesimulator/ChordLabTests.build/ChordLabTests-own-target-headers.hmap -Xcc -I/Users/stevenrichter/Library/Developer/Xcode/DerivedData/ChordLab-bxqicilqszggkqebhxvoucpemkpk/Build/Intermediates.noindex/ChordLab.build/Debug-iphonesimulator/ChordLabTests.build/ChordLabTests-all-non-framework-target-headers.hmap -Xcc -ivfsoverlay -Xcc /Users/stevenrichter/Library/Developer/Xcode/DerivedData/ChordLab-bxqicilqszggkqebhxvoucpemkpk/Build/Intermediates.noindex/ChordLab.build/Debug-iphonesimulator/ChordLab-cfb814553d2595e15c77a0954298487f-VFS-iphonesimulator/all-product-headers.yaml -Xcc -iquote -Xcc /Users/stevenrichter/Library/Developer/Xcode/DerivedData/ChordLab-bxqicilqszggkqebhxvoucpemkpk/Build/Intermediates.noindex/ChordLab.build/Debug-iphonesimulator/ChordLabTests.build/ChordLabTests-project-headers.hmap -Xcc -I/Users/stevenrichter/Library/Developer/Xcode/DerivedData/ChordLab-bxqicilqszggkqebhxvoucpemkpk/Build/Products/Debug-iphonesimulator/include -Xcc -I/Users/stevenrichter/Library/Developer/Xcode/DerivedData/ChordLab-bxqicilqszggkqebhxvoucpemkpk/Build/Intermediates.noindex/ChordLab.build/Debug-iphonesimulator/ChordLabTests.build/DerivedSources-normal/arm64 -Xcc -I/Users/stevenrichter/Library/Developer/Xcode/DerivedData/ChordLab-bxqicilqszggkqebhxvoucpemkpk/Build/Intermediates.noindex/ChordLab.build/Debug-iphonesimulator/ChordLabTests.build/DerivedSources/arm64 -Xcc -I/Users/stevenrichter/Library/Developer/Xcode/DerivedData/ChordLab-bxqicilqszggkqebhxvoucpemkpk/Build/Intermediates.noindex/ChordLab.build/Debug-iphonesimulator/ChordLabTests.build/DerivedSources -Xcc -DDEBUG\=1 -emit-objc-header -emit-objc-header-path /Users/stevenrichter/Library/Developer/Xcode/DerivedData/ChordLab-bxqicilqszggkqebhxvoucpemkpk/Build/Intermediates.noindex/ChordLab.build/Debug-iphonesimulator/ChordLabTests.build/Objects-normal/arm64/ChordLabTests-Swift.h -working-directory /Users/stevenrichter/Documents/repos/ChordLab -experimental-emit-module-separately -disable-cmo

Copy /Users/stevenrichter/Library/Developer/Xcode/DerivedData/ChordLab-bxqicilqszggkqebhxvoucpemkpk/Build/Products/Debug-iphonesimulator/ChordLabTests.swiftmodule/Project/arm64-apple-ios-simulator.swiftsourceinfo /Users/stevenrichter/Library/Developer/Xcode/DerivedData/ChordLab-bxqicilqszggkqebhxvoucpemkpk/Build/Intermediates.noindex/ChordLab.build/Debug-iphonesimulator/ChordLabTests.build/Objects-normal/arm64/ChordLabTests.swiftsourceinfo (in target 'ChordLabTests' from project 'ChordLab')
    cd /Users/stevenrichter/Documents/repos/ChordLab
    builtin-copy -exclude .DS_Store -exclude CVS -exclude .svn -exclude .git -exclude .hg -resolve-src-symlinks -rename /Users/stevenrichter/Library/Developer/Xcode/DerivedData/ChordLab-bxqicilqszggkqebhxvoucpemkpk/Build/Intermediates.noindex/ChordLab.build/Debug-iphonesimulator/ChordLabTests.build/Objects-normal/arm64/ChordLabTests.swiftsourceinfo /Users/stevenrichter/Library/Developer/Xcode/DerivedData/ChordLab-bxqicilqszggkqebhxvoucpemkpk/Build/Products/Debug-iphonesimulator/ChordLabTests.swiftmodule/Project/arm64-apple-ios-simulator.swiftsourceinfo

Copy /Users/stevenrichter/Library/Developer/Xcode/DerivedData/ChordLab-bxqicilqszggkqebhxvoucpemkpk/Build/Products/Debug-iphonesimulator/ChordLabTests.swiftmodule/arm64-apple-ios-simulator.swiftmodule /Users/stevenrichter/Library/Developer/Xcode/DerivedData/ChordLab-bxqicilqszggkqebhxvoucpemkpk/Build/Intermediates.noindex/ChordLab.build/Debug-iphonesimulator/ChordLabTests.build/Objects-normal/arm64/ChordLabTests.swiftmodule (in target 'ChordLabTests' from project 'ChordLab')
    cd /Users/stevenrichter/Documents/repos/ChordLab
    builtin-copy -exclude .DS_Store -exclude CVS -exclude .svn -exclude .git -exclude .hg -resolve-src-symlinks -rename /Users/stevenrichter/Library/Developer/Xcode/DerivedData/ChordLab-bxqicilqszggkqebhxvoucpemkpk/Build/Intermediates.noindex/ChordLab.build/Debug-iphonesimulator/ChordLabTests.build/Objects-normal/arm64/ChordLabTests.swiftmodule /Users/stevenrichter/Library/Developer/Xcode/DerivedData/ChordLab-bxqicilqszggkqebhxvoucpemkpk/Build/Products/Debug-iphonesimulator/ChordLabTests.swiftmodule/arm64-apple-ios-simulator.swiftmodule

Copy /Users/stevenrichter/Library/Developer/Xcode/DerivedData/ChordLab-bxqicilqszggkqebhxvoucpemkpk/Build/Products/Debug-iphonesimulator/ChordLabTests.swiftmodule/arm64-apple-ios-simulator.abi.json /Users/stevenrichter/Library/Developer/Xcode/DerivedData/ChordLab-bxqicilqszggkqebhxvoucpemkpk/Build/Intermediates.noindex/ChordLab.build/Debug-iphonesimulator/ChordLabTests.build/Objects-normal/arm64/ChordLabTests.abi.json (in target 'ChordLabTests' from project 'ChordLab')
    cd /Users/stevenrichter/Documents/repos/ChordLab
    builtin-copy -exclude .DS_Store -exclude CVS -exclude .svn -exclude .git -exclude .hg -resolve-src-symlinks -rename /Users/stevenrichter/Library/Developer/Xcode/DerivedData/ChordLab-bxqicilqszggkqebhxvoucpemkpk/Build/Intermediates.noindex/ChordLab.build/Debug-iphonesimulator/ChordLabTests.build/Objects-normal/arm64/ChordLabTests.abi.json /Users/stevenrichter/Library/Developer/Xcode/DerivedData/ChordLab-bxqicilqszggkqebhxvoucpemkpk/Build/Products/Debug-iphonesimulator/ChordLabTests.swiftmodule/arm64-apple-ios-simulator.abi.json

ExtractAppIntentsMetadata (in target 'ChordLab' from project 'ChordLab')
    cd /Users/stevenrichter/Documents/repos/ChordLab
    /Applications/Xcode.app/Contents/Developer/Toolchains/XcodeDefault.xctoolchain/usr/bin/appintentsmetadataprocessor --output /Users/stevenrichter/Library/Developer/Xcode/DerivedData/ChordLab-bxqicilqszggkqebhxvoucpemkpk/Build/Products/Debug-iphonesimulator/ChordLab.app --toolchain-dir /Applications/Xcode.app/Contents/Developer/Toolchains/XcodeDefault.xctoolchain --module-name ChordLab --sdk-root /Applications/Xcode.app/Contents/Developer/Platforms/iPhoneSimulator.platform/Developer/SDKs/iPhoneSimulator18.2.sdk --xcode-version 16C5032a --platform-family iOS --deployment-target 17.4 --bundle-identifier Steven.ChordLab --target-triple arm64-apple-ios17.4-simulator --binary-file /Users/stevenrichter/Library/Developer/Xcode/DerivedData/ChordLab-bxqicilqszggkqebhxvoucpemkpk/Build/Products/Debug-iphonesimulator/ChordLab.app/ChordLab --dependency-file /Users/stevenrichter/Library/Developer/Xcode/DerivedData/ChordLab-bxqicilqszggkqebhxvoucpemkpk/Build/Intermediates.noindex/ChordLab.build/Debug-iphonesimulator/ChordLab.build/Objects-normal/arm64/ChordLab_dependency_info.dat --stringsdata-file /Users/stevenrichter/Library/Developer/Xcode/DerivedData/ChordLab-bxqicilqszggkqebhxvoucpemkpk/Build/Intermediates.noindex/ChordLab.build/Debug-iphonesimulator/ChordLab.build/Objects-normal/arm64/ExtractedAppShortcutsMetadata.stringsdata --source-file-list /Users/stevenrichter/Library/Developer/Xcode/DerivedData/ChordLab-bxqicilqszggkqebhxvoucpemkpk/Build/Intermediates.noindex/ChordLab.build/Debug-iphonesimulator/ChordLab.build/Objects-normal/arm64/ChordLab.SwiftFileList --metadata-file-list /Users/stevenrichter/Library/Developer/Xcode/DerivedData/ChordLab-bxqicilqszggkqebhxvoucpemkpk/Build/Intermediates.noindex/ChordLab.build/Debug-iphonesimulator/ChordLab.build/ChordLab.DependencyMetadataFileList --swift-const-vals-list /Users/stevenrichter/Library/Developer/Xcode/DerivedData/ChordLab-bxqicilqszggkqebhxvoucpemkpk/Build/Intermediates.noindex/ChordLab.build/Debug-iphonesimulator/ChordLab.build/Objects-normal/arm64/ChordLab.SwiftConstValuesFileList --compile-time-extraction --deployment-aware-processing --validate-assistant-intents
note: Metadata extraction skipped. No AppIntents.framework dependency found. (in target 'ChordLab' from project 'ChordLab')

CopySwiftLibs /Users/stevenrichter/Library/Developer/Xcode/DerivedData/ChordLab-bxqicilqszggkqebhxvoucpemkpk/Build/Products/Debug-iphonesimulator/ChordLab.app (in target 'ChordLab' from project 'ChordLab')
    cd /Users/stevenrichter/Documents/repos/ChordLab
    builtin-swiftStdLibTool --copy --verbose --sign - --scan-executable /Users/stevenrichter/Library/Developer/Xcode/DerivedData/ChordLab-bxqicilqszggkqebhxvoucpemkpk/Build/Products/Debug-iphonesimulator/ChordLab.app/ChordLab.debug.dylib --scan-folder /Users/stevenrichter/Library/Developer/Xcode/DerivedData/ChordLab-bxqicilqszggkqebhxvoucpemkpk/Build/Products/Debug-iphonesimulator/ChordLab.app/Frameworks --scan-folder /Users/stevenrichter/Library/Developer/Xcode/DerivedData/ChordLab-bxqicilqszggkqebhxvoucpemkpk/Build/Products/Debug-iphonesimulator/ChordLab.app/PlugIns --scan-folder /Users/stevenrichter/Library/Developer/Xcode/DerivedData/ChordLab-bxqicilqszggkqebhxvoucpemkpk/Build/Products/Debug-iphonesimulator/ChordLab.app/SystemExtensions --scan-folder /Users/stevenrichter/Library/Developer/Xcode/DerivedData/ChordLab-bxqicilqszggkqebhxvoucpemkpk/Build/Products/Debug-iphonesimulator/ChordLab.app/Extensions --platform iphonesimulator --toolchain /Applications/Xcode.app/Contents/Developer/Toolchains/XcodeDefault.xctoolchain --destination /Users/stevenrichter/Library/Developer/Xcode/DerivedData/ChordLab-bxqicilqszggkqebhxvoucpemkpk/Build/Products/Debug-iphonesimulator/ChordLab.app/Frameworks --strip-bitcode --strip-bitcode-tool /Applications/Xcode.app/Contents/Developer/Toolchains/XcodeDefault.xctoolchain/usr/bin/bitcode_strip --emit-dependency-info /Users/stevenrichter/Library/Developer/Xcode/DerivedData/ChordLab-bxqicilqszggkqebhxvoucpemkpk/Build/Intermediates.noindex/ChordLab.build/Debug-iphonesimulator/ChordLab.build/SwiftStdLibToolInputDependencies.dep --filter-for-swift-os

ProcessInfoPlistFile /Users/stevenrichter/Library/Developer/Xcode/DerivedData/ChordLab-bxqicilqszggkqebhxvoucpemkpk/Build/Products/Debug-iphonesimulator/ChordLab.app/PlugIns/ChordLabTests.xctest/Info.plist /Users/stevenrichter/Library/Developer/Xcode/DerivedData/ChordLab-bxqicilqszggkqebhxvoucpemkpk/Build/Intermediates.noindex/ChordLab.build/Debug-iphonesimulator/ChordLabTests.build/empty-ChordLabTests.plist (in target 'ChordLabTests' from project 'ChordLab')
    cd /Users/stevenrichter/Documents/repos/ChordLab
    builtin-infoPlistUtility /Users/stevenrichter/Library/Developer/Xcode/DerivedData/ChordLab-bxqicilqszggkqebhxvoucpemkpk/Build/Intermediates.noindex/ChordLab.build/Debug-iphonesimulator/ChordLabTests.build/empty-ChordLabTests.plist -producttype com.apple.product-type.bundle.unit-test -expandbuildsettings -format binary -platform iphonesimulator -scanforprivacyfile /Users/stevenrichter/Library/Developer/Xcode/DerivedData/ChordLab-bxqicilqszggkqebhxvoucpemkpk/Build/Products/Debug-iphonesimulator/ChordLab.app/PlugIns/ChordLabTests.xctest/Tonic_Tonic.bundle -o /Users/stevenrichter/Library/Developer/Xcode/DerivedData/ChordLab-bxqicilqszggkqebhxvoucpemkpk/Build/Products/Debug-iphonesimulator/ChordLab.app/PlugIns/ChordLabTests.xctest/Info.plist

SwiftDriverJobDiscovery normal arm64 Compiling AudioEngineTests.swift (in target 'ChordLabTests' from project 'ChordLab')

SwiftDriver\ Compilation ChordLabTests normal arm64 com.apple.xcode.tools.swift.compiler (in target 'ChordLabTests' from project 'ChordLab')
    cd /Users/stevenrichter/Documents/repos/ChordLab
    builtin-Swift-Compilation -- /Applications/Xcode.app/Contents/Developer/Toolchains/XcodeDefault.xctoolchain/usr/bin/swiftc -module-name ChordLabTests -Onone -enforce-exclusivity\=checked @/Users/stevenrichter/Library/Developer/Xcode/DerivedData/ChordLab-bxqicilqszggkqebhxvoucpemkpk/Build/Intermediates.noindex/ChordLab.build/Debug-iphonesimulator/ChordLabTests.build/Objects-normal/arm64/ChordLabTests.SwiftFileList -DDEBUG -plugin-path /Applications/Xcode.app/Contents/Developer/Toolchains/XcodeDefault.xctoolchain/usr/lib/swift/host/plugins/testing -enable-bare-slash-regex -enable-experimental-feature DebugDescriptionMacro -sdk /Applications/Xcode.app/Contents/Developer/Platforms/iPhoneSimulator.platform/Developer/SDKs/iPhoneSimulator18.2.sdk -target arm64-apple-ios17.4-simulator -g -module-cache-path /Users/stevenrichter/Library/Developer/Xcode/DerivedData/ModuleCache.noindex -Xfrontend -serialize-debugging-options -profile-coverage-mapping -profile-generate -enable-testing -index-store-path /Users/stevenrichter/Library/Developer/Xcode/DerivedData/ChordLab-bxqicilqszggkqebhxvoucpemkpk/Index.noindex/DataStore -enable-experimental-feature OpaqueTypeErasure -Xcc -D_LIBCPP_HARDENING_MODE\=_LIBCPP_HARDENING_MODE_DEBUG -swift-version 5 -I /Users/stevenrichter/Library/Developer/Xcode/DerivedData/ChordLab-bxqicilqszggkqebhxvoucpemkpk/Build/Products/Debug-iphonesimulator -I /Applications/Xcode.app/Contents/Developer/Platforms/iPhoneSimulator.platform/Developer/usr/lib -F /Users/stevenrichter/Library/Developer/Xcode/DerivedData/ChordLab-bxqicilqszggkqebhxvoucpemkpk/Build/Products/Debug-iphonesimulator/PackageFrameworks -F /Users/stevenrichter/Library/Developer/Xcode/DerivedData/ChordLab-bxqicilqszggkqebhxvoucpemkpk/Build/Products/Debug-iphonesimulator -F /Applications/Xcode.app/Contents/Developer/Platforms/iPhoneSimulator.platform/Developer/Library/Frameworks -F /Applications/Xcode.app/Contents/Developer/Platforms/iPhoneSimulator.platform/Developer/SDKs/iPhoneSimulator18.2.sdk/Developer/Library/Frameworks -c -j8 -enable-batch-mode -incremental -Xcc -ivfsstatcache -Xcc /Users/stevenrichter/Library/Developer/Xcode/DerivedData/SDKStatCaches.noindex/iphonesimulator18.2-22C146-07b28473f605e47e75261259d3ef3b5a.sdkstatcache -output-file-map /Users/stevenrichter/Library/Developer/Xcode/DerivedData/ChordLab-bxqicilqszggkqebhxvoucpemkpk/Build/Intermediates.noindex/ChordLab.build/Debug-iphonesimulator/ChordLabTests.build/Objects-normal/arm64/ChordLabTests-OutputFileMap.json -use-frontend-parseable-output -save-temps -no-color-diagnostics -serialize-diagnostics -emit-dependencies -emit-module -emit-module-path /Users/stevenrichter/Library/Developer/Xcode/DerivedData/ChordLab-bxqicilqszggkqebhxvoucpemkpk/Build/Intermediates.noindex/ChordLab.build/Debug-iphonesimulator/ChordLabTests.build/Objects-normal/arm64/ChordLabTests.swiftmodule -validate-clang-modules-once -clang-build-session-file /Users/stevenrichter/Library/Developer/Xcode/DerivedData/ModuleCache.noindex/Session.modulevalidation -Xcc -I/Users/stevenrichter/Library/Developer/Xcode/DerivedData/ChordLab-bxqicilqszggkqebhxvoucpemkpk/Build/Intermediates.noindex/ChordLab.build/Debug-iphonesimulator/ChordLabTests.build/swift-overrides.hmap -emit-const-values -Xfrontend -const-gather-protocols-file -Xfrontend /Users/stevenrichter/Library/Developer/Xcode/DerivedData/ChordLab-bxqicilqszggkqebhxvoucpemkpk/Build/Intermediates.noindex/ChordLab.build/Debug-iphonesimulator/ChordLabTests.build/Objects-normal/arm64/ChordLabTests_const_extract_protocols.json -Xcc -iquote -Xcc /Users/stevenrichter/Library/Developer/Xcode/DerivedData/ChordLab-bxqicilqszggkqebhxvoucpemkpk/Build/Intermediates.noindex/ChordLab.build/Debug-iphonesimulator/ChordLabTests.build/ChordLabTests-generated-files.hmap -Xcc -I/Users/stevenrichter/Library/Developer/Xcode/DerivedData/ChordLab-bxqicilqszggkqebhxvoucpemkpk/Build/Intermediates.noindex/ChordLab.build/Debug-iphonesimulator/ChordLabTests.build/ChordLabTests-own-target-headers.hmap -Xcc -I/Users/stevenrichter/Library/Developer/Xcode/DerivedData/ChordLab-bxqicilqszggkqebhxvoucpemkpk/Build/Intermediates.noindex/ChordLab.build/Debug-iphonesimulator/ChordLabTests.build/ChordLabTests-all-non-framework-target-headers.hmap -Xcc -ivfsoverlay -Xcc /Users/stevenrichter/Library/Developer/Xcode/DerivedData/ChordLab-bxqicilqszggkqebhxvoucpemkpk/Build/Intermediates.noindex/ChordLab.build/Debug-iphonesimulator/ChordLab-cfb814553d2595e15c77a0954298487f-VFS-iphonesimulator/all-product-headers.yaml -Xcc -iquote -Xcc /Users/stevenrichter/Library/Developer/Xcode/DerivedData/ChordLab-bxqicilqszggkqebhxvoucpemkpk/Build/Intermediates.noindex/ChordLab.build/Debug-iphonesimulator/ChordLabTests.build/ChordLabTests-project-headers.hmap -Xcc -I/Users/stevenrichter/Library/Developer/Xcode/DerivedData/ChordLab-bxqicilqszggkqebhxvoucpemkpk/Build/Products/Debug-iphonesimulator/include -Xcc -I/Users/stevenrichter/Library/Developer/Xcode/DerivedData/ChordLab-bxqicilqszggkqebhxvoucpemkpk/Build/Intermediates.noindex/ChordLab.build/Debug-iphonesimulator/ChordLabTests.build/DerivedSources-normal/arm64 -Xcc -I/Users/stevenrichter/Library/Developer/Xcode/DerivedData/ChordLab-bxqicilqszggkqebhxvoucpemkpk/Build/Intermediates.noindex/ChordLab.build/Debug-iphonesimulator/ChordLabTests.build/DerivedSources/arm64 -Xcc -I/Users/stevenrichter/Library/Developer/Xcode/DerivedData/ChordLab-bxqicilqszggkqebhxvoucpemkpk/Build/Intermediates.noindex/ChordLab.build/Debug-iphonesimulator/ChordLabTests.build/DerivedSources -Xcc -DDEBUG\=1 -emit-objc-header -emit-objc-header-path /Users/stevenrichter/Library/Developer/Xcode/DerivedData/ChordLab-bxqicilqszggkqebhxvoucpemkpk/Build/Intermediates.noindex/ChordLab.build/Debug-iphonesimulator/ChordLabTests.build/Objects-normal/arm64/ChordLabTests-Swift.h -working-directory /Users/stevenrichter/Documents/repos/ChordLab -experimental-emit-module-separately -disable-cmo

Ld /Users/stevenrichter/Library/Developer/Xcode/DerivedData/ChordLab-bxqicilqszggkqebhxvoucpemkpk/Build/Products/Debug-iphonesimulator/ChordLab.app/PlugIns/ChordLabTests.xctest/ChordLabTests normal (in target 'ChordLabTests' from project 'ChordLab')
    cd /Users/stevenrichter/Documents/repos/ChordLab
    /Applications/Xcode.app/Contents/Developer/Toolchains/XcodeDefault.xctoolchain/usr/bin/clang -Xlinker -reproducible -target arm64-apple-ios17.4-simulator -bundle -isysroot /Applications/Xcode.app/Contents/Developer/Platforms/iPhoneSimulator.platform/Developer/SDKs/iPhoneSimulator18.2.sdk -O0 -L/Users/stevenrichter/Library/Developer/Xcode/DerivedData/ChordLab-bxqicilqszggkqebhxvoucpemkpk/Build/Intermediates.noindex/EagerLinkingTBDs/Debug-iphonesimulator -L/Users/stevenrichter/Library/Developer/Xcode/DerivedData/ChordLab-bxqicilqszggkqebhxvoucpemkpk/Build/Products/Debug-iphonesimulator -L/Applications/Xcode.app/Contents/Developer/Platforms/iPhoneSimulator.platform/Developer/usr/lib -F/Users/stevenrichter/Library/Developer/Xcode/DerivedData/ChordLab-bxqicilqszggkqebhxvoucpemkpk/Build/Intermediates.noindex/EagerLinkingTBDs/Debug-iphonesimulator -F/Users/stevenrichter/Library/Developer/Xcode/DerivedData/ChordLab-bxqicilqszggkqebhxvoucpemkpk/Build/Products/Debug-iphonesimulator/PackageFrameworks -F/Users/stevenrichter/Library/Developer/Xcode/DerivedData/ChordLab-bxqicilqszggkqebhxvoucpemkpk/Build/Products/Debug-iphonesimulator -iframework /Applications/Xcode.app/Contents/Developer/Platforms/iPhoneSimulator.platform/Developer/Library/Frameworks -iframework /Applications/Xcode.app/Contents/Developer/Platforms/iPhoneSimulator.platform/Developer/SDKs/iPhoneSimulator18.2.sdk/Developer/Library/Frameworks -filelist /Users/stevenrichter/Library/Developer/Xcode/DerivedData/ChordLab-bxqicilqszggkqebhxvoucpemkpk/Build/Intermediates.noindex/ChordLab.build/Debug-iphonesimulator/ChordLabTests.build/Objects-normal/arm64/ChordLabTests.LinkFileList -Xlinker -rpath -Xlinker /Users/stevenrichter/Library/Developer/Xcode/DerivedData/ChordLab-bxqicilqszggkqebhxvoucpemkpk/Build/Products/Debug-iphonesimulator/PackageFrameworks -Xlinker -rpath -Xlinker @loader_path/Frameworks -Xlinker -rpath -Xlinker @executable_path/Frameworks -dead_strip -bundle_loader /Users/stevenrichter/Library/Developer/Xcode/DerivedData/ChordLab-bxqicilqszggkqebhxvoucpemkpk/Build/Products/Debug-iphonesimulator/ChordLab.app//ChordLab -Xlinker -object_path_lto -Xlinker /Users/stevenrichter/Library/Developer/Xcode/DerivedData/ChordLab-bxqicilqszggkqebhxvoucpemkpk/Build/Intermediates.noindex/ChordLab.build/Debug-iphonesimulator/ChordLabTests.build/Objects-normal/arm64/ChordLabTests_lto.o -Xlinker -export_dynamic -Xlinker -no_deduplicate -Xlinker -objc_abi_version -Xlinker 2 -Xlinker -debug_variant -fobjc-link-runtime -fprofile-instr-generate -L/Applications/Xcode.app/Contents/Developer/Toolchains/XcodeDefault.xctoolchain/usr/lib/swift/iphonesimulator -L/usr/lib/swift -Xlinker -add_ast_path -Xlinker /Users/stevenrichter/Library/Developer/Xcode/DerivedData/ChordLab-bxqicilqszggkqebhxvoucpemkpk/Build/Intermediates.noindex/ChordLab.build/Debug-iphonesimulator/ChordLabTests.build/Objects-normal/arm64/ChordLabTests.swiftmodule -Wl,-no_warn_duplicate_libraries -framework XCTest -lXCTestSwiftSupport /Users/stevenrichter/Library/Developer/Xcode/DerivedData/ChordLab-bxqicilqszggkqebhxvoucpemkpk/Build/Products/Debug-iphonesimulator/ChordLab.app/ChordLab.debug.dylib -Xlinker -no_adhoc_codesign -Xlinker -dependency_info -Xlinker /Users/stevenrichter/Library/Developer/Xcode/DerivedData/ChordLab-bxqicilqszggkqebhxvoucpemkpk/Build/Intermediates.noindex/ChordLab.build/Debug-iphonesimulator/ChordLabTests.build/Objects-normal/arm64/ChordLabTests_dependency_info.dat -o /Users/stevenrichter/Library/Developer/Xcode/DerivedData/ChordLab-bxqicilqszggkqebhxvoucpemkpk/Build/Products/Debug-iphonesimulator/ChordLab.app/PlugIns/ChordLabTests.xctest/ChordLabTests

ExtractAppIntentsMetadata (in target 'ChordLabTests' from project 'ChordLab')
    cd /Users/stevenrichter/Documents/repos/ChordLab
    /Applications/Xcode.app/Contents/Developer/Toolchains/XcodeDefault.xctoolchain/usr/bin/appintentsmetadataprocessor --output /Users/stevenrichter/Library/Developer/Xcode/DerivedData/ChordLab-bxqicilqszggkqebhxvoucpemkpk/Build/Products/Debug-iphonesimulator/ChordLab.app/PlugIns/ChordLabTests.xctest --toolchain-dir /Applications/Xcode.app/Contents/Developer/Toolchains/XcodeDefault.xctoolchain --module-name ChordLabTests --sdk-root /Applications/Xcode.app/Contents/Developer/Platforms/iPhoneSimulator.platform/Developer/SDKs/iPhoneSimulator18.2.sdk --xcode-version 16C5032a --platform-family iOS --deployment-target 17.4 --bundle-identifier Steven.ChordLabTests --target-triple arm64-apple-ios17.4-simulator --binary-file /Users/stevenrichter/Library/Developer/Xcode/DerivedData/ChordLab-bxqicilqszggkqebhxvoucpemkpk/Build/Products/Debug-iphonesimulator/ChordLab.app/PlugIns/ChordLabTests.xctest/ChordLabTests --dependency-file /Users/stevenrichter/Library/Developer/Xcode/DerivedData/ChordLab-bxqicilqszggkqebhxvoucpemkpk/Build/Intermediates.noindex/ChordLab.build/Debug-iphonesimulator/ChordLabTests.build/Objects-normal/arm64/ChordLabTests_dependency_info.dat --stringsdata-file /Users/stevenrichter/Library/Developer/Xcode/DerivedData/ChordLab-bxqicilqszggkqebhxvoucpemkpk/Build/Intermediates.noindex/ChordLab.build/Debug-iphonesimulator/ChordLabTests.build/Objects-normal/arm64/ExtractedAppShortcutsMetadata.stringsdata --source-file-list /Users/stevenrichter/Library/Developer/Xcode/DerivedData/ChordLab-bxqicilqszggkqebhxvoucpemkpk/Build/Intermediates.noindex/ChordLab.build/Debug-iphonesimulator/ChordLabTests.build/Objects-normal/arm64/ChordLabTests.SwiftFileList --metadata-file-list /Users/stevenrichter/Library/Developer/Xcode/DerivedData/ChordLab-bxqicilqszggkqebhxvoucpemkpk/Build/Intermediates.noindex/ChordLab.build/Debug-iphonesimulator/ChordLabTests.build/ChordLabTests.DependencyMetadataFileList --swift-const-vals-list /Users/stevenrichter/Library/Developer/Xcode/DerivedData/ChordLab-bxqicilqszggkqebhxvoucpemkpk/Build/Intermediates.noindex/ChordLab.build/Debug-iphonesimulator/ChordLabTests.build/Objects-normal/arm64/ChordLabTests.SwiftConstValuesFileList --compile-time-extraction --deployment-aware-processing --validate-assistant-intents
note: Metadata extraction skipped. No AppIntents.framework dependency found. (in target 'ChordLabTests' from project 'ChordLab')

CopySwiftLibs /Users/stevenrichter/Library/Developer/Xcode/DerivedData/ChordLab-bxqicilqszggkqebhxvoucpemkpk/Build/Products/Debug-iphonesimulator/ChordLab.app/PlugIns/ChordLabTests.xctest (in target 'ChordLabTests' from project 'ChordLab')
    cd /Users/stevenrichter/Documents/repos/ChordLab
    builtin-swiftStdLibTool --copy --verbose --sign - --scan-executable /Users/stevenrichter/Library/Developer/Xcode/DerivedData/ChordLab-bxqicilqszggkqebhxvoucpemkpk/Build/Products/Debug-iphonesimulator/ChordLab.app/PlugIns/ChordLabTests.xctest/ChordLabTests --scan-folder /Users/stevenrichter/Library/Developer/Xcode/DerivedData/ChordLab-bxqicilqszggkqebhxvoucpemkpk/Build/Products/Debug-iphonesimulator/ChordLab.app/PlugIns/ChordLabTests.xctest/Frameworks --scan-folder /Users/stevenrichter/Library/Developer/Xcode/DerivedData/ChordLab-bxqicilqszggkqebhxvoucpemkpk/Build/Products/Debug-iphonesimulator/ChordLab.app/PlugIns/ChordLabTests.xctest/PlugIns --scan-folder /Users/stevenrichter/Library/Developer/Xcode/DerivedData/ChordLab-bxqicilqszggkqebhxvoucpemkpk/Build/Products/Debug-iphonesimulator/ChordLab.app/PlugIns/ChordLabTests.xctest/SystemExtensions --scan-folder /Users/stevenrichter/Library/Developer/Xcode/DerivedData/ChordLab-bxqicilqszggkqebhxvoucpemkpk/Build/Products/Debug-iphonesimulator/ChordLab.app/PlugIns/ChordLabTests.xctest/Extensions --platform iphonesimulator --toolchain /Applications/Xcode.app/Contents/Developer/Toolchains/XcodeDefault.xctoolchain --destination /Users/stevenrichter/Library/Developer/Xcode/DerivedData/ChordLab-bxqicilqszggkqebhxvoucpemkpk/Build/Products/Debug-iphonesimulator/ChordLab.app/PlugIns/ChordLabTests.xctest/Frameworks --strip-bitcode --scan-executable /Applications/Xcode.app/Contents/Developer/Platforms/iPhoneSimulator.platform/Developer/usr/lib/libXCTestSwiftSupport.dylib --strip-bitcode-tool /Applications/Xcode.app/Contents/Developer/Toolchains/XcodeDefault.xctoolchain/usr/bin/bitcode_strip --emit-dependency-info /Users/stevenrichter/Library/Developer/Xcode/DerivedData/ChordLab-bxqicilqszggkqebhxvoucpemkpk/Build/Intermediates.noindex/ChordLab.build/Debug-iphonesimulator/ChordLabTests.build/SwiftStdLibToolInputDependencies.dep --filter-for-swift-os

CodeSign /Users/stevenrichter/Library/Developer/Xcode/DerivedData/ChordLab-bxqicilqszggkqebhxvoucpemkpk/Build/Products/Debug-iphonesimulator/ChordLab.app/PlugIns/ChordLabTests.xctest (in target 'ChordLabTests' from project 'ChordLab')
    cd /Users/stevenrichter/Documents/repos/ChordLab
    
    Signing Identity:     "Sign to Run Locally"
    
    /usr/bin/codesign --force --sign - --timestamp\=none --generate-entitlement-der /Users/stevenrichter/Library/Developer/Xcode/DerivedData/ChordLab-bxqicilqszggkqebhxvoucpemkpk/Build/Products/Debug-iphonesimulator/ChordLab.app/PlugIns/ChordLabTests.xctest

CodeSign /Users/stevenrichter/Library/Developer/Xcode/DerivedData/ChordLab-bxqicilqszggkqebhxvoucpemkpk/Build/Products/Debug-iphonesimulator/ChordLab.app/ChordLab.debug.dylib (in target 'ChordLab' from project 'ChordLab')
    cd /Users/stevenrichter/Documents/repos/ChordLab
    
    Signing Identity:     "Sign to Run Locally"
    
    /usr/bin/codesign --force --sign - --timestamp\=none --generate-entitlement-der /Users/stevenrichter/Library/Developer/Xcode/DerivedData/ChordLab-bxqicilqszggkqebhxvoucpemkpk/Build/Products/Debug-iphonesimulator/ChordLab.app/ChordLab.debug.dylib

CodeSign /Users/stevenrichter/Library/Developer/Xcode/DerivedData/ChordLab-bxqicilqszggkqebhxvoucpemkpk/Build/Products/Debug-iphonesimulator/ChordLab.app/__preview.dylib (in target 'ChordLab' from project 'ChordLab')
    cd /Users/stevenrichter/Documents/repos/ChordLab
    
    Signing Identity:     "Sign to Run Locally"
    
    /usr/bin/codesign --force --sign - --timestamp\=none --generate-entitlement-der /Users/stevenrichter/Library/Developer/Xcode/DerivedData/ChordLab-bxqicilqszggkqebhxvoucpemkpk/Build/Products/Debug-iphonesimulator/ChordLab.app/__preview.dylib
/Users/stevenrichter/Library/Developer/Xcode/DerivedData/ChordLab-bxqicilqszggkqebhxvoucpemkpk/Build/Products/Debug-iphonesimulator/ChordLab.app/__preview.dylib: replacing existing signature

CodeSign /Users/stevenrichter/Library/Developer/Xcode/DerivedData/ChordLab-bxqicilqszggkqebhxvoucpemkpk/Build/Products/Debug-iphonesimulator/ChordLab.app (in target 'ChordLab' from project 'ChordLab')
    cd /Users/stevenrichter/Documents/repos/ChordLab
    
    Signing Identity:     "Sign to Run Locally"
    
    /usr/bin/codesign --force --sign - --timestamp\=none --generate-entitlement-der /Users/stevenrichter/Library/Developer/Xcode/DerivedData/ChordLab-bxqicilqszggkqebhxvoucpemkpk/Build/Products/Debug-iphonesimulator/ChordLab.app
/Users/stevenrichter/Library/Developer/Xcode/DerivedData/ChordLab-bxqicilqszggkqebhxvoucpemkpk/Build/Products/Debug-iphonesimulator/ChordLab.app: replacing existing signature

Validate /Users/stevenrichter/Library/Developer/Xcode/DerivedData/ChordLab-bxqicilqszggkqebhxvoucpemkpk/Build/Products/Debug-iphonesimulator/ChordLab.app (in target 'ChordLab' from project 'ChordLab')
    cd /Users/stevenrichter/Documents/repos/ChordLab
    builtin-validationUtility /Users/stevenrichter/Library/Developer/Xcode/DerivedData/ChordLab-bxqicilqszggkqebhxvoucpemkpk/Build/Products/Debug-iphonesimulator/ChordLab.app -infoplist-subpath Info.plist

ProcessInfoPlistFile /Users/stevenrichter/Library/Developer/Xcode/DerivedData/ChordLab-bxqicilqszggkqebhxvoucpemkpk/Build/Products/Debug-iphonesimulator/ChordLabUITests-Runner.app/PlugIns/ChordLabUITests.xctest/Info.plist /Users/stevenrichter/Library/Developer/Xcode/DerivedData/ChordLab-bxqicilqszggkqebhxvoucpemkpk/Build/Intermediates.noindex/ChordLab.build/Debug-iphonesimulator/ChordLabUITests.build/empty-ChordLabUITests.plist (in target 'ChordLabUITests' from project 'ChordLab')
    cd /Users/stevenrichter/Documents/repos/ChordLab
    builtin-infoPlistUtility /Users/stevenrichter/Library/Developer/Xcode/DerivedData/ChordLab-bxqicilqszggkqebhxvoucpemkpk/Build/Intermediates.noindex/ChordLab.build/Debug-iphonesimulator/ChordLabUITests.build/empty-ChordLabUITests.plist -producttype com.apple.product-type.bundle.ui-testing -expandbuildsettings -format binary -platform iphonesimulator -additionalcontentfile /Users/stevenrichter/Library/Developer/Xcode/DerivedData/ChordLab-bxqicilqszggkqebhxvoucpemkpk/Build/Intermediates.noindex/ChordLab.build/Debug-iphonesimulator/ChordLabUITests.build/ProductTypeInfoPlistAdditions.plist -o /Users/stevenrichter/Library/Developer/Xcode/DerivedData/ChordLab-bxqicilqszggkqebhxvoucpemkpk/Build/Products/Debug-iphonesimulator/ChordLabUITests-Runner.app/PlugIns/ChordLabUITests.xctest/Info.plist

CopySwiftLibs /Users/stevenrichter/Library/Developer/Xcode/DerivedData/ChordLab-bxqicilqszggkqebhxvoucpemkpk/Build/Products/Debug-iphonesimulator/ChordLabUITests-Runner.app/PlugIns/ChordLabUITests.xctest (in target 'ChordLabUITests' from project 'ChordLab')
    cd /Users/stevenrichter/Documents/repos/ChordLab
    builtin-swiftStdLibTool --copy --verbose --sign - --scan-executable /Users/stevenrichter/Library/Developer/Xcode/DerivedData/ChordLab-bxqicilqszggkqebhxvoucpemkpk/Build/Products/Debug-iphonesimulator/ChordLabUITests-Runner.app/PlugIns/ChordLabUITests.xctest/ChordLabUITests --scan-folder /Users/stevenrichter/Library/Developer/Xcode/DerivedData/ChordLab-bxqicilqszggkqebhxvoucpemkpk/Build/Products/Debug-iphonesimulator/ChordLabUITests-Runner.app/PlugIns/ChordLabUITests.xctest/Frameworks --scan-folder /Users/stevenrichter/Library/Developer/Xcode/DerivedData/ChordLab-bxqicilqszggkqebhxvoucpemkpk/Build/Products/Debug-iphonesimulator/ChordLabUITests-Runner.app/PlugIns/ChordLabUITests.xctest/PlugIns --scan-folder /Users/stevenrichter/Library/Developer/Xcode/DerivedData/ChordLab-bxqicilqszggkqebhxvoucpemkpk/Build/Products/Debug-iphonesimulator/ChordLabUITests-Runner.app/PlugIns/ChordLabUITests.xctest/SystemExtensions --scan-folder /Users/stevenrichter/Library/Developer/Xcode/DerivedData/ChordLab-bxqicilqszggkqebhxvoucpemkpk/Build/Products/Debug-iphonesimulator/ChordLabUITests-Runner.app/PlugIns/ChordLabUITests.xctest/Extensions --platform iphonesimulator --toolchain /Applications/Xcode.app/Contents/Developer/Toolchains/XcodeDefault.xctoolchain --destination /Users/stevenrichter/Library/Developer/Xcode/DerivedData/ChordLab-bxqicilqszggkqebhxvoucpemkpk/Build/Products/Debug-iphonesimulator/ChordLabUITests-Runner.app/PlugIns/ChordLabUITests.xctest/Frameworks --strip-bitcode --scan-executable /Applications/Xcode.app/Contents/Developer/Platforms/iPhoneSimulator.platform/Developer/usr/lib/libXCTestSwiftSupport.dylib --strip-bitcode-tool /Applications/Xcode.app/Contents/Developer/Toolchains/XcodeDefault.xctoolchain/usr/bin/bitcode_strip --emit-dependency-info /Users/stevenrichter/Library/Developer/Xcode/DerivedData/ChordLab-bxqicilqszggkqebhxvoucpemkpk/Build/Intermediates.noindex/ChordLab.build/Debug-iphonesimulator/ChordLabUITests.build/SwiftStdLibToolInputDependencies.dep --filter-for-swift-os

2025-06-15 17:06:04.672 xcodebuild[4068:62638] [MT] IDETestOperationsObserverDebug: 103.513 elapsed -- Testing started completed.
2025-06-15 17:06:04.688 xcodebuild[4068:62638] [MT] IDETestOperationsObserverDebug: 0.000 sec, +0.000 sec -- start
2025-06-15 17:06:04.688 xcodebuild[4068:62638] [MT] IDETestOperationsObserverDebug: 103.513 sec, +103.513 sec -- end

Test session results, code coverage, and logs:
	/Users/stevenrichter/Documents/repos/ChordLab/test_results.xcresult

Failing tests:
	AudioEngineTests.testMIDINoteConversion()
	AudioEngineTests.testMIDINoteConversion()
	AudioEngineTests.testMIDINoteConversion()
	AudioEngineTests.testMIDINoteConversion()
	AudioEngineTests.testMIDINoteConversion()
	TheoryEngineTests.testAnalyzeBorrowedChords()
	TheoryEngineTests.testAnalyzeBorrowedChords()
	TheoryEngineTests.testAnalyzeBorrowedChords()
	TheoryEngineTests.testAnalyzeCommonProgressionPatterns()
	TheoryEngineTests.testAnalyzeCommonProgressionPatterns()
	TheoryEngineTests.testAnalyzeCommonProgressionPatterns()
	TheoryEngineTests.testAnalyzeCommonProgressionPatterns()
	TheoryEngineTests.testAnalyzeSecondaryDominants()
	TheoryEngineTests.testAnalyzeSecondaryDominants()
	TheoryEngineTests.testAnalyzeSecondaryDominants()
	TheoryEngineTests.testAnalyzeSecondaryDominants()
	TheoryEngineTests.testAnalyzeSecondaryDominants()
	TheoryEngineTests.testAnalyzeSecondaryDominants()
	TheoryEngineTests.testAnalyzeSecondaryDominants()
	TheoryEngineTests.testAnalyzeSecondaryDominants()
	TheoryEngineTests.testAnalyzeSecondaryDominants()
	TheoryEngineTests.testAnalyzeSecondaryDominants()
	TheoryEngineTests.testChordSuggestionsAfterTonic()
	TheoryEngineTests.testChordSuggestionsAfterTonic()
	TheoryEngineTests.testChordSuggestionsWithLimit()
	TheoryEngineTests.testChordSuggestionsWithLimit()
	TheoryEngineTests.testChordSuggestionsWithLimit()
	TheoryEngineTests.testGenerateDiatonicChordsAllQualities()
	TheoryEngineTests.testGenerateDiatonicChordsAllQualities()
	TheoryEngineTests.testGenerateSeventhChordsAllQualities()
	TheoryEngineTests.testGetScaleForAllMajorKeys()
	TheoryEngineTests.testGetScaleForAllMajorKeys()
	TheoryEngineTests.testGetScaleForAllMajorKeys()
	TheoryEngineTests.testGetScaleForAllMajorKeys()
	TheoryEngineTests.testGetScaleForAllMajorKeys()
	TheoryEngineTests.testGetScaleForAllMajorKeys()
	TheoryEngineTests.testGetScaleForAllMajorKeys()
	TheoryEngineTests.testGetScaleForAllMajorKeys()
	TheoryEngineTests.testGetScaleForAllMajorKeys()
	TheoryEngineTests.testGetScaleForAllMajorKeys()
	TheoryEngineTests.testGetScaleForAllMajorKeys()
	TheoryEngineTests.testGetScaleForAllMajorKeys()
	TheoryEngineTests.testGetScaleForAllMajorKeys()
	TheoryEngineTests.testGetScaleForAllMajorKeys()
	TheoryEngineTests.testGetScaleForAllMajorKeys()
	TheoryEngineTests.testGetScaleForAllMajorKeys()
	TheoryEngineTests.testGetScaleForAllMinorKeys()
	TheoryEngineTests.testGetScaleForAllMinorKeys()
	TheoryEngineTests.testGetScaleForAllMinorKeys()
	TheoryEngineTests.testGetScaleForAllMinorKeys()
	TheoryEngineTests.testGetScaleForAllMinorKeys()
	TheoryEngineTests.testGetScaleForAllMinorKeys()
	TheoryEngineTests.testGetScaleForAllMinorKeys()
	TheoryEngineTests.testGetScaleForAllMinorKeys()
	TheoryEngineTests.testGetScaleForAllMinorKeys()
	TheoryEngineTests.testGetScaleForAllMinorKeys()
	TheoryEngineTests.testGetScaleForAllMinorKeys()
	TheoryEngineTests.testGetScaleForAllMinorKeys()
	TheoryEngineTests.testGetScaleForAllMinorKeys()
	TheoryEngineTests.testGetScaleForAllMinorKeys()
	TheoryEngineTests.testGetScaleForAllMinorKeys()
	TheoryEngineTests.testGetScaleForAllMinorKeys()
	TheoryEngineTests.testGetScaleForAllMinorKeys()
	TheoryEngineTests.testModalScales()
	TheoryEngineTests.testVoiceLeadingSmoothness()
	TheoryEngineTests.testVoiceLeadingSmoothness()
	TheoryEngineTests.testVoiceLeadingSmoothness()
	TheoryEngineTests.testVoiceLeadingSmoothness()
	TheoryEngineTests.testVoiceLeadingSmoothness()
	TheoryEngineTests.testVoiceLeadingSmoothness()

** TEST FAILED **

Testing started
Test suite 'SwiftDataIntegrationTests' started on 'Clone 1 of iPhone 15 - ChordLab (4457)'
Test case 'SwiftDataIntegrationTests.testAchievementPersistence()' passed on 'Clone 1 of iPhone 15 - ChordLab (4457)' (0.008 seconds)
Test case 'SwiftDataIntegrationTests.testAchievementsByCategory()' passed on 'Clone 1 of iPhone 15 - ChordLab (4457)' (0.005 seconds)
Test case 'SwiftDataIntegrationTests.testAchievementUnlocking()' passed on 'Clone 1 of iPhone 15 - ChordLab (4457)' (0.005 seconds)
Test case 'SwiftDataIntegrationTests.testChordHistoryFavorites()' passed on 'Clone 1 of iPhone 15 - ChordLab (4457)' (0.005 seconds)
Test case 'SwiftDataIntegrationTests.testChordHistoryPersistence()' passed on 'Clone 1 of iPhone 15 - ChordLab (4457)' (0.005 seconds)
Test case 'SwiftDataIntegrationTests.testChordHistoryPlayCount()' passed on 'Clone 1 of iPhone 15 - ChordLab (4457)' (0.004 seconds)
Test case 'SwiftDataIntegrationTests.testModelDeletion()' passed on 'Clone 1 of iPhone 15 - ChordLab (4457)' (0.060 seconds)
Test case 'SwiftDataIntegrationTests.testMultipleModelInteraction()' passed on 'Clone 1 of iPhone 15 - ChordLab (4457)' (0.007 seconds)
Test case 'SwiftDataIntegrationTests.testPracticeSessionPersistence()' passed on 'Clone 1 of iPhone 15 - ChordLab (4457)' (0.005 seconds)
Test case 'SwiftDataIntegrationTests.testPracticeSessionsByMode()' passed on 'Clone 1 of iPhone 15 - ChordLab (4457)' (0.005 seconds)
Test case 'SwiftDataIntegrationTests.testSavedProgressionPersistence()' passed on 'Clone 1 of iPhone 15 - ChordLab (4457)' (0.004 seconds)
Test case 'SwiftDataIntegrationTests.testSavedProgressionSorting()' passed on 'Clone 1 of iPhone 15 - ChordLab (4457)' (0.106 seconds)
Test case 'SwiftDataIntegrationTests.testUserDataPersistence()' passed on 'Clone 1 of iPhone 15 - ChordLab (4457)' (0.004 seconds)
Test case 'SwiftDataIntegrationTests.testUserDataUpdate()' passed on 'Clone 1 of iPhone 15 - ChordLab (4457)' (0.004 seconds)
Test suite 'AudioEngineTests' started on 'Clone 1 of iPhone 15 - ChordLab (4457)'
Test case 'AudioEngineTests.testAudioEngineInitialization()' passed on 'Clone 1 of iPhone 15 - ChordLab (4457)' (0.017 seconds)
Test case 'AudioEngineTests.testAudioEngineNodesConnected()' passed on 'Clone 1 of iPhone 15 - ChordLab (4457)' (0.522 seconds)
Test case 'AudioEngineTests.testChangeReverbPreset()' passed on 'Clone 1 of iPhone 15 - ChordLab (4457)' (0.021 seconds)
Test case 'AudioEngineTests.testEngineResetDoesNotLeak()' passed on 'Clone 1 of iPhone 15 - ChordLab (4457)' (0.117 seconds)
Test case 'AudioEngineTests.testEngineRestartAfterStop()' passed on 'Clone 1 of iPhone 15 - ChordLab (4457)' (0.031 seconds)
Test case 'AudioEngineTests.testLoadSoundFontFile()' passed on 'Clone 1 of iPhone 15 - ChordLab (4457)' (0.011 seconds)
Test case 'AudioEngineTests.testMemoryLeaksOnRepeatedPlayback()' passed on 'Clone 1 of iPhone 15 - ChordLab (4457)' (0.022 seconds)
Test case 'AudioEngineTests.testMIDINoteConversion()' failed on 'Clone 1 of iPhone 15 - ChordLab (4457)' (0.340 seconds)
Test case 'AudioEngineTests.testPlayChord()' passed on 'Clone 1 of iPhone 15 - ChordLab (4457)' (0.010 seconds)
Test case 'AudioEngineTests.testPlayChordTypes()' passed on 'Clone 1 of iPhone 15 - ChordLab (4457)' (0.010 seconds)
Test case 'AudioEngineTests.testPlayChordWithDuration()' passed on 'Clone 1 of iPhone 15 - ChordLab (4457)' (0.011 seconds)
Test case 'AudioEngineTests.testPlayMultipleNotes()' passed on 'Clone 1 of iPhone 15 - ChordLab (4457)' (0.011 seconds)
Test case 'AudioEngineTests.testPlayNoteWhileEngineStopped()' passed on 'Clone 1 of iPhone 15 - ChordLab (4457)' (0.021 seconds)
Test case 'AudioEngineTests.testPlayNoteWithVelocity()' passed on 'Clone 1 of iPhone 15 - ChordLab (4457)' (0.011 seconds)
Test case 'AudioEngineTests.testPlaySingleNote()' passed on 'Clone 1 of iPhone 15 - ChordLab (4457)' (0.011 seconds)
Test case 'AudioEngineTests.testRapidNotePlayback()' passed on 'Clone 1 of iPhone 15 - ChordLab (4457)' (0.021 seconds)
Test case 'AudioEngineTests.testReverbSettings()' passed on 'Clone 1 of iPhone 15 - ChordLab (4457)' (0.022 seconds)
Test case 'AudioEngineTests.testSetTempo()' passed on 'Clone 1 of iPhone 15 - ChordLab (4457)' (0.020 seconds)
Test case 'AudioEngineTests.testSimultaneousChords()' passed on 'Clone 1 of iPhone 15 - ChordLab (4457)' (0.010 seconds)
Test case 'AudioEngineTests.testStartStopEngine()' passed on 'Clone 1 of iPhone 15 - ChordLab (4457)' (0.021 seconds)
Test case 'AudioEngineTests.testStopAllNotes()' passed on 'Clone 1 of iPhone 15 - ChordLab (4457)' (0.022 seconds)
Test case 'AudioEngineTests.testTempoEdgeCases()' passed on 'Clone 1 of iPhone 15 - ChordLab (4457)' (0.021 seconds)
Test suite 'DataManagerTests' started on 'Clone 1 of iPhone 15 - ChordLab (4457)'
Test case 'DataManagerTests.testAddChordToHistory()' passed on 'Clone 1 of iPhone 15 - ChordLab (4457)' (0.007 seconds)
Test case 'DataManagerTests.testCalculatePracticeStreak()' passed on 'Clone 1 of iPhone 15 - ChordLab (4457)' (0.006 seconds)
Test case 'DataManagerTests.testClearAllData()' passed on 'Clone 1 of iPhone 15 - ChordLab (4457)' (0.011 seconds)
Test case 'DataManagerTests.testDataManagerInitialization()' passed on 'Clone 1 of iPhone 15 - ChordLab (4457)' (0.008 seconds)
Test case 'DataManagerTests.testDeleteProgression()' passed on 'Clone 1 of iPhone 15 - ChordLab (4457)' (0.008 seconds)
Test case 'DataManagerTests.testGetAllAchievements()' passed on 'Clone 1 of iPhone 15 - ChordLab (4457)' (0.014 seconds)
Test case 'DataManagerTests.testGetFavoriteChords()' passed on 'Clone 1 of iPhone 15 - ChordLab (4457)' (0.010 seconds)
Test case 'DataManagerTests.testGetOrCreateUserData()' passed on 'Clone 1 of iPhone 15 - ChordLab (4457)' (0.007 seconds)
Test case 'DataManagerTests.testGetPracticeSessionsByMode()' passed on 'Clone 1 of iPhone 15 - ChordLab (4457)' (0.038 seconds)
Test case 'DataManagerTests.testGetPracticeStatistics()' passed on 'Clone 1 of iPhone 15 - ChordLab (4457)' (0.011 seconds)
Test case 'DataManagerTests.testGetRecentChordsLimit()' passed on 'Clone 1 of iPhone 15 - ChordLab (4457)' (0.143 seconds)
Test case 'DataManagerTests.testGetUnlockedAchievements()' passed on 'Clone 1 of iPhone 15 - ChordLab (4457)' (0.018 seconds)
Test case 'DataManagerTests.testHandleInvalidData()' passed on 'Clone 1 of iPhone 15 - ChordLab (4457)' (0.008 seconds)
Test case 'DataManagerTests.testInMemoryConfiguration()' passed on 'Clone 1 of iPhone 15 - ChordLab (4457)' (0.006 seconds)
Test case 'DataManagerTests.testSavePracticeSession()' passed on 'Clone 1 of iPhone 15 - ChordLab (4457)' (0.007 seconds)
Test case 'DataManagerTests.testSaveProgression()' passed on 'Clone 1 of iPhone 15 - ChordLab (4457)' (0.008 seconds)
Test case 'DataManagerTests.testToggleChordFavorite()' passed on 'Clone 1 of iPhone 15 - ChordLab (4457)' (0.007 seconds)
Test case 'DataManagerTests.testUpdateAchievementProgress()' passed on 'Clone 1 of iPhone 15 - ChordLab (4457)' (0.008 seconds)
Test case 'DataManagerTests.testUpdateProgression()' passed on 'Clone 1 of iPhone 15 - ChordLab (4457)' (0.008 seconds)
Test case 'DataManagerTests.testUpdateUserData()' passed on 'Clone 1 of iPhone 15 - ChordLab (4457)' (0.006 seconds)
Test suite 'TheoryEngineTests' started on 'Clone 1 of iPhone 15 - ChordLab (4457)'
Test case 'TheoryEngineTests.testAnalyzeAllDiatonicChords()' passed on 'Clone 1 of iPhone 15 - ChordLab (4457)' (0.009 seconds)
Test case 'TheoryEngineTests.testAnalyzeBorrowedChords()' failed on 'Clone 1 of iPhone 15 - ChordLab (4457)' (0.025 seconds)
Test case 'TheoryEngineTests.testAnalyzeCommonProgressionPatterns()' failed on 'Clone 1 of iPhone 15 - ChordLab (4457)' (0.120 seconds)
Test case 'TheoryEngineTests.testAnalyzeSecondaryDominants()' failed on 'Clone 1 of iPhone 15 - ChordLab (4457)' (0.032 seconds)
Test case 'TheoryEngineTests.testChordSuggestionsAfterTonic()' failed on 'Clone 1 of iPhone 15 - ChordLab (4457)' (0.002 seconds)
Test case 'TheoryEngineTests.testChordSuggestionsWithLimit()' failed on 'Clone 1 of iPhone 15 - ChordLab (4457)' (0.003 seconds)
Test case 'TheoryEngineTests.testEmptyProgressionAnalysis()' passed on 'Clone 1 of iPhone 15 - ChordLab (4457)' (0.000 seconds)
Test case 'TheoryEngineTests.testGenerateDiatonicChordsAllQualities()' failed on 'Clone 1 of iPhone 15 - ChordLab (4457)' (0.002 seconds)
Test case 'TheoryEngineTests.testGenerateSeventhChordsAllQualities()' failed on 'Clone 1 of iPhone 15 - ChordLab (4457)' (0.001 seconds)
Test case 'TheoryEngineTests.testGetScaleDegreesAllNotes()' passed on 'Clone 1 of iPhone 15 - ChordLab (4457)' (0.025 seconds)
Test case 'TheoryEngineTests.testGetScaleForAllMajorKeys()' failed on 'Clone 1 of iPhone 15 - ChordLab (4457)' (0.236 seconds)
Test case 'TheoryEngineTests.testGetScaleForAllMinorKeys()' failed on 'Clone 1 of iPhone 15 - ChordLab (4457)' (0.199 seconds)
Test case 'TheoryEngineTests.testInvalidChordAnalysis()' passed on 'Clone 1 of iPhone 15 - ChordLab (4457)' (0.000 seconds)
Test case 'TheoryEngineTests.testKeyChangeResetsSelectedChord()' passed on 'Clone 1 of iPhone 15 - ChordLab (4457)' (0.001 seconds)
Test case 'TheoryEngineTests.testModalScales()' failed on 'Clone 1 of iPhone 15 - ChordLab (4457)' (0.009 seconds)
Test case 'TheoryEngineTests.testProgressionRomanNumeralAnalysis()' passed on 'Clone 1 of iPhone 15 - ChordLab (4457)' (0.000 seconds)
Test case 'TheoryEngineTests.testVoiceLeadingCommonTones()' passed on 'Clone 1 of iPhone 15 - ChordLab (4457)' (0.002 seconds)
Test case 'TheoryEngineTests.testVoiceLeadingSmoothness()' failed on 'Clone 1 of iPhone 15 - ChordLab (4457)' (0.512 seconds)
Test suite 'AchievementTests' started on 'Clone 1 of iPhone 15 - ChordLab (4457)'
Test case 'AchievementTests.testAchievementCategoryEnumeration()' passed on 'Clone 1 of iPhone 15 - ChordLab (4457)' (0.001 seconds)
Test case 'AchievementTests.testAchievementInitialization()' passed on 'Clone 1 of iPhone 15 - ChordLab (4457)' (0.002 seconds)
Test case 'AchievementTests.testProgressPercentageCalculation()' passed on 'Clone 1 of iPhone 15 - ChordLab (4457)' (0.001 seconds)
Test case 'AchievementTests.testUnlockAchievement()' passed on 'Clone 1 of iPhone 15 - ChordLab (4457)' (0.001 seconds)
Test case 'AchievementTests.testUpdateProgressDoesNotExceedTarget()' passed on 'Clone 1 of iPhone 15 - ChordLab (4457)' (0.085 seconds)
Test case 'AchievementTests.testUpdateProgressWithAutoUnlock()' passed on 'Clone 1 of iPhone 15 - ChordLab (4457)' (0.001 seconds)
Test case 'AchievementTests.testUpdateProgressWithoutUnlocking()' passed on 'Clone 1 of iPhone 15 - ChordLab (4457)' (0.001 seconds)
Test case 'AchievementTests.testZeroTargetValueHandling()' passed on 'Clone 1 of iPhone 15 - ChordLab (4457)' (0.001 seconds)
Test suite 'PracticeSessionTests' started on 'Clone 1 of iPhone 15 - ChordLab (4457)'
Test case 'PracticeSessionTests.testAccuracyCalculation()' passed on 'Clone 1 of iPhone 15 - ChordLab (4457)' (0.001 seconds)
Test case 'PracticeSessionTests.testAccuracyEdgeCases()' passed on 'Clone 1 of iPhone 15 - ChordLab (4457)' (0.001 seconds)
Test case 'PracticeSessionTests.testPracticeDifficultyEnumeration()' passed on 'Clone 1 of iPhone 15 - ChordLab (4457)' (0.000 seconds)
Test case 'PracticeSessionTests.testPracticeModeEnumeration()' passed on 'Clone 1 of iPhone 15 - ChordLab (4457)' (0.000 seconds)
Test case 'PracticeSessionTests.testPracticeSessionInitialization()' passed on 'Clone 1 of iPhone 15 - ChordLab (4457)' (0.083 seconds)
Test suite 'ChordLabTests' started on 'Clone 1 of iPhone 15 - ChordLab (4457)'
Test case 'ChordLabTests/example()' passed on 'Clone 1 of iPhone 15 - ChordLab (4457)' (0.000 seconds)
